[2026-08-27 15:11:10 PP0 ATTN_CP7 TP7 EP7] [PP-OUTPUT-DEBUG] p2p work wait begin: pp_rank=0 tp_rank=0 cp_rank=7 work_index=3 work_count=4 payload=Tensor(shape=(2048, 6144),dtype=torch.bfloat16,device=npu:7) backend_work_type=Work work_ready=True
[2026-08-27 15:11:10 PP0 ATTN_CP4 TP4 EP4] [PP-OUTPUT-DEBUG] p2p work wait end: pp_rank=0 tp_rank=0 cp_rank=4 work_index=1 work_count=4
[2026-08-27 15:11:10 PP0 ATTN_CP1 TP1 EP1] [PP-OUTPUT-DEBUG] p2p work wait end: pp_rank=0 tp_rank=0 cp_rank=1 work_index=2 work_count=4
[2026-08-27 15:11:10 PP0 ATTN_CP3 TP3 EP3] [PP-OUTPUT-DEBUG] p2p work wait begin: pp_rank=0 tp_rank=0 cp_rank=3 work_index=2 work_count=4 payload=Tensor(shape=(2048, 6144),dtype=torch.bfloat16,device=npu:3) backend_work_type=Work work_ready=True
[2026-08-27 15:11:10 PP0 ATTN_CP0 TP0 EP0] [PP-OUTPUT-DEBUG] p2p work wait end: pp_rank=0 tp_rank=0 cp_rank=0 work_index=2 work_count=4
[2026-08-27 15:11:10 PP0 ATTN_CP6 TP6 EP6] [PP-OUTPUT-DEBUG] p2p work wait end: pp_rank=0 tp_rank=0 cp_rank=6 work_index=1 work_count=4
[2026-08-27 15:11:10 PP0 ATTN_CP2 TP2 EP2] [PP-OUTPUT-DEBUG] p2p work wait begin: pp_rank=0 tp_rank=0 cp_rank=2 work_index=3 work_count=4 payload=Tensor(shape=(2048, 6144),dtype=torch.bfloat16,device=npu:2) backend_work_type=Work work_ready=True
[2026-08-27 15:11:10 PP0 ATTN_CP7 TP7 EP7] [PP-OUTPUT-DEBUG] p2p work wait end: pp_rank=0 tp_rank=0 cp_rank=7 work_index=3 work_count=4
[2026-08-27 15:11:10 PP0 ATTN_CP1 TP1 EP1] [PP-OUTPUT-DEBUG] p2p work wait begin: pp_rank=0 tp_rank=0 cp_rank=1 work_index=3 work_count=4 payload=Tensor(shape=(2048, 6144),dtype=torch.bfloat16,device=npu:1) backend_work_type=Work work_ready=True
[2026-08-27 15:11:10 PP0 ATTN_CP4 TP4 EP4] [PP-OUTPUT-DEBUG] p2p work wait begin: pp_rank=0 tp_rank=0 cp_rank=4 work_index=2 work_count=4 payload=Tensor(shape=(2048, 6144),dtype=torch.bfloat16,device=npu:4) backend_work_type=Work work_ready=True
[2026-08-27 15:11:10 PP0 ATTN_CP3 TP3 EP3] [PP-OUTPUT-DEBUG] p2p work wait end: pp_rank=0 tp_rank=0 cp_rank=3 work_index=2 work_count=4
[2026-08-27 15:11:10 PP0 ATTN_CP0 TP0 EP0] [PP-OUTPUT-DEBUG] p2p work wait begin: pp_rank=0 tp_rank=0 cp_rank=0 work_index=3 work_count=4 payload=Tensor(shape=(2048, 6144),dtype=torch.bfloat16,device=npu:0) backend_work_type=Work work_ready=True
[2026-08-27 15:11:10 PP0 ATTN_CP6 TP6 EP6] [PP-OUTPUT-DEBUG] p2p work wait begin: pp_rank=0 tp_rank=0 cp_rank=6 work_index=2 work_count=4 payload=Tensor(shape=(2048, 6144),dtype=torch.bfloat16,device=npu:6) backend_work_type=Work work_ready=True
[2026-08-27 15:11:10 PP0 ATTN_CP2 TP2 EP2] [PP-OUTPUT-DEBUG] p2p work wait end: pp_rank=0 tp_rank=0 cp_rank=2 work_index=3 work_count=4
[2026-08-27 15:11:10 PP0 ATTN_CP1 TP1 EP1] [PP-OUTPUT-DEBUG] p2p work wait end: pp_rank=0 tp_rank=0 cp_rank=1 work_index=3 work_count=4
[2026-08-27 15:11:10 PP0 ATTN_CP3 TP3 EP3] [PP-OUTPUT-DEBUG] p2p work wait begin: pp_rank=0 tp_rank=0 cp_rank=3 work_index=3 work_count=4 payload=Tensor(shape=(2048, 6144),dtype=torch.bfloat16,device=npu:3) backend_work_type=Work work_ready=True
[2026-08-27 15:11:10 PP0 ATTN_CP0 TP0 EP0] [PP-OUTPUT-DEBUG] p2p work wait end: pp_rank=0 tp_rank=0 cp_rank=0 work_index=3 work_count=4
[2026-08-27 15:11:10 PP0 ATTN_CP4 TP4 EP4] [PP-OUTPUT-DEBUG] p2p work wait end: pp_rank=0 tp_rank=0 cp_rank=4 work_index=2 work_count=4
[2026-08-27 15:11:10 PP0 ATTN_CP6 TP6 EP6] [PP-OUTPUT-DEBUG] p2p work wait end: pp_rank=0 tp_rank=0 cp_rank=6 work_index=2 work_count=4
[2026-08-27 15:11:10 PP0 ATTN_CP3 TP3 EP3] [PP-OUTPUT-DEBUG] p2p work wait end: pp_rank=0 tp_rank=0 cp_rank=3 work_index=3 work_count=4
[2026-08-27 15:11:10 PP0 ATTN_CP4 TP4 EP4] [PP-OUTPUT-DEBUG] p2p work wait begin: pp_rank=0 tp_rank=0 cp_rank=4 work_index=3 work_count=4 payload=Tensor(shape=(2048, 6144),dtype=torch.bfloat16,device=npu:4) backend_work_type=Work work_ready=True
[2026-08-27 15:11:10 PP0 ATTN_CP6 TP6 EP6] [PP-OUTPUT-DEBUG] p2p work wait begin: pp_rank=0 tp_rank=0 cp_rank=6 work_index=3 work_count=4 payload=Tensor(shape=(2048, 6144),dtype=torch.bfloat16,device=npu:6) backend_work_type=Work work_ready=True
[2026-08-27 15:11:10 PP0 ATTN_CP4 TP4 EP4] [PP-OUTPUT-DEBUG] p2p work wait end: pp_rank=0 tp_rank=0 cp_rank=4 work_index=3 work_count=4
[2026-08-27 15:11:10 PP0 ATTN_CP6 TP6 EP6] [PP-OUTPUT-DEBUG] p2p work wait end: pp_rank=0 tp_rank=0 cp_rank=6 work_index=3 work_count=4
[2026-08-27 15:11:10 PP0 ATTN_CP0 TP0 EP0] [PP-OUTPUT-DEBUG] d2h sync begin: pp_rank=0 tp_rank=0 cp_rank=0 mb_id=3 next_mb_id=0 event=<torch_npu.npu.Event 0xaaab1b1dd6c8> event_ready=True schedule_stream=<torch_npu.npu.Stream device=npu:0 npu_stream=0xaaab164374c8> schedule_ready=True copy_stream=<torch_npu.npu.Stream device=npu:0 npu_stream=0xaaab163132b8> copy_ready=True pending_output_work=0
[2026-08-27 15:11:10 PP0 ATTN_CP0 TP0 EP0] [PP-OUTPUT-DEBUG] d2h sync end: pp_rank=0 tp_rank=0 cp_rank=0 mb_id=3 next_mb_id=0
[2026-08-27 15:11:10 PP0 ATTN_CP0 TP0 EP0] Prefill batch, #new-seq: 1, #new-token: 16384, #cached-token: 0, token usage: 0.35, #running-req: 0, #queue-req: 10, #pending-token: 1100792, npu graph: False, input throughput (token/s): 34001.07
[2026-08-27 15:11:10 PP0 ATTN_CP1 TP1 EP1] [PP-OUTPUT-DEBUG] d2h sync begin: pp_rank=0 tp_rank=0 cp_rank=1 mb_id=3 next_mb_id=0 event=<torch_npu.npu.Event 0xaaaaf9a03438> event_ready=True schedule_stream=<torch_npu.npu.Stream device=npu:1 npu_stream=0xaaaaf0922068> schedule_ready=True copy_stream=<torch_npu.npu.Stream device=npu:1 npu_stream=0xaaaaf07fde58> copy_ready=True pending_output_work=0
[2026-08-27 15:11:10 PP0 ATTN_CP7 TP7 EP7] [PP-OUTPUT-DEBUG] d2h sync begin: pp_rank=0 tp_rank=0 cp_rank=7 mb_id=3 next_mb_id=0 event=<torch_npu.npu.Event 0xaaab300b8048> event_ready=True schedule_stream=<torch_npu.npu.Stream device=npu:7 npu_stream=0xaaab28af8468> schedule_ready=True copy_stream=<torch_npu.npu.Stream device=npu:7 npu_stream=0xaaab289d4258> copy_ready=True pending_output_work=0
[2026-08-27 15:11:10 PP0 ATTN_CP4 TP4 EP4] [PP-OUTPUT-DEBUG] d2h sync begin: pp_rank=0 tp_rank=0 cp_rank=4 mb_id=3 next_mb_id=0 event=<torch_npu.npu.Event 0xaaab0d869848> event_ready=True schedule_stream=<torch_npu.npu.Stream device=npu:4 npu_stream=0xaaab045cbec8> schedule_ready=True copy_stream=<torch_npu.npu.Stream device=npu:4 npu_stream=0xaaab044a7cb8> copy_ready=True pending_output_work=0
[2026-08-27 15:11:10 PP0 ATTN_CP5 TP5 EP5] [PP-OUTPUT-DEBUG] d2h sync begin: pp_rank=0 tp_rank=0 cp_rank=5 mb_id=3 next_mb_id=0 event=<torch_npu.npu.Event 0xaaab1e3e1988> event_ready=True schedule_stream=<torch_npu.npu.Stream device=npu:5 npu_stream=0xaaab1220db28> schedule_ready=True copy_stream=<torch_npu.npu.Stream device=npu:5 npu_stream=0xaaab120e9918> copy_ready=True pending_output_work=0
[2026-08-27 15:11:10 PP0 ATTN_CP1 TP1 EP1] [PP-OUTPUT-DEBUG] d2h sync end: pp_rank=0 tp_rank=0 cp_rank=1 mb_id=3 next_mb_id=0
[2026-08-27 15:11:10 PP0 ATTN_CP2 TP2 EP2] [PP-OUTPUT-DEBUG] d2h sync begin: pp_rank=0 tp_rank=0 cp_rank=2 mb_id=3 next_mb_id=0 event=<torch_npu.npu.Event 0xaaaaffdb0758> event_ready=True schedule_stream=<torch_npu.npu.Stream device=npu:2 npu_stream=0xaaaaf3efae08> schedule_ready=True copy_stream=<torch_npu.npu.Stream device=npu:2 npu_stream=0xaaaaf3dd6bf8> copy_ready=True pending_output_work=0
[2026-08-27 15:11:10 PP0 ATTN_CP7 TP7 EP7] [PP-OUTPUT-DEBUG] d2h sync end: pp_rank=0 tp_rank=0 cp_rank=7 mb_id=3 next_mb_id=0
[2026-08-27 15:11:10 PP0 ATTN_CP4 TP4 EP4] [PP-OUTPUT-DEBUG] d2h sync end: pp_rank=0 tp_rank=0 cp_rank=4 mb_id=3 next_mb_id=0
[2026-08-27 15:11:10 PP0 ATTN_CP5 TP5 EP5] [PP-OUTPUT-DEBUG] d2h sync end: pp_rank=0 tp_rank=0 cp_rank=5 mb_id=3 next_mb_id=0
[2026-08-27 15:11:10 PP0 ATTN_CP6 TP6 EP6] [PP-OUTPUT-DEBUG] d2h sync begin: pp_rank=0 tp_rank=0 cp_rank=6 mb_id=3 next_mb_id=0 event=<torch_npu.npu.Event 0xaaab54b0f898> event_ready=True schedule_stream=<torch_npu.npu.Stream device=npu:6 npu_stream=0xaaab4eca9db8> schedule_ready=True copy_stream=<torch_npu.npu.Stream device=npu:6 npu_stream=0xaaab4eb85ba8> copy_ready=True pending_output_work=0
[2026-08-27 15:11:10 PP0 ATTN_CP2 TP2 EP2] [PP-OUTPUT-DEBUG] d2h sync end: pp_rank=0 tp_rank=0 cp_rank=2 mb_id=3 next_mb_id=0
[2026-08-27 15:11:10 PP0 ATTN_CP3 TP3 EP3] [PP-OUTPUT-DEBUG] d2h sync begin: pp_rank=0 tp_rank=0 cp_rank=3 mb_id=3 next_mb_id=0 event=<torch_npu.npu.Event 0xaaab00a02ca8> event_ready=True schedule_stream=<torch_npu.npu.Stream device=npu:3 npu_stream=0xaaaaf75dbea8> schedule_ready=True copy_stream=<torch_npu.npu.Stream device=npu:3 npu_stream=0xaaaaf74b7c98> copy_ready=True pending_output_work=0
[2026-08-27 15:11:10 PP0 ATTN_CP6 TP6 EP6] [PP-OUTPUT-DEBUG] d2h sync end: pp_rank=0 tp_rank=0 cp_rank=6 mb_id=3 next_mb_id=0
[2026-08-27 15:11:10 PP0 ATTN_CP3 TP3 EP3] [PP-OUTPUT-DEBUG] d2h sync end: pp_rank=0 tp_rank=0 cp_rank=3 mb_id=3 next_mb_id=0
[2026-08-27 15:11:10 PP0 ATTN_CP1 TP1 EP1] Prefill batch, #new-seq: 1, #new-token: 16384, #cached-token: 0, token usage: 0.35, #running-req: 0, #queue-req: 10, #pending-token: 1100792, npu graph: False, input throughput (token/s): 34015.16
[2026-08-27 15:11:10 PP0 ATTN_CP5 TP5 EP5] Prefill batch, #new-seq: 1, #new-token: 16384, #cached-token: 0, token usage: 0.35, #running-req: 0, #queue-req: 10, #pending-token: 1100792, npu graph: False, input throughput (token/s): 34011.12
[2026-08-27 15:11:10 PP0 ATTN_CP7 TP7 EP7] Prefill batch, #new-seq: 1, #new-token: 16384, #cached-token: 0, token usage: 0.35, #running-req: 0, #queue-req: 10, #pending-token: 1100792, npu graph: False, input throughput (token/s): 34496.43
[2026-08-27 15:11:10 PP0 ATTN_CP4 TP4 EP4] Prefill batch, #new-seq: 1, #new-token: 16384, #cached-token: 0, token usage: 0.35, #running-req: 0, #queue-req: 10, #pending-token: 1100792, npu graph: False, input throughput (token/s): 34009.95
[2026-08-27 15:11:10 PP0 ATTN_CP2 TP2 EP2] Prefill batch, #new-seq: 1, #new-token: 16384, #cached-token: 0, token usage: 0.35, #running-req: 0, #queue-req: 10, #pending-token: 1100792, npu graph: False, input throughput (token/s): 34229.11
[2026-08-27 15:11:10 PP0 ATTN_CP6 TP6 EP6] Prefill batch, #new-seq: 1, #new-token: 16384, #cached-token: 0, token usage: 0.35, #running-req: 0, #queue-req: 10, #pending-token: 1100792, npu graph: False, input throughput (token/s): 34002.65
[2026-08-27 15:11:10 PP0 ATTN_CP3 TP3 EP3] Prefill batch, #new-seq: 1, #new-token: 16384, #cached-token: 0, token usage: 0.35, #running-req: 0, #queue-req: 10, #pending-token: 1100792, npu graph: False, input throughput (token/s): 34008.30
[2026-08-27 15:11:10 PP0 ATTN_CP0 TP0 EP0] [PP-OUTPUT-DEBUG] p2p work wait begin: pp_rank=0 tp_rank=0 cp_rank=0 work_index=0 work_count=2 payload=Tensor(shape=(1,),dtype=torch.int64,device=cpu) backend_work_type=Work work_ready=False
[2026-08-27 15:11:10 PP0 ATTN_CP0 TP0 EP0] [PP-OUTPUT-DEBUG] p2p work wait end: pp_rank=0 tp_rank=0 cp_rank=0 work_index=0 work_count=2
[2026-08-27 15:11:10 PP0 ATTN_CP0 TP0 EP0] [PP-OUTPUT-DEBUG] p2p work wait begin: pp_rank=0 tp_rank=0 cp_rank=0 work_index=1 work_count=2 payload=Tensor(shape=(2099065,),dtype=torch.uint8,device=cpu) backend_work_type=Work work_ready=False
[2026-08-27 15:11:10 PP0 ATTN_CP0 TP0 EP0] [PP-OUTPUT-DEBUG] p2p work wait end: pp_rank=0 tp_rank=0 cp_rank=0 work_index=1 work_count=2
[2026-08-27 15:11:11] INFO:     141.61.94.103:57982 - "POST /generate HTTP/1.1" 200 OK
[2026-08-27 15:11:11 PP0 ATTN_CP5 TP5 EP5] [PP-OUTPUT-DEBUG] commit begin: pp_rank=0 tp_rank=0 cp_rank=5 next_first_mb=2 next_mb=1 pending_send_work=0 has_pp_outputs=False
[2026-08-27 15:11:11 PP0 ATTN_CP5 TP5 EP5] [PP-OUTPUT-DEBUG] previous send committed: pp_rank=0 tp_rank=0 cp_rank=5 next_first_mb=2 next_mb=1
[2026-08-27 15:11:11 PP0 ATTN_CP7 TP7 EP7] [PP-OUTPUT-DEBUG] commit begin: pp_rank=0 tp_rank=0 cp_rank=7 next_first_mb=2 next_mb=1 pending_send_work=0 has_pp_outputs=False
[2026-08-27 15:11:11 PP0 ATTN_CP2 TP2 EP2] [PP-OUTPUT-DEBUG] commit begin: pp_rank=0 tp_rank=0 cp_rank=2 next_first_mb=2 next_mb=1 pending_send_work=0 has_pp_outputs=False
[2026-08-27 15:11:11 PP0 ATTN_CP5 TP5 EP5] [PP-OUTPUT-DEBUG] send/recv plan: pp_rank=0 tp_rank=0 cp_rank=5 next_first_mb=2 next_mb=1 send_first=True is_last=False has_forward_output=False send_target_exists=True recv_target_exists=True last_queue_len=0
[2026-08-27 15:11:11 PP0 ATTN_CP0 TP0 EP0] [PP-OUTPUT-DEBUG] commit begin: pp_rank=0 tp_rank=0 cp_rank=0 next_first_mb=2 next_mb=1 pending_send_work=0 has_pp_outputs=False
[2026-08-27 15:11:11 PP0 ATTN_CP4 TP4 EP4] [PP-OUTPUT-DEBUG] commit begin: pp_rank=0 tp_rank=0 cp_rank=4 next_first_mb=2 next_mb=1 pending_send_work=0 has_pp_outputs=False
[2026-08-27 15:11:11 PP0 ATTN_CP7 TP7 EP7] [PP-OUTPUT-DEBUG] previous send committed: pp_rank=0 tp_rank=0 cp_rank=7 next_first_mb=2 next_mb=1
[2026-08-27 15:11:11 PP0 ATTN_CP6 TP6 EP6] [PP-OUTPUT-DEBUG] commit begin: pp_rank=0 tp_rank=0 cp_rank=6 next_first_mb=2 next_mb=1 pending_send_work=0 has_pp_outputs=False
[2026-08-27 15:11:11 PP0 ATTN_CP2 TP2 EP2] [PP-OUTPUT-DEBUG] previous send committed: pp_rank=0 tp_rank=0 cp_rank=2 next_first_mb=2 next_mb=1
[2026-08-27 15:11:11 PP0 ATTN_CP0 TP0 EP0] [PP-OUTPUT-DEBUG] previous send committed: pp_rank=0 tp_rank=0 cp_rank=0 next_first_mb=2 next_mb=1
[2026-08-27 15:11:11 PP0 ATTN_CP7 TP7 EP7] [PP-OUTPUT-DEBUG] send/recv plan: pp_rank=0 tp_rank=0 cp_rank=7 next_first_mb=2 next_mb=1 send_first=True is_last=False has_forward_output=False send_target_exists=True recv_target_exists=True last_queue_len=0
[2026-08-27 15:11:11 PP0 ATTN_CP3 TP3 EP3] [PP-OUTPUT-DEBUG] commit begin: pp_rank=0 tp_rank=0 cp_rank=3 next_first_mb=2 next_mb=1 pending_send_work=0 has_pp_outputs=False
[2026-08-27 15:11:11 PP0 ATTN_CP2 TP2 EP2] [PP-OUTPUT-DEBUG] send/recv plan: pp_rank=0 tp_rank=0 cp_rank=2 next_first_mb=2 next_mb=1 send_first=True is_last=False has_forward_output=False send_target_exists=True recv_target_exists=True last_queue_len=0
[2026-08-27 15:11:11 PP0 ATTN_CP6 TP6 EP6] [PP-OUTPUT-DEBUG] previous send committed: pp_rank=0 tp_rank=0 cp_rank=6 next_first_mb=2 next_mb=1
[2026-08-27 15:11:11 PP0 ATTN_CP4 TP4 EP4] [PP-OUTPUT-DEBUG] previous send committed: pp_rank=0 tp_rank=0 cp_rank=4 next_first_mb=2 next_mb=1
[2026-08-27 15:11:11 PP0 ATTN_CP0 TP0 EP0] [PP-OUTPUT-DEBUG] send/recv plan: pp_rank=0 tp_rank=0 cp_rank=0 next_first_mb=2 next_mb=1 send_first=True is_last=False has_forward_output=False send_target_exists=True recv_target_exists=True last_queue_len=0
[2026-08-27 15:11:11 PP0 ATTN_CP6 TP6 EP6] [PP-OUTPUT-DEBUG] send/recv plan: pp_rank=0 tp_rank=0 cp_rank=6 next_first_mb=2 next_mb=1 send_first=True is_last=False has_forward_output=False send_target_exists=True recv_target_exists=True last_queue_len=0
[2026-08-27 15:11:11 PP0 ATTN_CP3 TP3 EP3] [PP-OUTPUT-DEBUG] previous send committed: pp_rank=0 tp_rank=0 cp_rank=3 next_first_mb=2 next_mb=1
[2026-08-27 15:11:11 PP0 ATTN_CP4 TP4 EP4] [PP-OUTPUT-DEBUG] send/recv plan: pp_rank=0 tp_rank=0 cp_rank=4 next_first_mb=2 next_mb=1 send_first=True is_last=False has_forward_output=False send_target_exists=True recv_target_exists=True last_queue_len=0
[2026-08-27 15:11:11 PP0 ATTN_CP1 TP1 EP1] [PP-OUTPUT-DEBUG] commit begin: pp_rank=0 tp_rank=0 cp_rank=1 next_first_mb=2 next_mb=1 pending_send_work=0 has_pp_outputs=False
[2026-08-27 15:11:11 PP0 ATTN_CP5 TP5 EP5] [PP-OUTPUT-DEBUG] commit end: pp_rank=0 tp_rank=0 cp_rank=5 next_first_mb=2 next_mb=1 received_output=False d2h_event=<torch_npu.npu.Event 0xaaab197b7e48> new_send_work=0
[2026-08-27 15:11:11 PP0 ATTN_CP3 TP3 EP3] [PP-OUTPUT-DEBUG] send/recv plan: pp_rank=0 tp_rank=0 cp_rank=3 next_first_mb=2 next_mb=1 send_first=True is_last=False has_forward_output=False send_target_exists=True recv_target_exists=True last_queue_len=0
[2026-08-27 15:11:11 PP0 ATTN_CP1 TP1 EP1] [PP-OUTPUT-DEBUG] previous send committed: pp_rank=0 tp_rank=0 cp_rank=1 next_first_mb=2 next_mb=1
[2026-08-27 15:11:11 PP0 ATTN_CP5 TP5 EP5] [PP-OUTPUT-DEBUG] p2p work wait begin: pp_rank=0 tp_rank=0 cp_rank=5 work_index=0 work_count=4 payload=Tensor(shape=(1,),dtype=torch.int64,device=cpu) backend_work_type=Work work_ready=False
[2026-08-27 15:11:11 PP0 ATTN_CP1 TP1 EP1] [PP-OUTPUT-DEBUG] send/recv plan: pp_rank=0 tp_rank=0 cp_rank=1 next_first_mb=2 next_mb=1 send_first=True is_last=False has_forward_output=False send_target_exists=True recv_target_exists=True last_queue_len=0
[2026-08-27 15:11:11 PP0 ATTN_CP5 TP5 EP5] [PP-OUTPUT-DEBUG] p2p work wait end: pp_rank=0 tp_rank=0 cp_rank=5 work_index=0 work_count=4
[2026-08-27 15:11:11 PP0 ATTN_CP7 TP7 EP7] [PP-OUTPUT-DEBUG] commit end: pp_rank=0 tp_rank=0 cp_rank=7 next_first_mb=2 next_mb=1 received_output=False d2h_event=<torch_npu.npu.Event 0xaaab2e3aff78> new_send_work=0
[2026-08-27 15:11:11 PP0 ATTN_CP5 TP5 EP5] [PP-OUTPUT-DEBUG] p2p work wait begin: pp_rank=0 tp_rank=0 cp_rank=5 work_index=1 work_count=4 payload=Tensor(shape=(245,),dtype=torch.uint8,device=cpu) backend_work_type=Work work_ready=False
[2026-08-27 15:11:11 PP0 ATTN_CP2 TP2 EP2] [PP-OUTPUT-DEBUG] commit end: pp_rank=0 tp_rank=0 cp_rank=2 next_first_mb=2 next_mb=1 received_output=False d2h_event=<torch_npu.npu.Event 0xaaaafc987188> new_send_work=0
[2026-08-27 15:11:11 PP0 ATTN_CP0 TP0 EP0] [PP-OUTPUT-DEBUG] commit end: pp_rank=0 tp_rank=0 cp_rank=0 next_first_mb=2 next_mb=1 received_output=False d2h_event=<torch_npu.npu.Event 0xaaab1c525098> new_send_work=0
[2026-08-27 15:11:11 PP0 ATTN_CP5 TP5 EP5] [PP-OUTPUT-DEBUG] p2p work wait end: pp_rank=0 tp_rank=0 cp_rank=5 work_index=1 work_count=4
[2026-08-27 15:11:11 PP0 ATTN_CP7 TP7 EP7] [PP-OUTPUT-DEBUG] p2p work wait begin: pp_rank=0 tp_rank=0 cp_rank=7 work_index=0 work_count=4 payload=Tensor(shape=(1,),dtype=torch.int64,device=cpu) backend_work_type=Work work_ready=False
[2026-08-27 15:11:11 PP0 ATTN_CP6 TP6 EP6] [PP-OUTPUT-DEBUG] commit end: pp_rank=0 tp_rank=0 cp_rank=6 next_first_mb=2 next_mb=1 received_output=False d2h_event=<torch_npu.npu.Event 0xaaab5eb77818> new_send_work=0
[2026-08-27 15:11:11 PP0 ATTN_CP2 TP2 EP2] [PP-OUTPUT-DEBUG] p2p work wait begin: pp_rank=0 tp_rank=0 cp_rank=2 work_index=0 work_count=4 payload=Tensor(shape=(1,),dtype=torch.int64,device=cpu) backend_work_type=Work work_ready=False
[2026-08-27 15:11:11 PP0 ATTN_CP4 TP4 EP4] [PP-OUTPUT-DEBUG] commit end: pp_rank=0 tp_rank=0 cp_rank=4 next_first_mb=2 next_mb=1 received_output=False d2h_event=<torch_npu.npu.Event 0xaaab091018e8> new_send_work=0
[2026-08-27 15:11:11 PP0 ATTN_CP5 TP5 EP5] [PP-OUTPUT-DEBUG] p2p work wait begin: pp_rank=0 tp_rank=0 cp_rank=5 work_index=2 work_count=4 payload=Tensor(shape=(2048, 6144),dtype=torch.bfloat16,device=npu:5) backend_work_type=Work work_ready=True
[2026-08-27 15:11:11 PP0 ATTN_CP7 TP7 EP7] [PP-OUTPUT-DEBUG] p2p work wait end: pp_rank=0 tp_rank=0 cp_rank=7 work_index=0 work_count=4
[2026-08-27 15:11:11 PP0 ATTN_CP0 TP0 EP0] [PP-OUTPUT-DEBUG] p2p work wait begin: pp_rank=0 tp_rank=0 cp_rank=0 work_index=0 work_count=4 payload=Tensor(shape=(1,),dtype=torch.int64,device=cpu) backend_work_type=Work work_ready=False
[2026-08-27 15:11:11 PP0 ATTN_CP2 TP2 EP2] [PP-OUTPUT-DEBUG] p2p work wait end: pp_rank=0 tp_rank=0 cp_rank=2 work_index=0 work_count=4
[2026-08-27 15:11:11 PP0 ATTN_CP6 TP6 EP6] [PP-OUTPUT-DEBUG] p2p work wait begin: pp_rank=0 tp_rank=0 cp_rank=6 work_index=0 work_count=4 payload=Tensor(shape=(1,),dtype=torch.int64,device=cpu) backend_work_type=Work work_ready=False
[2026-08-27 15:11:11 PP0 ATTN_CP5 TP5 EP5] [PP-OUTPUT-DEBUG] p2p work wait end: pp_rank=0 tp_rank=0 cp_rank=5 work_index=2 work_count=4
[2026-08-27 15:11:11 PP0 ATTN_CP3 TP3 EP3] [PP-OUTPUT-DEBUG] commit end: pp_rank=0 tp_rank=0 cp_rank=3 next_first_mb=2 next_mb=1 received_output=False d2h_event=<torch_npu.npu.Event 0xaaab0498b888> new_send_work=0
[2026-08-27 15:11:11 PP0 ATTN_CP7 TP7 EP7] [PP-OUTPUT-DEBUG] p2p work wait begin: pp_rank=0 tp_rank=0 cp_rank=7 work_index=1 work_count=4 payload=Tensor(shape=(245,),dtype=torch.uint8,device=cpu) backend_work_type=Work work_ready=False
[2026-08-27 15:11:11 PP0 ATTN_CP0 TP0 EP0] [PP-OUTPUT-DEBUG] p2p work wait end: pp_rank=0 tp_rank=0 cp_rank=0 work_index=0 work_count=4
[2026-08-27 15:11:11 PP0 ATTN_CP4 TP4 EP4] [PP-OUTPUT-DEBUG] p2p work wait begin: pp_rank=0 tp_rank=0 cp_rank=4 work_index=0 work_count=4 payload=Tensor(shape=(1,),dtype=torch.int64,device=cpu) backend_work_type=Work work_ready=False
[2026-08-27 15:11:11 PP0 ATTN_CP2 TP2 EP2] [PP-OUTPUT-DEBUG] p2p work wait begin: pp_rank=0 tp_rank=0 cp_rank=2 work_index=1 work_count=4 payload=Tensor(shape=(245,),dtype=torch.uint8,device=cpu) backend_work_type=Work work_ready=False
[2026-08-27 15:11:11 PP0 ATTN_CP6 TP6 EP6] [PP-OUTPUT-DEBUG] p2p work wait end: pp_rank=0 tp_rank=0 cp_rank=6 work_index=0 work_count=4
[2026-08-27 15:11:11 PP0 ATTN_CP1 TP1 EP1] [PP-OUTPUT-DEBUG] commit end: pp_rank=0 tp_rank=0 cp_rank=1 next_first_mb=2 next_mb=1 received_output=False d2h_event=<torch_npu.npu.Event 0xaaaafb663ff8> new_send_work=0
[2026-08-27 15:11:11 PP0 ATTN_CP5 TP5 EP5] [PP-OUTPUT-DEBUG] p2p work wait begin: pp_rank=0 tp_rank=0 cp_rank=5 work_index=3 work_count=4 payload=Tensor(shape=(2048, 6144),dtype=torch.bfloat16,device=npu:5) backend_work_type=Work work_ready=True
[2026-08-27 15:11:11 PP0 ATTN_CP7 TP7 EP7] [PP-OUTPUT-DEBUG] p2p work wait end: pp_rank=0 tp_rank=0 cp_rank=7 work_index=1 work_count=4
[2026-08-27 15:11:11 PP0 ATTN_CP0 TP0 EP0] [PP-OUTPUT-DEBUG] p2p work wait begin: pp_rank=0 tp_rank=0 cp_rank=0 work_index=1 work_count=4 payload=Tensor(shape=(245,),dtype=torch.uint8,device=cpu) backend_work_type=Work work_ready=False
[2026-08-27 15:11:11 PP0 ATTN_CP2 TP2 EP2] [PP-OUTPUT-DEBUG] p2p work wait end: pp_rank=0 tp_rank=0 cp_rank=2 work_index=1 work_count=4
[2026-08-27 15:11:11 PP0 ATTN_CP4 TP4 EP4] [PP-OUTPUT-DEBUG] p2p work wait end: pp_rank=0 tp_rank=0 cp_rank=4 work_index=0 work_count=4
[2026-08-27 15:11:11 PP0 ATTN_CP6 TP6 EP6] [PP-OUTPUT-DEBUG] p2p work wait begin: pp_rank=0 tp_rank=0 cp_rank=6 work_index=1 work_count=4 payload=Tensor(shape=(245,),dtype=torch.uint8,device=cpu) backend_work_type=Work work_ready=False
[2026-08-27 15:11:11 PP0 ATTN_CP3 TP3 EP3] [PP-OUTPUT-DEBUG] p2p work wait begin: pp_rank=0 tp_rank=0 cp_rank=3 work_index=0 work_count=4 payload=Tensor(shape=(1,),dtype=torch.int64,device=cpu) backend_work_type=Work work_ready=False
[2026-08-27 15:11:11 PP0 ATTN_CP5 TP5 EP5] [PP-OUTPUT-DEBUG] p2p work wait end: pp_rank=0 tp_rank=0 cp_rank=5 work_index=3 work_count=4
[2026-08-27 15:11:11 PP0 ATTN_CP0 TP0 EP0] [PP-OUTPUT-DEBUG] p2p work wait end: pp_rank=0 tp_rank=0 cp_rank=0 work_index=1 work_count=4
[2026-08-27 15:11:11 PP0 ATTN_CP7 TP7 EP7] [PP-OUTPUT-DEBUG] p2p work wait begin: pp_rank=0 tp_rank=0 cp_rank=7 work_index=2 work_count=4 payload=Tensor(shape=(2048, 6144),dtype=torch.bfloat16,device=npu:7) backend_work_type=Work work_ready=True
[2026-08-27 15:11:11 PP0 ATTN_CP1 TP1 EP1] [PP-OUTPUT-DEBUG] p2p work wait begin: pp_rank=0 tp_rank=0 cp_rank=1 work_index=0 work_count=4 payload=Tensor(shape=(1,),dtype=torch.int64,device=cpu) backend_work_type=Work work_ready=False
[2026-08-27 15:11:11 PP0 ATTN_CP2 TP2 EP2] [PP-OUTPUT-DEBUG] p2p work wait begin: pp_rank=0 tp_rank=0 cp_rank=2 work_index=2 work_count=4 payload=Tensor(shape=(2048, 6144),dtype=torch.bfloat16,device=npu:2) backend_work_type=Work work_ready=True
[2026-08-27 15:11:11 PP0 ATTN_CP6 TP6 EP6] [PP-OUTPUT-DEBUG] p2p work wait end: pp_rank=0 tp_rank=0 cp_rank=6 work_index=1 work_count=4
[2026-08-27 15:11:11 PP0 ATTN_CP4 TP4 EP4] [PP-OUTPUT-DEBUG] p2p work wait begin: pp_rank=0 tp_rank=0 cp_rank=4 work_index=1 work_count=4 payload=Tensor(shape=(245,),dtype=torch.uint8,device=cpu) backend_work_type=Work work_ready=False
[2026-08-27 15:11:11 PP0 ATTN_CP3 TP3 EP3] [PP-OUTPUT-DEBUG] p2p work wait end: pp_rank=0 tp_rank=0 cp_rank=3 work_index=0 work_count=4
[2026-08-27 15:11:11 PP0 ATTN_CP0 TP0 EP0] [PP-OUTPUT-DEBUG] p2p work wait begin: pp_rank=0 tp_rank=0 cp_rank=0 work_index=2 work_count=4 payload=Tensor(shape=(2048, 6144),dtype=torch.bfloat16,device=npu:0) backend_work_type=Work work_ready=True
[2026-08-27 15:11:11 PP0 ATTN_CP7 TP7 EP7] [PP-OUTPUT-DEBUG] p2p work wait end: pp_rank=0 tp_rank=0 cp_rank=7 work_index=2 work_count=4
[2026-08-27 15:11:11 PP0 ATTN_CP1 TP1 EP1] [PP-OUTPUT-DEBUG] p2p work wait end: pp_rank=0 tp_rank=0 cp_rank=1 work_index=0 work_count=4
[2026-08-27 15:11:11 PP0 ATTN_CP2 TP2 EP2] [PP-OUTPUT-DEBUG] p2p work wait end: pp_rank=0 tp_rank=0 cp_rank=2 work_index=2 work_count=4
[2026-08-27 15:11:11 PP0 ATTN_CP4 TP4 EP4] [PP-OUTPUT-DEBUG] p2p work wait end: pp_rank=0 tp_rank=0 cp_rank=4 work_index=1 work_count=4
[2026-08-27 15:11:11 PP0 ATTN_CP6 TP6 EP6] [PP-OUTPUT-DEBUG] p2p work wait begin: pp_rank=0 tp_rank=0 cp_rank=6 work_index=2 work_count=4 payload=Tensor(shape=(2048, 6144),dtype=torch.bfloat16,device=npu:6) backend_work_type=Work work_ready=True
[2026-08-27 15:11:11 PP0 ATTN_CP3 TP3 EP3] [PP-OUTPUT-DEBUG] p2p work wait begin: pp_rank=0 tp_rank=0 cp_rank=3 work_index=1 work_count=4 payload=Tensor(shape=(245,),dtype=torch.uint8,device=cpu) backend_work_type=Work work_ready=False
[2026-08-27 15:11:11 PP0 ATTN_CP0 TP0 EP0] [PP-OUTPUT-DEBUG] p2p work wait end: pp_rank=0 tp_rank=0 cp_rank=0 work_index=2 work_count=4
[2026-08-27 15:11:11 PP0 ATTN_CP7 TP7 EP7] [PP-OUTPUT-DEBUG] p2p work wait begin: pp_rank=0 tp_rank=0 cp_rank=7 work_index=3 work_count=4 payload=Tensor(shape=(2048, 6144),dtype=torch.bfloat16,device=npu:7) backend_work_type=Work work_ready=True
[2026-08-27 15:11:11 PP0 ATTN_CP1 TP1 EP1] [PP-OUTPUT-DEBUG] p2p work wait begin: pp_rank=0 tp_rank=0 cp_rank=1 work_index=1 work_count=4 payload=Tensor(shape=(245,),dtype=torch.uint8,device=cpu) backend_work_type=Work work_ready=False
[2026-08-27 15:11:11 PP0 ATTN_CP2 TP2 EP2] [PP-OUTPUT-DEBUG] p2p work wait begin: pp_rank=0 tp_rank=0 cp_rank=2 work_index=3 work_count=4 payload=Tensor(shape=(2048, 6144),dtype=torch.bfloat16,device=npu:2) backend_work_type=Work work_ready=True
[2026-08-27 15:11:11 PP0 ATTN_CP3 TP3 EP3] [PP-OUTPUT-DEBUG] p2p work wait end: pp_rank=0 tp_rank=0 cp_rank=3 work_index=1 work_count=4
[2026-08-27 15:11:11 PP0 ATTN_CP6 TP6 EP6] [PP-OUTPUT-DEBUG] p2p work wait end: pp_rank=0 tp_rank=0 cp_rank=6 work_index=2 work_count=4
[2026-08-27 15:11:11 PP0 ATTN_CP4 TP4 EP4] [PP-OUTPUT-DEBUG] p2p work wait begin: pp_rank=0 tp_rank=0 cp_rank=4 work_index=2 work_count=4 payload=Tensor(shape=(2048, 6144),dtype=torch.bfloat16,device=npu:4) backend_work_type=Work work_ready=True
[2026-08-27 15:11:11 PP0 ATTN_CP0 TP0 EP0] [PP-OUTPUT-DEBUG] p2p work wait begin: pp_rank=0 tp_rank=0 cp_rank=0 work_index=3 work_count=4 payload=Tensor(shape=(2048, 6144),dtype=torch.bfloat16,device=npu:0) backend_work_type=Work work_ready=True
[2026-08-27 15:11:11 PP0 ATTN_CP2 TP2 EP2] [PP-OUTPUT-DEBUG] p2p work wait end: pp_rank=0 tp_rank=0 cp_rank=2 work_index=3 work_count=4
[2026-08-27 15:11:11 PP0 ATTN_CP7 TP7 EP7] [PP-OUTPUT-DEBUG] p2p work wait end: pp_rank=0 tp_rank=0 cp_rank=7 work_index=3 work_count=4
[2026-08-27 15:11:11 PP0 ATTN_CP1 TP1 EP1] [PP-OUTPUT-DEBUG] p2p work wait end: pp_rank=0 tp_rank=0 cp_rank=1 work_index=1 work_count=4
[2026-08-27 15:11:11 PP0 ATTN_CP6 TP6 EP6] [PP-OUTPUT-DEBUG] p2p work wait begin: pp_rank=0 tp_rank=0 cp_rank=6 work_index=3 work_count=4 payload=Tensor(shape=(2048, 6144),dtype=torch.bfloat16,device=npu:6) backend_work_type=Work work_ready=True
[2026-08-27 15:11:11 PP0 ATTN_CP3 TP3 EP3] [PP-OUTPUT-DEBUG] p2p work wait begin: pp_rank=0 tp_rank=0 cp_rank=3 work_index=2 work_count=4 payload=Tensor(shape=(2048, 6144),dtype=torch.bfloat16,device=npu:3) backend_work_type=Work work_ready=True
[2026-08-27 15:11:11 PP0 ATTN_CP0 TP0 EP0] [PP-OUTPUT-DEBUG] p2p work wait end: pp_rank=0 tp_rank=0 cp_rank=0 work_index=3 work_count=4
[2026-08-27 15:11:11 PP0 ATTN_CP4 TP4 EP4] [PP-OUTPUT-DEBUG] p2p work wait end: pp_rank=0 tp_rank=0 cp_rank=4 work_index=2 work_count=4
[2026-08-27 15:11:11 PP0 ATTN_CP6 TP6 EP6] [PP-OUTPUT-DEBUG] p2p work wait end: pp_rank=0 tp_rank=0 cp_rank=6 work_index=3 work_count=4
[2026-08-27 15:11:11 PP0 ATTN_CP1 TP1 EP1] [PP-OUTPUT-DEBUG] p2p work wait begin: pp_rank=0 tp_rank=0 cp_rank=1 work_index=2 work_count=4 payload=Tensor(shape=(2048, 6144),dtype=torch.bfloat16,device=npu:1) backend_work_type=Work work_ready=True
[2026-08-27 15:11:11 PP0 ATTN_CP3 TP3 EP3] [PP-OUTPUT-DEBUG] p2p work wait end: pp_rank=0 tp_rank=0 cp_rank=3 work_index=2 work_count=4
[2026-08-27 15:11:11 PP0 ATTN_CP4 TP4 EP4] [PP-OUTPUT-DEBUG] p2p work wait begin: pp_rank=0 tp_rank=0 cp_rank=4 work_index=3 work_count=4 payload=Tensor(shape=(2048, 6144),dtype=torch.bfloat16,device=npu:4) backend_work_type=Work work_ready=True
[2026-08-27 15:11:11 PP0 ATTN_CP1 TP1 EP1] [PP-OUTPUT-DEBUG] p2p work wait end: pp_rank=0 tp_rank=0 cp_rank=1 work_index=2 work_count=4
[2026-08-27 15:11:11 PP0 ATTN_CP3 TP3 EP3] [PP-OUTPUT-DEBUG] p2p work wait begin: pp_rank=0 tp_rank=0 cp_rank=3 work_index=3 work_count=4 payload=Tensor(shape=(2048, 6144),dtype=torch.bfloat16,device=npu:3) backend_work_type=Work work_ready=True
[2026-08-27 15:11:11 PP0 ATTN_CP4 TP4 EP4] [PP-OUTPUT-DEBUG] p2p work wait end: pp_rank=0 tp_rank=0 cp_rank=4 work_index=3 work_count=4
[2026-08-27 15:11:11 PP0 ATTN_CP1 TP1 EP1] [PP-OUTPUT-DEBUG] p2p work wait begin: pp_rank=0 tp_rank=0 cp_rank=1 work_index=3 work_count=4 payload=Tensor(shape=(2048, 6144),dtype=torch.bfloat16,device=npu:1) backend_work_type=Work work_ready=True
[2026-08-27 15:11:11 PP0 ATTN_CP3 TP3 EP3] [PP-OUTPUT-DEBUG] p2p work wait end: pp_rank=0 tp_rank=0 cp_rank=3 work_index=3 work_count=4
[2026-08-27 15:11:11 PP0 ATTN_CP1 TP1 EP1] [PP-OUTPUT-DEBUG] p2p work wait end: pp_rank=0 tp_rank=0 cp_rank=1 work_index=3 work_count=4
[2026-08-27 15:11:11 PP0 ATTN_CP4 TP4 EP4] [PP-OUTPUT-DEBUG] d2h sync begin: pp_rank=0 tp_rank=0 cp_rank=4 mb_id=0 next_mb_id=1 event=<torch_npu.npu.Event 0xaaab091018e8> event_ready=True schedule_stream=<torch_npu.npu.Stream device=npu:4 npu_stream=0xaaab045cbec8> schedule_ready=True copy_stream=<torch_npu.npu.Stream device=npu:4 npu_stream=0xaaab044a7cb8> copy_ready=True pending_output_work=0
[2026-08-27 15:11:11 PP0 ATTN_CP3 TP3 EP3] [PP-OUTPUT-DEBUG] d2h sync begin: pp_rank=0 tp_rank=0 cp_rank=3 mb_id=0 next_mb_id=1 event=<torch_npu.npu.Event 0xaaab0498b888> event_ready=True schedule_stream=<torch_npu.npu.Stream device=npu:3 npu_stream=0xaaaaf75dbea8> schedule_ready=True copy_stream=<torch_npu.npu.Stream device=npu:3 npu_stream=0xaaaaf74b7c98> copy_ready=True pending_output_work=0
[2026-08-27 15:11:11 PP0 ATTN_CP7 TP7 EP7] [PP-OUTPUT-DEBUG] d2h sync begin: pp_rank=0 tp_rank=0 cp_rank=7 mb_id=0 next_mb_id=1 event=<torch_npu.npu.Event 0xaaab2e3aff78> event_ready=True schedule_stream=<torch_npu.npu.Stream device=npu:7 npu_stream=0xaaab28af8468> schedule_ready=True copy_stream=<torch_npu.npu.Stream device=npu:7 npu_stream=0xaaab289d4258> copy_ready=True pending_output_work=0
[2026-08-27 15:11:11 PP0 ATTN_CP1 TP1 EP1] [PP-OUTPUT-DEBUG] d2h sync begin: pp_rank=0 tp_rank=0 cp_rank=1 mb_id=0 next_mb_id=1 event=<torch_npu.npu.Event 0xaaaafb663ff8> event_ready=True schedule_stream=<torch_npu.npu.Stream device=npu:1 npu_stream=0xaaaaf0922068> schedule_ready=True copy_stream=<torch_npu.npu.Stream device=npu:1 npu_stream=0xaaaaf07fde58> copy_ready=True pending_output_work=0
[2026-08-27 15:11:11 PP0 ATTN_CP6 TP6 EP6] [PP-OUTPUT-DEBUG] d2h sync begin: pp_rank=0 tp_rank=0 cp_rank=6 mb_id=0 next_mb_id=1 event=<torch_npu.npu.Event 0xaaab5eb77818> event_ready=True schedule_stream=<torch_npu.npu.Stream device=npu:6 npu_stream=0xaaab4eca9db8> schedule_ready=True copy_stream=<torch_npu.npu.Stream device=npu:6 npu_stream=0xaaab4eb85ba8> copy_ready=True pending_output_work=0
[2026-08-27 15:11:11 PP0 ATTN_CP5 TP5 EP5] [PP-OUTPUT-DEBUG] d2h sync begin: pp_rank=0 tp_rank=0 cp_rank=5 mb_id=0 next_mb_id=1 event=<torch_npu.npu.Event 0xaaab197b7e48> event_ready=True schedule_stream=<torch_npu.npu.Stream device=npu:5 npu_stream=0xaaab1220db28> schedule_ready=True copy_stream=<torch_npu.npu.Stream device=npu:5 npu_stream=0xaaab120e9918> copy_ready=True pending_output_work=0
[2026-08-27 15:11:11 PP0 ATTN_CP3 TP3 EP3] [PP-OUTPUT-DEBUG] d2h sync end: pp_rank=0 tp_rank=0 cp_rank=3 mb_id=0 next_mb_id=1
[2026-08-27 15:11:11 PP0 ATTN_CP7 TP7 EP7] [PP-OUTPUT-DEBUG] d2h sync end: pp_rank=0 tp_rank=0 cp_rank=7 mb_id=0 next_mb_id=1
[2026-08-27 15:11:11 PP0 ATTN_CP4 TP4 EP4] [PP-OUTPUT-DEBUG] d2h sync end: pp_rank=0 tp_rank=0 cp_rank=4 mb_id=0 next_mb_id=1
[2026-08-27 15:11:11 PP0 ATTN_CP1 TP1 EP1] [PP-OUTPUT-DEBUG] d2h sync end: pp_rank=0 tp_rank=0 cp_rank=1 mb_id=0 next_mb_id=1
[2026-08-27 15:11:11 PP0 ATTN_CP0 TP0 EP0] [PP-OUTPUT-DEBUG] d2h sync begin: pp_rank=0 tp_rank=0 cp_rank=0 mb_id=0 next_mb_id=1 event=<torch_npu.npu.Event 0xaaab1c525098> event_ready=True schedule_stream=<torch_npu.npu.Stream device=npu:0 npu_stream=0xaaab164374c8> schedule_ready=True copy_stream=<torch_npu.npu.Stream device=npu:0 npu_stream=0xaaab163132b8> copy_ready=True pending_output_work=0
[2026-08-27 15:11:11 PP0 ATTN_CP6 TP6 EP6] [PP-OUTPUT-DEBUG] d2h sync end: pp_rank=0 tp_rank=0 cp_rank=6 mb_id=0 next_mb_id=1
[2026-08-27 15:11:11 PP0 ATTN_CP5 TP5 EP5] [PP-OUTPUT-DEBUG] d2h sync end: pp_rank=0 tp_rank=0 cp_rank=5 mb_id=0 next_mb_id=1
[2026-08-27 15:11:11 PP0 ATTN_CP0 TP0 EP0] [PP-OUTPUT-DEBUG] d2h sync end: pp_rank=0 tp_rank=0 cp_rank=0 mb_id=0 next_mb_id=1
[2026-08-27 15:11:11 PP0 ATTN_CP1 TP1 EP1] Prefill batch, #new-seq: 1, #new-token: 16384, #cached-token: 0, token usage: 0.40, #running-req: 0, #queue-req: 11, #pending-token: 1230199, npu graph: False, input throughput (token/s): 33561.42
[2026-08-27 15:11:11 PP0 ATTN_CP7 TP7 EP7] Prefill batch, #new-seq: 1, #new-token: 16384, #cached-token: 0, token usage: 0.40, #running-req: 0, #queue-req: 11, #pending-token: 1230199, npu graph: False, input throughput (token/s): 33562.35
[2026-08-27 15:11:11 PP0 ATTN_CP6 TP6 EP6] Prefill batch, #new-seq: 1, #new-token: 16384, #cached-token: 0, token usage: 0.40, #running-req: 0, #queue-req: 11, #pending-token: 1230199, npu graph: False, input throughput (token/s): 33569.18
[2026-08-27 15:11:11 PP0 ATTN_CP4 TP4 EP4] Prefill batch, #new-seq: 1, #new-token: 16384, #cached-token: 0, token usage: 0.40, #running-req: 0, #queue-req: 11, #pending-token: 1230199, npu graph: False, input throughput (token/s): 33562.64
[2026-08-27 15:11:11 PP0 ATTN_CP5 TP5 EP5] Prefill batch, #new-seq: 1, #new-token: 16384, #cached-token: 0, token usage: 0.40, #running-req: 0, #queue-req: 11, #pending-token: 1230199, npu graph: False, input throughput (token/s): 33560.87
[2026-08-27 15:11:11 PP0 ATTN_CP3 TP3 EP3] Prefill batch, #new-seq: 1, #new-token: 16384, #cached-token: 0, token usage: 0.40, #running-req: 0, #queue-req: 11, #pending-token: 1230199, npu graph: False, input throughput (token/s): 33573.81
[2026-08-27 15:11:11 PP0 ATTN_CP0 TP0 EP0] Prefill batch, #new-seq: 1, #new-token: 16384, #cached-token: 0, token usage: 0.40, #running-req: 0, #queue-req: 11, #pending-token: 1230199, npu graph: False, input throughput (token/s): 33509.39
[2026-08-27 15:11:11 PP0 ATTN_CP2 TP2 EP2] [PP-OUTPUT-DEBUG] d2h sync begin: pp_rank=0 tp_rank=0 cp_rank=2 mb_id=0 next_mb_id=1 event=<torch_npu.npu.Event 0xaaaafc987188> event_ready=True schedule_stream=<torch_npu.npu.Stream device=npu:2 npu_stream=0xaaaaf3efae08> schedule_ready=True copy_stream=<torch_npu.npu.Stream device=npu:2 npu_stream=0xaaaaf3dd6bf8> copy_ready=True pending_output_work=0
[2026-08-27 15:11:11 PP0 ATTN_CP2 TP2 EP2] [PP-OUTPUT-DEBUG] d2h sync end: pp_rank=0 tp_rank=0 cp_rank=2 mb_id=0 next_mb_id=1
[2026-08-27 15:11:11 PP0 ATTN_CP2 TP2 EP2] Prefill batch, #new-seq: 1, #new-token: 16384, #cached-token: 0, token usage: 0.40, #running-req: 0, #queue-req: 11, #pending-token: 1230199, npu graph: False, input throughput (token/s): 33209.34
[2026-08-27 15:11:11 PP0 ATTN_CP0 TP0 EP0] [PP-OUTPUT-DEBUG] p2p work wait begin: pp_rank=0 tp_rank=0 cp_rank=0 work_index=0 work_count=2 payload=Tensor(shape=(1,),dtype=torch.int64,device=cpu) backend_work_type=Work work_ready=False
[2026-08-27 15:11:11 PP0 ATTN_CP0 TP0 EP0] [PP-OUTPUT-DEBUG] p2p work wait end: pp_rank=0 tp_rank=0 cp_rank=0 work_index=0 work_count=2
[2026-08-27 15:11:11 PP0 ATTN_CP0 TP0 EP0] [PP-OUTPUT-DEBUG] p2p work wait begin: pp_rank=0 tp_rank=0 cp_rank=0 work_index=1 work_count=2 payload=Tensor(shape=(2099065,),dtype=torch.uint8,device=cpu) backend_work_type=Work work_ready=False
[2026-08-27 15:11:11 PP0 ATTN_CP0 TP0 EP0] [PP-OUTPUT-DEBUG] p2p work wait end: pp_rank=0 tp_rank=0 cp_rank=0 work_index=1 work_count=2
[2026-08-27 15:11:11] INFO:     141.61.94.103:57988 - "POST /generate HTTP/1.1" 200 OK
[2026-08-27 15:11:11 PP0 ATTN_CP5 TP5 EP5] [PP-OUTPUT-DEBUG] commit begin: pp_rank=0 tp_rank=0 cp_rank=5 next_first_mb=3 next_mb=2 pending_send_work=0 has_pp_outputs=False
[2026-08-27 15:11:11 PP0 ATTN_CP5 TP5 EP5] [PP-OUTPUT-DEBUG] previous send committed: pp_rank=0 tp_rank=0 cp_rank=5 next_first_mb=3 next_mb=2
[2026-08-27 15:11:11 PP0 ATTN_CP2 TP2 EP2] [PP-OUTPUT-DEBUG] commit begin: pp_rank=0 tp_rank=0 cp_rank=2 next_first_mb=3 next_mb=2 pending_send_work=0 has_pp_outputs=False
[2026-08-27 15:11:11 PP0 ATTN_CP7 TP7 EP7] [PP-OUTPUT-DEBUG] commit begin: pp_rank=0 tp_rank=0 cp_rank=7 next_first_mb=3 next_mb=2 pending_send_work=0 has_pp_outputs=False
[2026-08-27 15:11:11 PP0 ATTN_CP5 TP5 EP5] [PP-OUTPUT-DEBUG] send/recv plan: pp_rank=0 tp_rank=0 cp_rank=5 next_first_mb=3 next_mb=2 send_first=True is_last=False has_forward_output=False send_target_exists=True recv_target_exists=True last_queue_len=0
[2026-08-27 15:11:11 PP0 ATTN_CP0 TP0 EP0] [PP-OUTPUT-DEBUG] commit begin: pp_rank=0 tp_rank=0 cp_rank=0 next_first_mb=3 next_mb=2 pending_send_work=0 has_pp_outputs=False
[2026-08-27 15:11:11 PP0 ATTN_CP2 TP2 EP2] [PP-OUTPUT-DEBUG] previous send committed: pp_rank=0 tp_rank=0 cp_rank=2 next_first_mb=3 next_mb=2
[2026-08-27 15:11:11 PP0 ATTN_CP4 TP4 EP4] [PP-OUTPUT-DEBUG] commit begin: pp_rank=0 tp_rank=0 cp_rank=4 next_first_mb=3 next_mb=2 pending_send_work=0 has_pp_outputs=False
[2026-08-27 15:11:11 PP0 ATTN_CP1 TP1 EP1] [PP-OUTPUT-DEBUG] commit begin: pp_rank=0 tp_rank=0 cp_rank=1 next_first_mb=3 next_mb=2 pending_send_work=0 has_pp_outputs=False
[2026-08-27 15:11:11 PP0 ATTN_CP7 TP7 EP7] [PP-OUTPUT-DEBUG] previous send committed: pp_rank=0 tp_rank=0 cp_rank=7 next_first_mb=3 next_mb=2
[2026-08-27 15:11:11 PP0 ATTN_CP2 TP2 EP2] [PP-OUTPUT-DEBUG] send/recv plan: pp_rank=0 tp_rank=0 cp_rank=2 next_first_mb=3 next_mb=2 send_first=True is_last=False has_forward_output=False send_target_exists=True recv_target_exists=True last_queue_len=0
[2026-08-27 15:11:11 PP0 ATTN_CP0 TP0 EP0] [PP-OUTPUT-DEBUG] previous send committed: pp_rank=0 tp_rank=0 cp_rank=0 next_first_mb=3 next_mb=2
[2026-08-27 15:11:11 PP0 ATTN_CP6 TP6 EP6] [PP-OUTPUT-DEBUG] commit begin: pp_rank=0 tp_rank=0 cp_rank=6 next_first_mb=3 next_mb=2 pending_send_work=0 has_pp_outputs=False
[2026-08-27 15:11:11 PP0 ATTN_CP3 TP3 EP3] [PP-OUTPUT-DEBUG] commit begin: pp_rank=0 tp_rank=0 cp_rank=3 next_first_mb=3 next_mb=2 pending_send_work=0 has_pp_outputs=False
[2026-08-27 15:11:11 PP0 ATTN_CP4 TP4 EP4] [PP-OUTPUT-DEBUG] previous send committed: pp_rank=0 tp_rank=0 cp_rank=4 next_first_mb=3 next_mb=2
[2026-08-27 15:11:11 PP0 ATTN_CP7 TP7 EP7] [PP-OUTPUT-DEBUG] send/recv plan: pp_rank=0 tp_rank=0 cp_rank=7 next_first_mb=3 next_mb=2 send_first=True is_last=False has_forward_output=False send_target_exists=True recv_target_exists=True last_queue_len=0
[2026-08-27 15:11:11 PP0 ATTN_CP1 TP1 EP1] [PP-OUTPUT-DEBUG] previous send committed: pp_rank=0 tp_rank=0 cp_rank=1 next_first_mb=3 next_mb=2
[2026-08-27 15:11:11 PP0 ATTN_CP0 TP0 EP0] [PP-OUTPUT-DEBUG] send/recv plan: pp_rank=0 tp_rank=0 cp_rank=0 next_first_mb=3 next_mb=2 send_first=True is_last=False has_forward_output=False send_target_exists=True recv_target_exists=True last_queue_len=0
[2026-08-27 15:11:11 PP0 ATTN_CP6 TP6 EP6] [PP-OUTPUT-DEBUG] previous send committed: pp_rank=0 tp_rank=0 cp_rank=6 next_first_mb=3 next_mb=2
[2026-08-27 15:11:11 PP0 ATTN_CP3 TP3 EP3] [PP-OUTPUT-DEBUG] previous send committed: pp_rank=0 tp_rank=0 cp_rank=3 next_first_mb=3 next_mb=2
[2026-08-27 15:11:11 PP0 ATTN_CP4 TP4 EP4] [PP-OUTPUT-DEBUG] send/recv plan: pp_rank=0 tp_rank=0 cp_rank=4 next_first_mb=3 next_mb=2 send_first=True is_last=False has_forward_output=False send_target_exists=True recv_target_exists=True last_queue_len=0
[2026-08-27 15:11:11 PP0 ATTN_CP1 TP1 EP1] [PP-OUTPUT-DEBUG] send/recv plan: pp_rank=0 tp_rank=0 cp_rank=1 next_first_mb=3 next_mb=2 send_first=True is_last=False has_forward_output=False send_target_exists=True recv_target_exists=True last_queue_len=0
[2026-08-27 15:11:11 PP0 ATTN_CP6 TP6 EP6] [PP-OUTPUT-DEBUG] send/recv plan: pp_rank=0 tp_rank=0 cp_rank=6 next_first_mb=3 next_mb=2 send_first=True is_last=False has_forward_output=False send_target_exists=True recv_target_exists=True last_queue_len=0
[2026-08-27 15:11:11 PP0 ATTN_CP5 TP5 EP5] [PP-OUTPUT-DEBUG] commit end: pp_rank=0 tp_rank=0 cp_rank=5 next_first_mb=3 next_mb=2 received_output=False d2h_event=<torch_npu.npu.Event 0xaaab1f234e18> new_send_work=0
[2026-08-27 15:11:11 PP0 ATTN_CP3 TP3 EP3] [PP-OUTPUT-DEBUG] send/recv plan: pp_rank=0 tp_rank=0 cp_rank=3 next_first_mb=3 next_mb=2 send_first=True is_last=False has_forward_output=False send_target_exists=True recv_target_exists=True last_queue_len=0
[2026-08-27 15:11:11 PP0 ATTN_CP5 TP5 EP5] [PP-OUTPUT-DEBUG] p2p work wait begin: pp_rank=0 tp_rank=0 cp_rank=5 work_index=0 work_count=4 payload=Tensor(shape=(1,),dtype=torch.int64,device=cpu) backend_work_type=Work work_ready=False
[2026-08-27 15:11:11 PP0 ATTN_CP5 TP5 EP5] [PP-OUTPUT-DEBUG] p2p work wait end: pp_rank=0 tp_rank=0 cp_rank=5 work_index=0 work_count=4
[2026-08-27 15:11:11 PP0 ATTN_CP2 TP2 EP2] [PP-OUTPUT-DEBUG] commit end: pp_rank=0 tp_rank=0 cp_rank=2 next_first_mb=3 next_mb=2 received_output=False d2h_event=<torch_npu.npu.Event 0xaaab028478d8> new_send_work=0
[2026-08-27 15:11:11 PP0 ATTN_CP5 TP5 EP5] [PP-OUTPUT-DEBUG] p2p work wait begin: pp_rank=0 tp_rank=0 cp_rank=5 work_index=1 work_count=4 payload=Tensor(shape=(245,),dtype=torch.uint8,device=cpu) backend_work_type=Work work_ready=False
[2026-08-27 15:11:11 PP0 ATTN_CP7 TP7 EP7] [PP-OUTPUT-DEBUG] commit end: pp_rank=0 tp_rank=0 cp_rank=7 next_first_mb=3 next_mb=2 received_output=False d2h_event=<torch_npu.npu.Event 0xaaab38f50c28> new_send_work=0
[2026-08-27 15:11:11 PP0 ATTN_CP5 TP5 EP5] [PP-OUTPUT-DEBUG] p2p work wait end: pp_rank=0 tp_rank=0 cp_rank=5 work_index=1 work_count=4
[2026-08-27 15:11:11 PP0 ATTN_CP2 TP2 EP2] [PP-OUTPUT-DEBUG] p2p work wait begin: pp_rank=0 tp_rank=0 cp_rank=2 work_index=0 work_count=4 payload=Tensor(shape=(1,),dtype=torch.int64,device=cpu) backend_work_type=Work work_ready=False
[2026-08-27 15:11:11 PP0 ATTN_CP0 TP0 EP0] [PP-OUTPUT-DEBUG] commit end: pp_rank=0 tp_rank=0 cp_rank=0 next_first_mb=3 next_mb=2 received_output=False d2h_event=<torch_npu.npu.Event 0xaaab1e37f138> new_send_work=0
[2026-08-27 15:11:11 PP0 ATTN_CP5 TP5 EP5] [PP-OUTPUT-DEBUG] p2p work wait begin: pp_rank=0 tp_rank=0 cp_rank=5 work_index=2 work_count=4 payload=Tensor(shape=(2048, 6144),dtype=torch.bfloat16,device=npu:5) backend_work_type=Work work_ready=True
[2026-08-27 15:11:11 PP0 ATTN_CP2 TP2 EP2] [PP-OUTPUT-DEBUG] p2p work wait end: pp_rank=0 tp_rank=0 cp_rank=2 work_index=0 work_count=4
[2026-08-27 15:11:11 PP0 ATTN_CP7 TP7 EP7] [PP-OUTPUT-DEBUG] p2p work wait begin: pp_rank=0 tp_rank=0 cp_rank=7 work_index=0 work_count=4 payload=Tensor(shape=(1,),dtype=torch.int64,device=cpu) backend_work_type=Work work_ready=False
[2026-08-27 15:11:11 PP0 ATTN_CP1 TP1 EP1] [PP-OUTPUT-DEBUG] commit end: pp_rank=0 tp_rank=0 cp_rank=1 next_first_mb=3 next_mb=2 received_output=False d2h_event=<torch_npu.npu.Event 0xaaaafb694698> new_send_work=0
[2026-08-27 15:11:11 PP0 ATTN_CP4 TP4 EP4] [PP-OUTPUT-DEBUG] commit end: pp_rank=0 tp_rank=0 cp_rank=4 next_first_mb=3 next_mb=2 received_output=False d2h_event=<torch_npu.npu.Event 0xaaab0cf9d3b8> new_send_work=0
[2026-08-27 15:11:11 PP0 ATTN_CP0 TP0 EP0] [PP-OUTPUT-DEBUG] p2p work wait begin: pp_rank=0 tp_rank=0 cp_rank=0 work_index=0 work_count=4 payload=Tensor(shape=(1,),dtype=torch.int64,device=cpu) backend_work_type=Work work_ready=False
[2026-08-27 15:11:11 PP0 ATTN_CP6 TP6 EP6] [PP-OUTPUT-DEBUG] commit end: pp_rank=0 tp_rank=0 cp_rank=6 next_first_mb=3 next_mb=2 received_output=False d2h_event=<torch_npu.npu.Event 0xaaab62337248> new_send_work=0
[2026-08-27 15:11:11 PP0 ATTN_CP5 TP5 EP5] [PP-OUTPUT-DEBUG] p2p work wait end: pp_rank=0 tp_rank=0 cp_rank=5 work_index=2 work_count=4
[2026-08-27 15:11:11 PP0 ATTN_CP2 TP2 EP2] [PP-OUTPUT-DEBUG] p2p work wait begin: pp_rank=0 tp_rank=0 cp_rank=2 work_index=1 work_count=4 payload=Tensor(shape=(245,),dtype=torch.uint8,device=cpu) backend_work_type=Work work_ready=False
[2026-08-27 15:11:11 PP0 ATTN_CP7 TP7 EP7] [PP-OUTPUT-DEBUG] p2p work wait end: pp_rank=0 tp_rank=0 cp_rank=7 work_index=0 work_count=4
[2026-08-27 15:11:11 PP0 ATTN_CP3 TP3 EP3] [PP-OUTPUT-DEBUG] commit end: pp_rank=0 tp_rank=0 cp_rank=3 next_first_mb=3 next_mb=2 received_output=False d2h_event=<torch_npu.npu.Event 0xaaab042779e8> new_send_work=0
[2026-08-27 15:11:11 PP0 ATTN_CP0 TP0 EP0] [PP-OUTPUT-DEBUG] p2p work wait end: pp_rank=0 tp_rank=0 cp_rank=0 work_index=0 work_count=4
[2026-08-27 15:11:11 PP0 ATTN_CP5 TP5 EP5] [PP-OUTPUT-DEBUG] p2p work wait begin: pp_rank=0 tp_rank=0 cp_rank=5 work_index=3 work_count=4 payload=Tensor(shape=(2048, 6144),dtype=torch.bfloat16,device=npu:5) backend_work_type=Work work_ready=True
[2026-08-27 15:11:11 PP0 ATTN_CP2 TP2 EP2] [PP-OUTPUT-DEBUG] p2p work wait end: pp_rank=0 tp_rank=0 cp_rank=2 work_index=1 work_count=4
[2026-08-27 15:11:11 PP0 ATTN_CP1 TP1 EP1] [PP-OUTPUT-DEBUG] p2p work wait begin: pp_rank=0 tp_rank=0 cp_rank=1 work_index=0 work_count=4 payload=Tensor(shape=(1,),dtype=torch.int64,device=cpu) backend_work_type=Work work_ready=False
[2026-08-27 15:11:11 PP0 ATTN_CP4 TP4 EP4] [PP-OUTPUT-DEBUG] p2p work wait begin: pp_rank=0 tp_rank=0 cp_rank=4 work_index=0 work_count=4 payload=Tensor(shape=(1,),dtype=torch.int64,device=cpu) backend_work_type=Work work_ready=False
[2026-08-27 15:11:11 PP0 ATTN_CP6 TP6 EP6] [PP-OUTPUT-DEBUG] p2p work wait begin: pp_rank=0 tp_rank=0 cp_rank=6 work_index=0 work_count=4 payload=Tensor(shape=(1,),dtype=torch.int64,device=cpu) backend_work_type=Work work_ready=False
[2026-08-27 15:11:11 PP0 ATTN_CP7 TP7 EP7] [PP-OUTPUT-DEBUG] p2p work wait begin: pp_rank=0 tp_rank=0 cp_rank=7 work_index=1 work_count=4 payload=Tensor(shape=(245,),dtype=torch.uint8,device=cpu) backend_work_type=Work work_ready=False
[2026-08-27 15:11:11 PP0 ATTN_CP0 TP0 EP0] [PP-OUTPUT-DEBUG] p2p work wait begin: pp_rank=0 tp_rank=0 cp_rank=0 work_index=1 work_count=4 payload=Tensor(shape=(245,),dtype=torch.uint8,device=cpu) backend_work_type=Work work_ready=False
[2026-08-27 15:11:11 PP0 ATTN_CP5 TP5 EP5] [PP-OUTPUT-DEBUG] p2p work wait end: pp_rank=0 tp_rank=0 cp_rank=5 work_index=3 work_count=4
[2026-08-27 15:11:11 PP0 ATTN_CP2 TP2 EP2] [PP-OUTPUT-DEBUG] p2p work wait begin: pp_rank=0 tp_rank=0 cp_rank=2 work_index=2 work_count=4 payload=Tensor(shape=(2048, 6144),dtype=torch.bfloat16,device=npu:2) backend_work_type=Work work_ready=True
[2026-08-27 15:11:11 PP0 ATTN_CP3 TP3 EP3] [PP-OUTPUT-DEBUG] p2p work wait begin: pp_rank=0 tp_rank=0 cp_rank=3 work_index=0 work_count=4 payload=Tensor(shape=(1,),dtype=torch.int64,device=cpu) backend_work_type=Work work_ready=False
[2026-08-27 15:11:11 PP0 ATTN_CP1 TP1 EP1] [PP-OUTPUT-DEBUG] p2p work wait end: pp_rank=0 tp_rank=0 cp_rank=1 work_index=0 work_count=4
[2026-08-27 15:11:11 PP0 ATTN_CP7 TP7 EP7] [PP-OUTPUT-DEBUG] p2p work wait end: pp_rank=0 tp_rank=0 cp_rank=7 work_index=1 work_count=4
[2026-08-27 15:11:11 PP0 ATTN_CP6 TP6 EP6] [PP-OUTPUT-DEBUG] p2p work wait end: pp_rank=0 tp_rank=0 cp_rank=6 work_index=0 work_count=4
[2026-08-27 15:11:11 PP0 ATTN_CP4 TP4 EP4] [PP-OUTPUT-DEBUG] p2p work wait end: pp_rank=0 tp_rank=0 cp_rank=4 work_index=0 work_count=4
[2026-08-27 15:11:11 PP0 ATTN_CP0 TP0 EP0] [PP-OUTPUT-DEBUG] p2p work wait end: pp_rank=0 tp_rank=0 cp_rank=0 work_index=1 work_count=4
[2026-08-27 15:11:11 PP0 ATTN_CP2 TP2 EP2] [PP-OUTPUT-DEBUG] p2p work wait end: pp_rank=0 tp_rank=0 cp_rank=2 work_index=2 work_count=4
[2026-08-27 15:11:11 PP0 ATTN_CP3 TP3 EP3] [PP-OUTPUT-DEBUG] p2p work wait end: pp_rank=0 tp_rank=0 cp_rank=3 work_index=0 work_count=4
[2026-08-27 15:11:11 PP0 ATTN_CP1 TP1 EP1] [PP-OUTPUT-DEBUG] p2p work wait begin: pp_rank=0 tp_rank=0 cp_rank=1 work_index=1 work_count=4 payload=Tensor(shape=(245,),dtype=torch.uint8,device=cpu) backend_work_type=Work work_ready=False
[2026-08-27 15:11:11 PP0 ATTN_CP7 TP7 EP7] [PP-OUTPUT-DEBUG] p2p work wait begin: pp_rank=0 tp_rank=0 cp_rank=7 work_index=2 work_count=4 payload=Tensor(shape=(2048, 6144),dtype=torch.bfloat16,device=npu:7) backend_work_type=Work work_ready=True
[2026-08-27 15:11:11 PP0 ATTN_CP6 TP6 EP6] [PP-OUTPUT-DEBUG] p2p work wait begin: pp_rank=0 tp_rank=0 cp_rank=6 work_index=1 work_count=4 payload=Tensor(shape=(245,),dtype=torch.uint8,device=cpu) backend_work_type=Work work_ready=False
[2026-08-27 15:11:11 PP0 ATTN_CP2 TP2 EP2] [PP-OUTPUT-DEBUG] p2p work wait begin: pp_rank=0 tp_rank=0 cp_rank=2 work_index=3 work_count=4 payload=Tensor(shape=(2048, 6144),dtype=torch.bfloat16,device=npu:2) backend_work_type=Work work_ready=True
[2026-08-27 15:11:11 PP0 ATTN_CP4 TP4 EP4] [PP-OUTPUT-DEBUG] p2p work wait begin: pp_rank=0 tp_rank=0 cp_rank=4 work_index=1 work_count=4 payload=Tensor(shape=(245,),dtype=torch.uint8,device=cpu) backend_work_type=Work work_ready=False
[2026-08-27 15:11:11 PP0 ATTN_CP0 TP0 EP0] [PP-OUTPUT-DEBUG] p2p work wait begin: pp_rank=0 tp_rank=0 cp_rank=0 work_index=2 work_count=4 payload=Tensor(shape=(2048, 6144),dtype=torch.bfloat16,device=npu:0) backend_work_type=Work work_ready=True
[2026-08-27 15:11:11 PP0 ATTN_CP1 TP1 EP1] [PP-OUTPUT-DEBUG] p2p work wait end: pp_rank=0 tp_rank=0 cp_rank=1 work_index=1 work_count=4
[2026-08-27 15:11:11 PP0 ATTN_CP3 TP3 EP3] [PP-OUTPUT-DEBUG] p2p work wait begin: pp_rank=0 tp_rank=0 cp_rank=3 work_index=1 work_count=4 payload=Tensor(shape=(245,),dtype=torch.uint8,device=cpu) backend_work_type=Work work_ready=False
[2026-08-27 15:11:11 PP0 ATTN_CP6 TP6 EP6] [PP-OUTPUT-DEBUG] p2p work wait end: pp_rank=0 tp_rank=0 cp_rank=6 work_index=1 work_count=4
[2026-08-27 15:11:11 PP0 ATTN_CP7 TP7 EP7] [PP-OUTPUT-DEBUG] p2p work wait end: pp_rank=0 tp_rank=0 cp_rank=7 work_index=2 work_count=4
[2026-08-27 15:11:11 PP0 ATTN_CP2 TP2 EP2] [PP-OUTPUT-DEBUG] p2p work wait end: pp_rank=0 tp_rank=0 cp_rank=2 work_index=3 work_count=4
[2026-08-27 15:11:11 PP0 ATTN_CP4 TP4 EP4] [PP-OUTPUT-DEBUG] p2p work wait end: pp_rank=0 tp_rank=0 cp_rank=4 work_index=1 work_count=4
[2026-08-27 15:11:11 PP0 ATTN_CP0 TP0 EP0] [PP-OUTPUT-DEBUG] p2p work wait end: pp_rank=0 tp_rank=0 cp_rank=0 work_index=2 work_count=4
[2026-08-27 15:11:11 PP0 ATTN_CP3 TP3 EP3] [PP-OUTPUT-DEBUG] p2p work wait end: pp_rank=0 tp_rank=0 cp_rank=3 work_index=1 work_count=4
[2026-08-27 15:11:11 PP0 ATTN_CP1 TP1 EP1] [PP-OUTPUT-DEBUG] p2p work wait begin: pp_rank=0 tp_rank=0 cp_rank=1 work_index=2 work_count=4 payload=Tensor(shape=(2048, 6144),dtype=torch.bfloat16,device=npu:1) backend_work_type=Work work_ready=True
[2026-08-27 15:11:11 PP0 ATTN_CP6 TP6 EP6] [PP-OUTPUT-DEBUG] p2p work wait begin: pp_rank=0 tp_rank=0 cp_rank=6 work_index=2 work_count=4 payload=Tensor(shape=(2048, 6144),dtype=torch.bfloat16,device=npu:6) backend_work_type=Work work_ready=True
[2026-08-27 15:11:11 PP0 ATTN_CP7 TP7 EP7] [PP-OUTPUT-DEBUG] p2p work wait begin: pp_rank=0 tp_rank=0 cp_rank=7 work_index=3 work_count=4 payload=Tensor(shape=(2048, 6144),dtype=torch.bfloat16,device=npu:7) backend_work_type=Work work_ready=True
[2026-08-27 15:11:11 PP0 ATTN_CP0 TP0 EP0] [PP-OUTPUT-DEBUG] p2p work wait begin: pp_rank=0 tp_rank=0 cp_rank=0 work_index=3 work_count=4 payload=Tensor(shape=(2048, 6144),dtype=torch.bfloat16,device=npu:0) backend_work_type=Work work_ready=True
[2026-08-27 15:11:11 PP0 ATTN_CP4 TP4 EP4] [PP-OUTPUT-DEBUG] p2p work wait begin: pp_rank=0 tp_rank=0 cp_rank=4 work_index=2 work_count=4 payload=Tensor(shape=(2048, 6144),dtype=torch.bfloat16,device=npu:4) backend_work_type=Work work_ready=True
[2026-08-27 15:11:11 PP0 ATTN_CP1 TP1 EP1] [PP-OUTPUT-DEBUG] p2p work wait end: pp_rank=0 tp_rank=0 cp_rank=1 work_index=2 work_count=4
[2026-08-27 15:11:11 PP0 ATTN_CP3 TP3 EP3] [PP-OUTPUT-DEBUG] p2p work wait begin: pp_rank=0 tp_rank=0 cp_rank=3 work_index=2 work_count=4 payload=Tensor(shape=(2048, 6144),dtype=torch.bfloat16,device=npu:3) backend_work_type=Work work_ready=True
[2026-08-27 15:11:11 PP0 ATTN_CP6 TP6 EP6] [PP-OUTPUT-DEBUG] p2p work wait end: pp_rank=0 tp_rank=0 cp_rank=6 work_index=2 work_count=4
[2026-08-27 15:11:11 PP0 ATTN_CP7 TP7 EP7] [PP-OUTPUT-DEBUG] p2p work wait end: pp_rank=0 tp_rank=0 cp_rank=7 work_index=3 work_count=4
[2026-08-27 15:11:11 PP0 ATTN_CP0 TP0 EP0] [PP-OUTPUT-DEBUG] p2p work wait end: pp_rank=0 tp_rank=0 cp_rank=0 work_index=3 work_count=4
[2026-08-27 15:11:11 PP0 ATTN_CP4 TP4 EP4] [PP-OUTPUT-DEBUG] p2p work wait end: pp_rank=0 tp_rank=0 cp_rank=4 work_index=2 work_count=4
[2026-08-27 15:11:11 PP0 ATTN_CP1 TP1 EP1] [PP-OUTPUT-DEBUG] p2p work wait begin: pp_rank=0 tp_rank=0 cp_rank=1 work_index=3 work_count=4 payload=Tensor(shape=(2048, 6144),dtype=torch.bfloat16,device=npu:1) backend_work_type=Work work_ready=True
[2026-08-27 15:11:11 PP0 ATTN_CP3 TP3 EP3] [PP-OUTPUT-DEBUG] p2p work wait end: pp_rank=0 tp_rank=0 cp_rank=3 work_index=2 work_count=4
[2026-08-27 15:11:11 PP0 ATTN_CP6 TP6 EP6] [PP-OUTPUT-DEBUG] p2p work wait begin: pp_rank=0 tp_rank=0 cp_rank=6 work_index=3 work_count=4 payload=Tensor(shape=(2048, 6144),dtype=torch.bfloat16,device=npu:6) backend_work_type=Work work_ready=True
[2026-08-27 15:11:11 PP0 ATTN_CP1 TP1 EP1] [PP-OUTPUT-DEBUG] p2p work wait end: pp_rank=0 tp_rank=0 cp_rank=1 work_index=3 work_count=4
[2026-08-27 15:11:11 PP0 ATTN_CP4 TP4 EP4] [PP-OUTPUT-DEBUG] p2p work wait begin: pp_rank=0 tp_rank=0 cp_rank=4 work_index=3 work_count=4 payload=Tensor(shape=(2048, 6144),dtype=torch.bfloat16,device=npu:4) backend_work_type=Work work_ready=True
[2026-08-27 15:11:11 PP0 ATTN_CP3 TP3 EP3] [PP-OUTPUT-DEBUG] p2p work wait begin: pp_rank=0 tp_rank=0 cp_rank=3 work_index=3 work_count=4 payload=Tensor(shape=(2048, 6144),dtype=torch.bfloat16,device=npu:3) backend_work_type=Work work_ready=True
[2026-08-27 15:11:11 PP0 ATTN_CP6 TP6 EP6] [PP-OUTPUT-DEBUG] p2p work wait end: pp_rank=0 tp_rank=0 cp_rank=6 work_index=3 work_count=4
[2026-08-27 15:11:11 PP0 ATTN_CP4 TP4 EP4] [PP-OUTPUT-DEBUG] p2p work wait end: pp_rank=0 tp_rank=0 cp_rank=4 work_index=3 work_count=4
[2026-08-27 15:11:11 PP0 ATTN_CP3 TP3 EP3] [PP-OUTPUT-DEBUG] p2p work wait end: pp_rank=0 tp_rank=0 cp_rank=3 work_index=3 work_count=4
[2026-08-27 15:11:11 PP0 ATTN_CP5 TP5 EP5] [PP-OUTPUT-DEBUG] d2h sync begin: pp_rank=0 tp_rank=0 cp_rank=5 mb_id=1 next_mb_id=2 event=<torch_npu.npu.Event 0xaaab1f234e18> event_ready=True schedule_stream=<torch_npu.npu.Stream device=npu:5 npu_stream=0xaaab1220db28> schedule_ready=True copy_stream=<torch_npu.npu.Stream device=npu:5 npu_stream=0xaaab120e9918> copy_ready=True pending_output_work=0
[2026-08-27 15:11:11 PP0 ATTN_CP5 TP5 EP5] [PP-OUTPUT-DEBUG] d2h sync end: pp_rank=0 tp_rank=0 cp_rank=5 mb_id=1 next_mb_id=2
[2026-08-27 15:11:11 PP0 ATTN_CP5 TP5 EP5] Prefill batch, #new-seq: 1, #new-token: 16384, #cached-token: 0, token usage: 0.45, #running-req: 0, #queue-req: 11, #pending-token: 1359606, npu graph: False, input throughput (token/s): 32832.50
[2026-08-27 15:11:11 PP0 ATTN_CP0 TP0 EP0] [PP-OUTPUT-DEBUG] d2h sync begin: pp_rank=0 tp_rank=0 cp_rank=0 mb_id=1 next_mb_id=2 event=<torch_npu.npu.Event 0xaaab1e37f138> event_ready=True schedule_stream=<torch_npu.npu.Stream device=npu:0 npu_stream=0xaaab164374c8> schedule_ready=True copy_stream=<torch_npu.npu.Stream device=npu:0 npu_stream=0xaaab163132b8> copy_ready=True pending_output_work=0
[2026-08-27 15:11:11 PP0 ATTN_CP0 TP0 EP0] [PP-OUTPUT-DEBUG] d2h sync end: pp_rank=0 tp_rank=0 cp_rank=0 mb_id=1 next_mb_id=2
[2026-08-27 15:11:11 PP0 ATTN_CP1 TP1 EP1] [PP-OUTPUT-DEBUG] d2h sync begin: pp_rank=0 tp_rank=0 cp_rank=1 mb_id=1 next_mb_id=2 event=<torch_npu.npu.Event 0xaaaafb694698> event_ready=True schedule_stream=<torch_npu.npu.Stream device=npu:1 npu_stream=0xaaaaf0922068> schedule_ready=True copy_stream=<torch_npu.npu.Stream device=npu:1 npu_stream=0xaaaaf07fde58> copy_ready=True pending_output_work=0
[2026-08-27 15:11:11 PP0 ATTN_CP1 TP1 EP1] [PP-OUTPUT-DEBUG] d2h sync end: pp_rank=0 tp_rank=0 cp_rank=1 mb_id=1 next_mb_id=2
[2026-08-27 15:11:11 PP0 ATTN_CP0 TP0 EP0] Prefill batch, #new-seq: 1, #new-token: 16384, #cached-token: 0, token usage: 0.45, #running-req: 0, #queue-req: 11, #pending-token: 1359606, npu graph: False, input throughput (token/s): 32776.44
[2026-08-27 15:11:11 PP0 ATTN_CP3 TP3 EP3] [PP-OUTPUT-DEBUG] d2h sync begin: pp_rank=0 tp_rank=0 cp_rank=3 mb_id=1 next_mb_id=2 event=<torch_npu.npu.Event 0xaaab042779e8> event_ready=True schedule_stream=<torch_npu.npu.Stream device=npu:3 npu_stream=0xaaaaf75dbea8> schedule_ready=True copy_stream=<torch_npu.npu.Stream device=npu:3 npu_stream=0xaaaaf74b7c98> copy_ready=True pending_output_work=0
[2026-08-27 15:11:11 PP0 ATTN_CP7 TP7 EP7] [PP-OUTPUT-DEBUG] d2h sync begin: pp_rank=0 tp_rank=0 cp_rank=7 mb_id=1 next_mb_id=2 event=<torch_npu.npu.Event 0xaaab38f50c28> event_ready=True schedule_stream=<torch_npu.npu.Stream device=npu:7 npu_stream=0xaaab28af8468> schedule_ready=True copy_stream=<torch_npu.npu.Stream device=npu:7 npu_stream=0xaaab289d4258> copy_ready=True pending_output_work=0
[2026-08-27 15:11:11 PP0 ATTN_CP3 TP3 EP3] [PP-OUTPUT-DEBUG] d2h sync end: pp_rank=0 tp_rank=0 cp_rank=3 mb_id=1 next_mb_id=2
[2026-08-27 15:11:11 PP0 ATTN_CP6 TP6 EP6] [PP-OUTPUT-DEBUG] d2h sync begin: pp_rank=0 tp_rank=0 cp_rank=6 mb_id=1 next_mb_id=2 event=<torch_npu.npu.Event 0xaaab62337248> event_ready=True schedule_stream=<torch_npu.npu.Stream device=npu:6 npu_stream=0xaaab4eca9db8> schedule_ready=True copy_stream=<torch_npu.npu.Stream device=npu:6 npu_stream=0xaaab4eb85ba8> copy_ready=True pending_output_work=0
[2026-08-27 15:11:11 PP0 ATTN_CP7 TP7 EP7] [PP-OUTPUT-DEBUG] d2h sync end: pp_rank=0 tp_rank=0 cp_rank=7 mb_id=1 next_mb_id=2
[2026-08-27 15:11:11 PP0 ATTN_CP6 TP6 EP6] [PP-OUTPUT-DEBUG] d2h sync end: pp_rank=0 tp_rank=0 cp_rank=6 mb_id=1 next_mb_id=2
[2026-08-27 15:11:11 PP0 ATTN_CP1 TP1 EP1] Prefill batch, #new-seq: 1, #new-token: 16384, #cached-token: 0, token usage: 0.45, #running-req: 0, #queue-req: 11, #pending-token: 1359606, npu graph: False, input throughput (token/s): 32734.25
[2026-08-27 15:11:11 PP0 ATTN_CP4 TP4 EP4] [PP-OUTPUT-DEBUG] d2h sync begin: pp_rank=0 tp_rank=0 cp_rank=4 mb_id=1 next_mb_id=2 event=<torch_npu.npu.Event 0xaaab0cf9d3b8> event_ready=True schedule_stream=<torch_npu.npu.Stream device=npu:4 npu_stream=0xaaab045cbec8> schedule_ready=True copy_stream=<torch_npu.npu.Stream device=npu:4 npu_stream=0xaaab044a7cb8> copy_ready=True pending_output_work=0
[2026-08-27 15:11:11 PP0 ATTN_CP4 TP4 EP4] [PP-OUTPUT-DEBUG] d2h sync end: pp_rank=0 tp_rank=0 cp_rank=4 mb_id=1 next_mb_id=2
[2026-08-27 15:11:11 PP0 ATTN_CP7 TP7 EP7] Prefill batch, #new-seq: 1, #new-token: 16384, #cached-token: 0, token usage: 0.45, #running-req: 0, #queue-req: 11, #pending-token: 1359606, npu graph: False, input throughput (token/s): 32723.31
[2026-08-27 15:11:11 PP0 ATTN_CP3 TP3 EP3] Prefill batch, #new-seq: 1, #new-token: 16384, #cached-token: 0, token usage: 0.45, #running-req: 0, #queue-req: 11, #pending-token: 1359606, npu graph: False, input throughput (token/s): 32725.65
[2026-08-27 15:11:11 PP0 ATTN_CP6 TP6 EP6] Prefill batch, #new-seq: 1, #new-token: 16384, #cached-token: 0, token usage: 0.45, #running-req: 0, #queue-req: 11, #pending-token: 1359606, npu graph: False, input throughput (token/s): 32720.20
[2026-08-27 15:11:11 PP0 ATTN_CP4 TP4 EP4] Prefill batch, #new-seq: 1, #new-token: 16384, #cached-token: 0, token usage: 0.45, #running-req: 0, #queue-req: 11, #pending-token: 1359606, npu graph: False, input throughput (token/s): 32697.95
[2026-08-27 15:11:11 PP0 ATTN_CP2 TP2 EP2] [PP-OUTPUT-DEBUG] d2h sync begin: pp_rank=0 tp_rank=0 cp_rank=2 mb_id=1 next_mb_id=2 event=<torch_npu.npu.Event 0xaaab028478d8> event_ready=True schedule_stream=<torch_npu.npu.Stream device=npu:2 npu_stream=0xaaaaf3efae08> schedule_ready=True copy_stream=<torch_npu.npu.Stream device=npu:2 npu_stream=0xaaaaf3dd6bf8> copy_ready=True pending_output_work=0
[2026-08-27 15:11:11 PP0 ATTN_CP2 TP2 EP2] [PP-OUTPUT-DEBUG] d2h sync end: pp_rank=0 tp_rank=0 cp_rank=2 mb_id=1 next_mb_id=2
[2026-08-27 15:11:11 PP0 ATTN_CP2 TP2 EP2] Prefill batch, #new-seq: 1, #new-token: 16384, #cached-token: 0, token usage: 0.45, #running-req: 0, #queue-req: 11, #pending-token: 1359606, npu graph: False, input throughput (token/s): 32768.42
[2026-08-27 15:11:11] INFO:     141.61.94.103:58002 - "POST /generate HTTP/1.1" 200 OK
[2026-08-27 15:11:11 PP0 ATTN_CP0 TP0 EP0] [PP-OUTPUT-DEBUG] p2p work wait begin: pp_rank=0 tp_rank=0 cp_rank=0 work_index=0 work_count=2 payload=Tensor(shape=(1,),dtype=torch.int64,device=cpu) backend_work_type=Work work_ready=False
[2026-08-27 15:11:11 PP0 ATTN_CP0 TP0 EP0] [PP-OUTPUT-DEBUG] p2p work wait end: pp_rank=0 tp_rank=0 cp_rank=0 work_index=0 work_count=2
[2026-08-27 15:11:11 PP0 ATTN_CP0 TP0 EP0] [PP-OUTPUT-DEBUG] p2p work wait begin: pp_rank=0 tp_rank=0 cp_rank=0 work_index=1 work_count=2 payload=Tensor(shape=(2099065,),dtype=torch.uint8,device=cpu) backend_work_type=Work work_ready=False
[2026-08-27 15:11:11 PP0 ATTN_CP0 TP0 EP0] [PP-OUTPUT-DEBUG] p2p work wait end: pp_rank=0 tp_rank=0 cp_rank=0 work_index=1 work_count=2
[2026-08-27 15:11:12 PP0 ATTN_CP7 TP7 EP7] [PP-OUTPUT-DEBUG] commit begin: pp_rank=0 tp_rank=0 cp_rank=7 next_first_mb=0 next_mb=3 pending_send_work=0 has_pp_outputs=False
[2026-08-27 15:11:12 PP0 ATTN_CP0 TP0 EP0] [PP-OUTPUT-DEBUG] commit begin: pp_rank=0 tp_rank=0 cp_rank=0 next_first_mb=0 next_mb=3 pending_send_work=0 has_pp_outputs=False
[2026-08-27 15:11:12 PP0 ATTN_CP4 TP4 EP4] [PP-OUTPUT-DEBUG] commit begin: pp_rank=0 tp_rank=0 cp_rank=4 next_first_mb=0 next_mb=3 pending_send_work=0 has_pp_outputs=False
[2026-08-27 15:11:12 PP0 ATTN_CP2 TP2 EP2] [PP-OUTPUT-DEBUG] commit begin: pp_rank=0 tp_rank=0 cp_rank=2 next_first_mb=0 next_mb=3 pending_send_work=0 has_pp_outputs=False
[2026-08-27 15:11:12 PP0 ATTN_CP6 TP6 EP6] [PP-OUTPUT-DEBUG] commit begin: pp_rank=0 tp_rank=0 cp_rank=6 next_first_mb=0 next_mb=3 pending_send_work=0 has_pp_outputs=False
[2026-08-27 15:11:12 PP0 ATTN_CP7 TP7 EP7] [PP-OUTPUT-DEBUG] previous send committed: pp_rank=0 tp_rank=0 cp_rank=7 next_first_mb=0 next_mb=3
[2026-08-27 15:11:12 PP0 ATTN_CP0 TP0 EP0] [PP-OUTPUT-DEBUG] previous send committed: pp_rank=0 tp_rank=0 cp_rank=0 next_first_mb=0 next_mb=3
[2026-08-27 15:11:12 PP0 ATTN_CP2 TP2 EP2] [PP-OUTPUT-DEBUG] previous send committed: pp_rank=0 tp_rank=0 cp_rank=2 next_first_mb=0 next_mb=3
[2026-08-27 15:11:12 PP0 ATTN_CP3 TP3 EP3] [PP-OUTPUT-DEBUG] commit begin: pp_rank=0 tp_rank=0 cp_rank=3 next_first_mb=0 next_mb=3 pending_send_work=0 has_pp_outputs=False
[2026-08-27 15:11:12 PP0 ATTN_CP4 TP4 EP4] [PP-OUTPUT-DEBUG] previous send committed: pp_rank=0 tp_rank=0 cp_rank=4 next_first_mb=0 next_mb=3
[2026-08-27 15:11:12 PP0 ATTN_CP7 TP7 EP7] [PP-OUTPUT-DEBUG] send/recv plan: pp_rank=0 tp_rank=0 cp_rank=7 next_first_mb=0 next_mb=3 send_first=True is_last=False has_forward_output=False send_target_exists=True recv_target_exists=True last_queue_len=0
[2026-08-27 15:11:12 PP0 ATTN_CP0 TP0 EP0] [PP-OUTPUT-DEBUG] send/recv plan: pp_rank=0 tp_rank=0 cp_rank=0 next_first_mb=0 next_mb=3 send_first=True is_last=False has_forward_output=False send_target_exists=True recv_target_exists=True last_queue_len=0
[2026-08-27 15:11:12 PP0 ATTN_CP2 TP2 EP2] [PP-OUTPUT-DEBUG] send/recv plan: pp_rank=0 tp_rank=0 cp_rank=2 next_first_mb=0 next_mb=3 send_first=True is_last=False has_forward_output=False send_target_exists=True recv_target_exists=True last_queue_len=0
[2026-08-27 15:11:12 PP0 ATTN_CP6 TP6 EP6] [PP-OUTPUT-DEBUG] previous send committed: pp_rank=0 tp_rank=0 cp_rank=6 next_first_mb=0 next_mb=3
[2026-08-27 15:11:12 PP0 ATTN_CP1 TP1 EP1] [PP-OUTPUT-DEBUG] commit begin: pp_rank=0 tp_rank=0 cp_rank=1 next_first_mb=0 next_mb=3 pending_send_work=0 has_pp_outputs=False
[2026-08-27 15:11:12 PP0 ATTN_CP3 TP3 EP3] [PP-OUTPUT-DEBUG] previous send committed: pp_rank=0 tp_rank=0 cp_rank=3 next_first_mb=0 next_mb=3
[2026-08-27 15:11:12 PP0 ATTN_CP4 TP4 EP4] [PP-OUTPUT-DEBUG] send/recv plan: pp_rank=0 tp_rank=0 cp_rank=4 next_first_mb=0 next_mb=3 send_first=True is_last=False has_forward_output=False send_target_exists=True recv_target_exists=True last_queue_len=0
[2026-08-27 15:11:12 PP0 ATTN_CP6 TP6 EP6] [PP-OUTPUT-DEBUG] send/recv plan: pp_rank=0 tp_rank=0 cp_rank=6 next_first_mb=0 next_mb=3 send_first=True is_last=False has_forward_output=False send_target_exists=True recv_target_exists=True last_queue_len=0
[2026-08-27 15:11:12 PP0 ATTN_CP3 TP3 EP3] [PP-OUTPUT-DEBUG] send/recv plan: pp_rank=0 tp_rank=0 cp_rank=3 next_first_mb=0 next_mb=3 send_first=True is_last=False has_forward_output=False send_target_exists=True recv_target_exists=True last_queue_len=0
[2026-08-27 15:11:12 PP0 ATTN_CP1 TP1 EP1] [PP-OUTPUT-DEBUG] previous send committed: pp_rank=0 tp_rank=0 cp_rank=1 next_first_mb=0 next_mb=3
[2026-08-27 15:11:12 PP0 ATTN_CP1 TP1 EP1] [PP-OUTPUT-DEBUG] send/recv plan: pp_rank=0 tp_rank=0 cp_rank=1 next_first_mb=0 next_mb=3 send_first=True is_last=False has_forward_output=False send_target_exists=True recv_target_exists=True last_queue_len=0
[2026-08-27 15:11:12 PP0 ATTN_CP7 TP7 EP7] [PP-OUTPUT-DEBUG] commit end: pp_rank=0 tp_rank=0 cp_rank=7 next_first_mb=0 next_mb=3 received_output=False d2h_event=<torch_npu.npu.Event 0xaaab30d36118> new_send_work=0
[2026-08-27 15:11:12 PP0 ATTN_CP0 TP0 EP0] [PP-OUTPUT-DEBUG] commit end: pp_rank=0 tp_rank=0 cp_rank=0 next_first_mb=0 next_mb=3 received_output=False d2h_event=<torch_npu.npu.Event 0xaaab1d877d78> new_send_work=0
[2026-08-27 15:11:12 PP0 ATTN_CP2 TP2 EP2] [PP-OUTPUT-DEBUG] commit end: pp_rank=0 tp_rank=0 cp_rank=2 next_first_mb=0 next_mb=3 received_output=False d2h_event=<torch_npu.npu.Event 0xaaaafc412a98> new_send_work=0
[2026-08-27 15:11:12 PP0 ATTN_CP7 TP7 EP7] [PP-OUTPUT-DEBUG] p2p work wait begin: pp_rank=0 tp_rank=0 cp_rank=7 work_index=0 work_count=4 payload=Tensor(shape=(1,),dtype=torch.int64,device=cpu) backend_work_type=Work work_ready=False
[2026-08-27 15:11:12 PP0 ATTN_CP6 TP6 EP6] [PP-OUTPUT-DEBUG] commit end: pp_rank=0 tp_rank=0 cp_rank=6 next_first_mb=0 next_mb=3 received_output=False d2h_event=<torch_npu.npu.Event 0xaaab58983fa8> new_send_work=0
[2026-08-27 15:11:12 PP0 ATTN_CP4 TP4 EP4] [PP-OUTPUT-DEBUG] commit end: pp_rank=0 tp_rank=0 cp_rank=4 next_first_mb=0 next_mb=3 received_output=False d2h_event=<torch_npu.npu.Event 0xaaab12ab9928> new_send_work=0
[2026-08-27 15:11:12 PP0 ATTN_CP0 TP0 EP0] [PP-OUTPUT-DEBUG] p2p work wait begin: pp_rank=0 tp_rank=0 cp_rank=0 work_index=0 work_count=4 payload=Tensor(shape=(1,),dtype=torch.int64,device=cpu) backend_work_type=Work work_ready=False
[2026-08-27 15:11:12 PP0 ATTN_CP2 TP2 EP2] [PP-OUTPUT-DEBUG] p2p work wait begin: pp_rank=0 tp_rank=0 cp_rank=2 work_index=0 work_count=4 payload=Tensor(shape=(1,),dtype=torch.int64,device=cpu) backend_work_type=Work work_ready=False
[2026-08-27 15:11:12 PP0 ATTN_CP7 TP7 EP7] [PP-OUTPUT-DEBUG] p2p work wait end: pp_rank=0 tp_rank=0 cp_rank=7 work_index=0 work_count=4
[2026-08-27 15:11:12 PP0 ATTN_CP0 TP0 EP0] [PP-OUTPUT-DEBUG] p2p work wait end: pp_rank=0 tp_rank=0 cp_rank=0 work_index=0 work_count=4
[2026-08-27 15:11:12 PP0 ATTN_CP3 TP3 EP3] [PP-OUTPUT-DEBUG] commit end: pp_rank=0 tp_rank=0 cp_rank=3 next_first_mb=0 next_mb=3 received_output=False d2h_event=<torch_npu.npu.Event 0xaaab057ca198> new_send_work=0
[2026-08-27 15:11:12 PP0 ATTN_CP2 TP2 EP2] [PP-OUTPUT-DEBUG] p2p work wait end: pp_rank=0 tp_rank=0 cp_rank=2 work_index=0 work_count=4
[2026-08-27 15:11:12 PP0 ATTN_CP7 TP7 EP7] [PP-OUTPUT-DEBUG] p2p work wait begin: pp_rank=0 tp_rank=0 cp_rank=7 work_index=1 work_count=4 payload=Tensor(shape=(245,),dtype=torch.uint8,device=cpu) backend_work_type=Work work_ready=False
[2026-08-27 15:11:12 PP0 ATTN_CP1 TP1 EP1] [PP-OUTPUT-DEBUG] commit end: pp_rank=0 tp_rank=0 cp_rank=1 next_first_mb=0 next_mb=3 received_output=False d2h_event=<torch_npu.npu.Event 0xaaaaff27cbf8> new_send_work=0
[2026-08-27 15:11:12 PP0 ATTN_CP6 TP6 EP6] [PP-OUTPUT-DEBUG] p2p work wait begin: pp_rank=0 tp_rank=0 cp_rank=6 work_index=0 work_count=4 payload=Tensor(shape=(1,),dtype=torch.int64,device=cpu) backend_work_type=Work work_ready=False
[2026-08-27 15:11:12 PP0 ATTN_CP0 TP0 EP0] [PP-OUTPUT-DEBUG] p2p work wait begin: pp_rank=0 tp_rank=0 cp_rank=0 work_index=1 work_count=4 payload=Tensor(shape=(245,),dtype=torch.uint8,device=cpu) backend_work_type=Work work_ready=False
[2026-08-27 15:11:12 PP0 ATTN_CP2 TP2 EP2] [PP-OUTPUT-DEBUG] p2p work wait begin: pp_rank=0 tp_rank=0 cp_rank=2 work_index=1 work_count=4 payload=Tensor(shape=(245,),dtype=torch.uint8,device=cpu) backend_work_type=Work work_ready=False
[2026-08-27 15:11:12 PP0 ATTN_CP7 TP7 EP7] [PP-OUTPUT-DEBUG] p2p work wait end: pp_rank=0 tp_rank=0 cp_rank=7 work_index=1 work_count=4
[2026-08-27 15:11:12 PP0 ATTN_CP4 TP4 EP4] [PP-OUTPUT-DEBUG] p2p work wait begin: pp_rank=0 tp_rank=0 cp_rank=4 work_index=0 work_count=4 payload=Tensor(shape=(1,),dtype=torch.int64,device=cpu) backend_work_type=Work work_ready=False
[2026-08-27 15:11:12 PP0 ATTN_CP0 TP0 EP0] [PP-OUTPUT-DEBUG] p2p work wait end: pp_rank=0 tp_rank=0 cp_rank=0 work_index=1 work_count=4
[2026-08-27 15:11:12 PP0 ATTN_CP6 TP6 EP6] [PP-OUTPUT-DEBUG] p2p work wait end: pp_rank=0 tp_rank=0 cp_rank=6 work_index=0 work_count=4
[2026-08-27 15:11:12 PP0 ATTN_CP2 TP2 EP2] [PP-OUTPUT-DEBUG] p2p work wait end: pp_rank=0 tp_rank=0 cp_rank=2 work_index=1 work_count=4
[2026-08-27 15:11:12 PP0 ATTN_CP3 TP3 EP3] [PP-OUTPUT-DEBUG] p2p work wait begin: pp_rank=0 tp_rank=0 cp_rank=3 work_index=0 work_count=4 payload=Tensor(shape=(1,),dtype=torch.int64,device=cpu) backend_work_type=Work work_ready=False
[2026-08-27 15:11:12 PP0 ATTN_CP1 TP1 EP1] [PP-OUTPUT-DEBUG] p2p work wait begin: pp_rank=0 tp_rank=0 cp_rank=1 work_index=0 work_count=4 payload=Tensor(shape=(1,),dtype=torch.int64,device=cpu) backend_work_type=Work work_ready=False
[2026-08-27 15:11:12 PP0 ATTN_CP7 TP7 EP7] [PP-OUTPUT-DEBUG] p2p work wait begin: pp_rank=0 tp_rank=0 cp_rank=7 work_index=2 work_count=4 payload=Tensor(shape=(2048, 6144),dtype=torch.bfloat16,device=npu:7) backend_work_type=Work work_ready=True
[2026-08-27 15:11:12 PP0 ATTN_CP6 TP6 EP6] [PP-OUTPUT-DEBUG] p2p work wait begin: pp_rank=0 tp_rank=0 cp_rank=6 work_index=1 work_count=4 payload=Tensor(shape=(245,),dtype=torch.uint8,device=cpu) backend_work_type=Work work_ready=False
[2026-08-27 15:11:12 PP0 ATTN_CP0 TP0 EP0] [PP-OUTPUT-DEBUG] p2p work wait begin: pp_rank=0 tp_rank=0 cp_rank=0 work_index=2 work_count=4 payload=Tensor(shape=(2048, 6144),dtype=torch.bfloat16,device=npu:0) backend_work_type=Work work_ready=True
[2026-08-27 15:11:12 PP0 ATTN_CP2 TP2 EP2] [PP-OUTPUT-DEBUG] p2p work wait begin: pp_rank=0 tp_rank=0 cp_rank=2 work_index=2 work_count=4 payload=Tensor(shape=(2048, 6144),dtype=torch.bfloat16,device=npu:2) backend_work_type=Work work_ready=True
[2026-08-27 15:11:12 PP0 ATTN_CP4 TP4 EP4] [PP-OUTPUT-DEBUG] p2p work wait end: pp_rank=0 tp_rank=0 cp_rank=4 work_index=0 work_count=4
[2026-08-27 15:11:12 PP0 ATTN_CP3 TP3 EP3] [PP-OUTPUT-DEBUG] p2p work wait end: pp_rank=0 tp_rank=0 cp_rank=3 work_index=0 work_count=4
[2026-08-27 15:11:12 PP0 ATTN_CP1 TP1 EP1] [PP-OUTPUT-DEBUG] p2p work wait end: pp_rank=0 tp_rank=0 cp_rank=1 work_index=0 work_count=4
[2026-08-27 15:11:12 PP0 ATTN_CP6 TP6 EP6] [PP-OUTPUT-DEBUG] p2p work wait end: pp_rank=0 tp_rank=0 cp_rank=6 work_index=1 work_count=4
[2026-08-27 15:11:12 PP0 ATTN_CP7 TP7 EP7] [PP-OUTPUT-DEBUG] p2p work wait end: pp_rank=0 tp_rank=0 cp_rank=7 work_index=2 work_count=4
[2026-08-27 15:11:12 PP0 ATTN_CP0 TP0 EP0] [PP-OUTPUT-DEBUG] p2p work wait end: pp_rank=0 tp_rank=0 cp_rank=0 work_index=2 work_count=4
[2026-08-27 15:11:12 PP0 ATTN_CP2 TP2 EP2] [PP-OUTPUT-DEBUG] p2p work wait end: pp_rank=0 tp_rank=0 cp_rank=2 work_index=2 work_count=4
[2026-08-27 15:11:12 PP0 ATTN_CP3 TP3 EP3] [PP-OUTPUT-DEBUG] p2p work wait begin: pp_rank=0 tp_rank=0 cp_rank=3 work_index=1 work_count=4 payload=Tensor(shape=(245,),dtype=torch.uint8,device=cpu) backend_work_type=Work work_ready=False
[2026-08-27 15:11:12 PP0 ATTN_CP1 TP1 EP1] [PP-OUTPUT-DEBUG] p2p work wait begin: pp_rank=0 tp_rank=0 cp_rank=1 work_index=1 work_count=4 payload=Tensor(shape=(245,),dtype=torch.uint8,device=cpu) backend_work_type=Work work_ready=False
[2026-08-27 15:11:12 PP0 ATTN_CP4 TP4 EP4] [PP-OUTPUT-DEBUG] p2p work wait begin: pp_rank=0 tp_rank=0 cp_rank=4 work_index=1 work_count=4 payload=Tensor(shape=(245,),dtype=torch.uint8,device=cpu) backend_work_type=Work work_ready=False
[2026-08-27 15:11:12 PP0 ATTN_CP7 TP7 EP7] [PP-OUTPUT-DEBUG] p2p work wait begin: pp_rank=0 tp_rank=0 cp_rank=7 work_index=3 work_count=4 payload=Tensor(shape=(2048, 6144),dtype=torch.bfloat16,device=npu:7) backend_work_type=Work work_ready=True
[2026-08-27 15:11:12 PP0 ATTN_CP6 TP6 EP6] [PP-OUTPUT-DEBUG] p2p work wait begin: pp_rank=0 tp_rank=0 cp_rank=6 work_index=2 work_count=4 payload=Tensor(shape=(2048, 6144),dtype=torch.bfloat16,device=npu:6) backend_work_type=Work work_ready=True
[2026-08-27 15:11:12 PP0 ATTN_CP0 TP0 EP0] [PP-OUTPUT-DEBUG] p2p work wait begin: pp_rank=0 tp_rank=0 cp_rank=0 work_index=3 work_count=4 payload=Tensor(shape=(2048, 6144),dtype=torch.bfloat16,device=npu:0) backend_work_type=Work work_ready=True
[2026-08-27 15:11:12 PP0 ATTN_CP2 TP2 EP2] [PP-OUTPUT-DEBUG] p2p work wait begin: pp_rank=0 tp_rank=0 cp_rank=2 work_index=3 work_count=4 payload=Tensor(shape=(2048, 6144),dtype=torch.bfloat16,device=npu:2) backend_work_type=Work work_ready=True
[2026-08-27 15:11:12 PP0 ATTN_CP3 TP3 EP3] [PP-OUTPUT-DEBUG] p2p work wait end: pp_rank=0 tp_rank=0 cp_rank=3 work_index=1 work_count=4
[2026-08-27 15:11:12 PP0 ATTN_CP1 TP1 EP1] [PP-OUTPUT-DEBUG] p2p work wait end: pp_rank=0 tp_rank=0 cp_rank=1 work_index=1 work_count=4
[2026-08-27 15:11:12 PP0 ATTN_CP4 TP4 EP4] [PP-OUTPUT-DEBUG] p2p work wait end: pp_rank=0 tp_rank=0 cp_rank=4 work_index=1 work_count=4
[2026-08-27 15:11:12 PP0 ATTN_CP7 TP7 EP7] [PP-OUTPUT-DEBUG] p2p work wait end: pp_rank=0 tp_rank=0 cp_rank=7 work_index=3 work_count=4
[2026-08-27 15:11:12 PP0 ATTN_CP6 TP6 EP6] [PP-OUTPUT-DEBUG] p2p work wait end: pp_rank=0 tp_rank=0 cp_rank=6 work_index=2 work_count=4
[2026-08-27 15:11:12 PP0 ATTN_CP0 TP0 EP0] [PP-OUTPUT-DEBUG] p2p work wait end: pp_rank=0 tp_rank=0 cp_rank=0 work_index=3 work_count=4
[2026-08-27 15:11:12 PP0 ATTN_CP2 TP2 EP2] [PP-OUTPUT-DEBUG] p2p work wait end: pp_rank=0 tp_rank=0 cp_rank=2 work_index=3 work_count=4
[2026-08-27 15:11:12 PP0 ATTN_CP3 TP3 EP3] [PP-OUTPUT-DEBUG] p2p work wait begin: pp_rank=0 tp_rank=0 cp_rank=3 work_index=2 work_count=4 payload=Tensor(shape=(2048, 6144),dtype=torch.bfloat16,device=npu:3) backend_work_type=Work work_ready=True
[2026-08-27 15:11:12 PP0 ATTN_CP1 TP1 EP1] [PP-OUTPUT-DEBUG] p2p work wait begin: pp_rank=0 tp_rank=0 cp_rank=1 work_index=2 work_count=4 payload=Tensor(shape=(2048, 6144),dtype=torch.bfloat16,device=npu:1) backend_work_type=Work work_ready=True
[2026-08-27 15:11:12 PP0 ATTN_CP6 TP6 EP6] [PP-OUTPUT-DEBUG] p2p work wait begin: pp_rank=0 tp_rank=0 cp_rank=6 work_index=3 work_count=4 payload=Tensor(shape=(2048, 6144),dtype=torch.bfloat16,device=npu:6) backend_work_type=Work work_ready=True
[2026-08-27 15:11:12 PP0 ATTN_CP4 TP4 EP4] [PP-OUTPUT-DEBUG] p2p work wait begin: pp_rank=0 tp_rank=0 cp_rank=4 work_index=2 work_count=4 payload=Tensor(shape=(2048, 6144),dtype=torch.bfloat16,device=npu:4) backend_work_type=Work work_ready=True
[2026-08-27 15:11:12 PP0 ATTN_CP3 TP3 EP3] [PP-OUTPUT-DEBUG] p2p work wait end: pp_rank=0 tp_rank=0 cp_rank=3 work_index=2 work_count=4
[2026-08-27 15:11:12 PP0 ATTN_CP1 TP1 EP1] [PP-OUTPUT-DEBUG] p2p work wait end: pp_rank=0 tp_rank=0 cp_rank=1 work_index=2 work_count=4
[2026-08-27 15:11:12 PP0 ATTN_CP6 TP6 EP6] [PP-OUTPUT-DEBUG] p2p work wait end: pp_rank=0 tp_rank=0 cp_rank=6 work_index=3 work_count=4
[2026-08-27 15:11:12 PP0 ATTN_CP4 TP4 EP4] [PP-OUTPUT-DEBUG] p2p work wait end: pp_rank=0 tp_rank=0 cp_rank=4 work_index=2 work_count=4
[2026-08-27 15:11:12 PP0 ATTN_CP3 TP3 EP3] [PP-OUTPUT-DEBUG] p2p work wait begin: pp_rank=0 tp_rank=0 cp_rank=3 work_index=3 work_count=4 payload=Tensor(shape=(2048, 6144),dtype=torch.bfloat16,device=npu:3) backend_work_type=Work work_ready=True
[2026-08-27 15:11:12 PP0 ATTN_CP1 TP1 EP1] [PP-OUTPUT-DEBUG] p2p work wait begin: pp_rank=0 tp_rank=0 cp_rank=1 work_index=3 work_count=4 payload=Tensor(shape=(2048, 6144),dtype=torch.bfloat16,device=npu:1) backend_work_type=Work work_ready=True
[2026-08-27 15:11:12 PP0 ATTN_CP4 TP4 EP4] [PP-OUTPUT-DEBUG] p2p work wait begin: pp_rank=0 tp_rank=0 cp_rank=4 work_index=3 work_count=4 payload=Tensor(shape=(2048, 6144),dtype=torch.bfloat16,device=npu:4) backend_work_type=Work work_ready=True
[2026-08-27 15:11:12 PP0 ATTN_CP3 TP3 EP3] [PP-OUTPUT-DEBUG] p2p work wait end: pp_rank=0 tp_rank=0 cp_rank=3 work_index=3 work_count=4
[2026-08-27 15:11:12 PP0 ATTN_CP1 TP1 EP1] [PP-OUTPUT-DEBUG] p2p work wait end: pp_rank=0 tp_rank=0 cp_rank=1 work_index=3 work_count=4
[2026-08-27 15:11:12 PP0 ATTN_CP4 TP4 EP4] [PP-OUTPUT-DEBUG] p2p work wait end: pp_rank=0 tp_rank=0 cp_rank=4 work_index=3 work_count=4
[2026-08-27 15:11:12 PP0 ATTN_CP5 TP5 EP5] [PP-OUTPUT-DEBUG] commit begin: pp_rank=0 tp_rank=0 cp_rank=5 next_first_mb=0 next_mb=3 pending_send_work=0 has_pp_outputs=False
[2026-08-27 15:11:12 PP0 ATTN_CP5 TP5 EP5] [PP-OUTPUT-DEBUG] previous send committed: pp_rank=0 tp_rank=0 cp_rank=5 next_first_mb=0 next_mb=3
[2026-08-27 15:11:12 PP0 ATTN_CP5 TP5 EP5] [PP-OUTPUT-DEBUG] send/recv plan: pp_rank=0 tp_rank=0 cp_rank=5 next_first_mb=0 next_mb=3 send_first=True is_last=False has_forward_output=False send_target_exists=True recv_target_exists=True last_queue_len=0
[2026-08-27 15:11:12 PP0 ATTN_CP5 TP5 EP5] [PP-OUTPUT-DEBUG] commit end: pp_rank=0 tp_rank=0 cp_rank=5 next_first_mb=0 next_mb=3 received_output=False d2h_event=<torch_npu.npu.Event 0xaaab1970e668> new_send_work=0
[2026-08-27 15:11:12 PP0 ATTN_CP5 TP5 EP5] [PP-OUTPUT-DEBUG] p2p work wait begin: pp_rank=0 tp_rank=0 cp_rank=5 work_index=0 work_count=4 payload=Tensor(shape=(1,),dtype=torch.int64,device=cpu) backend_work_type=Work work_ready=False
[2026-08-27 15:11:12 PP0 ATTN_CP5 TP5 EP5] [PP-OUTPUT-DEBUG] p2p work wait end: pp_rank=0 tp_rank=0 cp_rank=5 work_index=0 work_count=4
[2026-08-27 15:11:12 PP0 ATTN_CP5 TP5 EP5] [PP-OUTPUT-DEBUG] p2p work wait begin: pp_rank=0 tp_rank=0 cp_rank=5 work_index=1 work_count=4 payload=Tensor(shape=(245,),dtype=torch.uint8,device=cpu) backend_work_type=Work work_ready=False
[2026-08-27 15:11:12 PP0 ATTN_CP5 TP5 EP5] [PP-OUTPUT-DEBUG] p2p work wait end: pp_rank=0 tp_rank=0 cp_rank=5 work_index=1 work_count=4
[2026-08-27 15:11:12 PP0 ATTN_CP5 TP5 EP5] [PP-OUTPUT-DEBUG] p2p work wait begin: pp_rank=0 tp_rank=0 cp_rank=5 work_index=2 work_count=4 payload=Tensor(shape=(2048, 6144),dtype=torch.bfloat16,device=npu:5) backend_work_type=Work work_ready=True
[2026-08-27 15:11:12 PP0 ATTN_CP5 TP5 EP5] [PP-OUTPUT-DEBUG] p2p work wait end: pp_rank=0 tp_rank=0 cp_rank=5 work_index=2 work_count=4
[2026-08-27 15:11:12 PP0 ATTN_CP5 TP5 EP5] [PP-OUTPUT-DEBUG] p2p work wait begin: pp_rank=0 tp_rank=0 cp_rank=5 work_index=3 work_count=4 payload=Tensor(shape=(2048, 6144),dtype=torch.bfloat16,device=npu:5) backend_work_type=Work work_ready=True
[2026-08-27 15:11:12 PP0 ATTN_CP5 TP5 EP5] [PP-OUTPUT-DEBUG] p2p work wait end: pp_rank=0 tp_rank=0 cp_rank=5 work_index=3 work_count=4
[2026-08-27 15:11:12] INFO:     141.61.94.103:58010 - "POST /generate HTTP/1.1" 200 OK
[2026-08-27 15:11:12 PP0 ATTN_CP3 TP3 EP3] [PP-OUTPUT-DEBUG] d2h sync begin: pp_rank=0 tp_rank=0 cp_rank=3 mb_id=2 next_mb_id=3 event=<torch_npu.npu.Event 0xaaab057ca198> event_ready=True schedule_stream=<torch_npu.npu.Stream device=npu:3 npu_stream=0xaaaaf75dbea8> schedule_ready=True copy_stream=<torch_npu.npu.Stream device=npu:3 npu_stream=0xaaaaf74b7c98> copy_ready=True pending_output_work=0
[2026-08-27 15:11:12 PP0 ATTN_CP5 TP5 EP5] [PP-OUTPUT-DEBUG] d2h sync begin: pp_rank=0 tp_rank=0 cp_rank=5 mb_id=2 next_mb_id=3 event=<torch_npu.npu.Event 0xaaab1970e668> event_ready=True schedule_stream=<torch_npu.npu.Stream device=npu:5 npu_stream=0xaaab1220db28> schedule_ready=True copy_stream=<torch_npu.npu.Stream device=npu:5 npu_stream=0xaaab120e9918> copy_ready=True pending_output_work=0
[2026-08-27 15:11:12 PP0 ATTN_CP3 TP3 EP3] [PP-OUTPUT-DEBUG] d2h sync end: pp_rank=0 tp_rank=0 cp_rank=3 mb_id=2 next_mb_id=3
[2026-08-27 15:11:12 PP0 ATTN_CP5 TP5 EP5] [PP-OUTPUT-DEBUG] d2h sync end: pp_rank=0 tp_rank=0 cp_rank=5 mb_id=2 next_mb_id=3
[2026-08-27 15:11:12 PP0 ATTN_CP7 TP7 EP7] [PP-OUTPUT-DEBUG] d2h sync begin: pp_rank=0 tp_rank=0 cp_rank=7 mb_id=2 next_mb_id=3 event=<torch_npu.npu.Event 0xaaab30d36118> event_ready=True schedule_stream=<torch_npu.npu.Stream device=npu:7 npu_stream=0xaaab28af8468> schedule_ready=True copy_stream=<torch_npu.npu.Stream device=npu:7 npu_stream=0xaaab289d4258> copy_ready=True pending_output_work=0
[2026-08-27 15:11:12 PP0 ATTN_CP7 TP7 EP7] [PP-OUTPUT-DEBUG] d2h sync end: pp_rank=0 tp_rank=0 cp_rank=7 mb_id=2 next_mb_id=3
[2026-08-27 15:11:12 PP0 ATTN_CP5 TP5 EP5] Prefill batch, #new-seq: 1, #new-token: 16384, #cached-token: 0, token usage: 0.50, #running-req: 0, #queue-req: 11, #pending-token: 1489013, npu graph: False, input throughput (token/s): 32865.39
[2026-08-27 15:11:12 PP0 ATTN_CP3 TP3 EP3] Prefill batch, #new-seq: 1, #new-token: 16384, #cached-token: 0, token usage: 0.50, #running-req: 0, #queue-req: 11, #pending-token: 1489013, npu graph: False, input throughput (token/s): 32972.36
[2026-08-27 15:11:12 PP0 ATTN_CP7 TP7 EP7] Prefill batch, #new-seq: 1, #new-token: 16384, #cached-token: 0, token usage: 0.50, #running-req: 0, #queue-req: 11, #pending-token: 1489013, npu graph: False, input throughput (token/s): 32966.92
[2026-08-27 15:11:12 PP0 ATTN_CP0 TP0 EP0] [PP-OUTPUT-DEBUG] d2h sync begin: pp_rank=0 tp_rank=0 cp_rank=0 mb_id=2 next_mb_id=3 event=<torch_npu.npu.Event 0xaaab1d877d78> event_ready=True schedule_stream=<torch_npu.npu.Stream device=npu:0 npu_stream=0xaaab164374c8> schedule_ready=True copy_stream=<torch_npu.npu.Stream device=npu:0 npu_stream=0xaaab163132b8> copy_ready=True pending_output_work=0
[2026-08-27 15:11:12 PP0 ATTN_CP0 TP0 EP0] [PP-OUTPUT-DEBUG] d2h sync end: pp_rank=0 tp_rank=0 cp_rank=0 mb_id=2 next_mb_id=3
[2026-08-27 15:11:12 PP0 ATTN_CP1 TP1 EP1] [PP-OUTPUT-DEBUG] d2h sync begin: pp_rank=0 tp_rank=0 cp_rank=1 mb_id=2 next_mb_id=3 event=<torch_npu.npu.Event 0xaaaaff27cbf8> event_ready=True schedule_stream=<torch_npu.npu.Stream device=npu:1 npu_stream=0xaaaaf0922068> schedule_ready=True copy_stream=<torch_npu.npu.Stream device=npu:1 npu_stream=0xaaaaf07fde58> copy_ready=True pending_output_work=0
[2026-08-27 15:11:12 PP0 ATTN_CP1 TP1 EP1] [PP-OUTPUT-DEBUG] d2h sync end: pp_rank=0 tp_rank=0 cp_rank=1 mb_id=2 next_mb_id=3
[2026-08-27 15:11:12 PP0 ATTN_CP0 TP0 EP0] Prefill batch, #new-seq: 1, #new-token: 16384, #cached-token: 0, token usage: 0.50, #running-req: 0, #queue-req: 11, #pending-token: 1489013, npu graph: False, input throughput (token/s): 32882.74
[2026-08-27 15:11:12 PP0 ATTN_CP4 TP4 EP4] [PP-OUTPUT-DEBUG] d2h sync begin: pp_rank=0 tp_rank=0 cp_rank=4 mb_id=2 next_mb_id=3 event=<torch_npu.npu.Event 0xaaab12ab9928> event_ready=True schedule_stream=<torch_npu.npu.Stream device=npu:4 npu_stream=0xaaab045cbec8> schedule_ready=True copy_stream=<torch_npu.npu.Stream device=npu:4 npu_stream=0xaaab044a7cb8> copy_ready=True pending_output_work=0
[2026-08-27 15:11:12 PP0 ATTN_CP6 TP6 EP6] [PP-OUTPUT-DEBUG] d2h sync begin: pp_rank=0 tp_rank=0 cp_rank=6 mb_id=2 next_mb_id=3 event=<torch_npu.npu.Event 0xaaab58983fa8> event_ready=True schedule_stream=<torch_npu.npu.Stream device=npu:6 npu_stream=0xaaab4eca9db8> schedule_ready=True copy_stream=<torch_npu.npu.Stream device=npu:6 npu_stream=0xaaab4eb85ba8> copy_ready=True pending_output_work=0
[2026-08-27 15:11:12 PP0 ATTN_CP4 TP4 EP4] [PP-OUTPUT-DEBUG] d2h sync end: pp_rank=0 tp_rank=0 cp_rank=4 mb_id=2 next_mb_id=3
[2026-08-27 15:11:12 PP0 ATTN_CP6 TP6 EP6] [PP-OUTPUT-DEBUG] d2h sync end: pp_rank=0 tp_rank=0 cp_rank=6 mb_id=2 next_mb_id=3
[2026-08-27 15:11:12 PP0 ATTN_CP1 TP1 EP1] Prefill batch, #new-seq: 1, #new-token: 16384, #cached-token: 0, token usage: 0.50, #running-req: 0, #queue-req: 11, #pending-token: 1489013, npu graph: False, input throughput (token/s): 32881.74
[2026-08-27 15:11:12 PP0 ATTN_CP6 TP6 EP6] Prefill batch, #new-seq: 1, #new-token: 16384, #cached-token: 0, token usage: 0.50, #running-req: 0, #queue-req: 11, #pending-token: 1489013, npu graph: False, input throughput (token/s): 32871.50
[2026-08-27 15:11:12 PP0 ATTN_CP4 TP4 EP4] Prefill batch, #new-seq: 1, #new-token: 16384, #cached-token: 0, token usage: 0.50, #running-req: 0, #queue-req: 11, #pending-token: 1489013, npu graph: False, input throughput (token/s): 32894.21
[2026-08-27 15:11:12 PP0 ATTN_CP2 TP2 EP2] [PP-OUTPUT-DEBUG] d2h sync begin: pp_rank=0 tp_rank=0 cp_rank=2 mb_id=2 next_mb_id=3 event=<torch_npu.npu.Event 0xaaaafc412a98> event_ready=True schedule_stream=<torch_npu.npu.Stream device=npu:2 npu_stream=0xaaaaf3efae08> schedule_ready=True copy_stream=<torch_npu.npu.Stream device=npu:2 npu_stream=0xaaaaf3dd6bf8> copy_ready=True pending_output_work=0
[2026-08-27 15:11:12 PP0 ATTN_CP2 TP2 EP2] [PP-OUTPUT-DEBUG] d2h sync end: pp_rank=0 tp_rank=0 cp_rank=2 mb_id=2 next_mb_id=3
[2026-08-27 15:11:12 PP0 ATTN_CP2 TP2 EP2] Prefill batch, #new-seq: 1, #new-token: 16384, #cached-token: 0, token usage: 0.50, #running-req: 0, #queue-req: 11, #pending-token: 1489013, npu graph: False, input throughput (token/s): 33031.07
[2026-08-27 15:11:12 PP0 ATTN_CP0 TP0 EP0] [PP-OUTPUT-DEBUG] p2p work wait begin: pp_rank=0 tp_rank=0 cp_rank=0 work_index=0 work_count=2 payload=Tensor(shape=(1,),dtype=torch.int64,device=cpu) backend_work_type=Work work_ready=False
[2026-08-27 15:11:12] INFO:     141.61.94.103:58014 - "POST /generate HTTP/1.1" 200 OK
[2026-08-27 15:11:13] INFO:     141.61.94.103:58024 - "POST /generate HTTP/1.1" 200 OK
[2026-08-27 15:11:13] INFO:     141.61.94.103:58036 - "POST /generate HTTP/1.1" 200 OK
[2026-08-27 15:11:13] INFO:     141.61.94.103:58050 - "POST /generate HTTP/1.1" 200 OK
[2026-08-27 15:11:14] INFO:     141.61.94.103:58066 - "POST /generate HTTP/1.1" 200 OK
[2026-08-27 15:11:14] INFO:     141.61.94.103:58070 - "POST /generate HTTP/1.1" 200 OK

