[2026-08-27 12:21:37 PP0 ATTN_CP3 TP3 EP3] [PP-OUTPUT-DEBUG] commit begin: pp_rank=0 tp_rank=0 cp_rank=3 next_first_mb=0 next_mb=1 pending_send_work=0 has_pp_outputs=False
[2026-08-27 12:21:37 PP0 ATTN_CP2 TP2 EP2] [PP-OUTPUT-DEBUG] send/recv plan: pp_rank=0 tp_rank=0 cp_rank=2 next_first_mb=0 next_mb=1 send_first=True is_last=False has_forward_output=False send_target_exists=False recv_target_exists=False last_queue_len=0
[2026-08-27 12:21:37 PP0 ATTN_CP0 TP0 EP0] [PP-OUTPUT-DEBUG] previous send committed: pp_rank=0 tp_rank=0 cp_rank=0 next_first_mb=0 next_mb=1
[2026-08-27 12:21:37 PP0 ATTN_CP5 TP5 EP5] [PP-OUTPUT-DEBUG] send/recv plan: pp_rank=0 tp_rank=0 cp_rank=5 next_first_mb=0 next_mb=1 send_first=True is_last=False has_forward_output=False send_target_exists=False recv_target_exists=False last_queue_len=0
[2026-08-27 12:21:37 PP0 ATTN_CP4 TP4 EP4] [PP-OUTPUT-DEBUG] send/recv plan: pp_rank=0 tp_rank=0 cp_rank=4 next_first_mb=0 next_mb=1 send_first=True is_last=False has_forward_output=False send_target_exists=False recv_target_exists=False last_queue_len=0
[2026-08-27 12:21:37 PP0 ATTN_CP7 TP7 EP7] [PP-OUTPUT-DEBUG] previous send committed: pp_rank=0 tp_rank=0 cp_rank=7 next_first_mb=0 next_mb=1
[2026-08-27 12:21:37 PP0 ATTN_CP0 TP0 EP0] [PP-OUTPUT-DEBUG] send/recv plan: pp_rank=0 tp_rank=0 cp_rank=0 next_first_mb=0 next_mb=1 send_first=True is_last=False has_forward_output=False send_target_exists=False recv_target_exists=False last_queue_len=0
[2026-08-27 12:21:37 PP0 ATTN_CP1 TP1 EP1] [PP-OUTPUT-DEBUG] send/recv plan: pp_rank=0 tp_rank=0 cp_rank=1 next_first_mb=0 next_mb=1 send_first=True is_last=False has_forward_output=False send_target_exists=False recv_target_exists=False last_queue_len=0
[2026-08-27 12:21:37 PP0 ATTN_CP6 TP6 EP6] [PP-OUTPUT-DEBUG] send/recv plan: pp_rank=0 tp_rank=0 cp_rank=6 next_first_mb=0 next_mb=1 send_first=True is_last=False has_forward_output=False send_target_exists=False recv_target_exists=False last_queue_len=0
[2026-08-27 12:21:37 PP0 ATTN_CP2 TP2 EP2] [PP-OUTPUT-DEBUG] commit end: pp_rank=0 tp_rank=0 cp_rank=2 next_first_mb=0 next_mb=1 received_output=False d2h_event=None new_send_work=0
[2026-08-27 12:21:37 PP0 ATTN_CP3 TP3 EP3] [PP-OUTPUT-DEBUG] previous send committed: pp_rank=0 tp_rank=0 cp_rank=3 next_first_mb=0 next_mb=1
[2026-08-27 12:21:37 PP0 ATTN_CP5 TP5 EP5] [PP-OUTPUT-DEBUG] commit end: pp_rank=0 tp_rank=0 cp_rank=5 next_first_mb=0 next_mb=1 received_output=False d2h_event=None new_send_work=0
[2026-08-27 12:21:37 PP0 ATTN_CP4 TP4 EP4] [PP-OUTPUT-DEBUG] commit end: pp_rank=0 tp_rank=0 cp_rank=4 next_first_mb=0 next_mb=1 received_output=False d2h_event=None new_send_work=0
[2026-08-27 12:21:37 PP0 ATTN_CP7 TP7 EP7] [PP-OUTPUT-DEBUG] send/recv plan: pp_rank=0 tp_rank=0 cp_rank=7 next_first_mb=0 next_mb=1 send_first=True is_last=False has_forward_output=False send_target_exists=False recv_target_exists=False last_queue_len=0
[2026-08-27 12:21:37 PP0 ATTN_CP0 TP0 EP0] [PP-OUTPUT-DEBUG] commit end: pp_rank=0 tp_rank=0 cp_rank=0 next_first_mb=0 next_mb=1 received_output=False d2h_event=None new_send_work=0
[2026-08-27 12:21:37 PP0 ATTN_CP1 TP1 EP1] [PP-OUTPUT-DEBUG] commit end: pp_rank=0 tp_rank=0 cp_rank=1 next_first_mb=0 next_mb=1 received_output=False d2h_event=None new_send_work=0
[2026-08-27 12:21:37 PP0 ATTN_CP6 TP6 EP6] [PP-OUTPUT-DEBUG] commit end: pp_rank=0 tp_rank=0 cp_rank=6 next_first_mb=0 next_mb=1 received_output=False d2h_event=None new_send_work=0
[2026-08-27 12:21:37 PP0 ATTN_CP3 TP3 EP3] [PP-OUTPUT-DEBUG] send/recv plan: pp_rank=0 tp_rank=0 cp_rank=3 next_first_mb=0 next_mb=1 send_first=True is_last=False has_forward_output=False send_target_exists=False recv_target_exists=False last_queue_len=0
[2026-08-27 12:21:37 PP0 ATTN_CP7 TP7 EP7] [PP-OUTPUT-DEBUG] commit end: pp_rank=0 tp_rank=0 cp_rank=7 next_first_mb=0 next_mb=1 received_output=False d2h_event=None new_send_work=0
[2026-08-27 12:21:37 PP0 ATTN_CP3 TP3 EP3] [PP-OUTPUT-DEBUG] commit end: pp_rank=0 tp_rank=0 cp_rank=3 next_first_mb=0 next_mb=1 received_output=False d2h_event=None new_send_work=0
[2026-08-27 12:21:37 PP0 ATTN_CP2 TP2 EP2] [PP-OUTPUT-DEBUG] commit begin: pp_rank=0 tp_rank=0 cp_rank=2 next_first_mb=1 next_mb=0 pending_send_work=0 has_pp_outputs=False
[2026-08-27 12:21:37 PP0 ATTN_CP5 TP5 EP5] [PP-OUTPUT-DEBUG] commit begin: pp_rank=0 tp_rank=0 cp_rank=5 next_first_mb=1 next_mb=0 pending_send_work=0 has_pp_outputs=False
[2026-08-27 12:21:37 PP0 ATTN_CP4 TP4 EP4] [PP-OUTPUT-DEBUG] commit begin: pp_rank=0 tp_rank=0 cp_rank=4 next_first_mb=1 next_mb=0 pending_send_work=0 has_pp_outputs=False
[2026-08-27 12:21:37 PP0 ATTN_CP1 TP1 EP1] [PP-OUTPUT-DEBUG] commit begin: pp_rank=0 tp_rank=0 cp_rank=1 next_first_mb=1 next_mb=0 pending_send_work=0 has_pp_outputs=False
[2026-08-27 12:21:37 PP0 ATTN_CP6 TP6 EP6] [PP-OUTPUT-DEBUG] commit begin: pp_rank=0 tp_rank=0 cp_rank=6 next_first_mb=1 next_mb=0 pending_send_work=0 has_pp_outputs=False
[2026-08-27 12:21:37 PP0 ATTN_CP2 TP2 EP2] [PP-OUTPUT-DEBUG] previous send committed: pp_rank=0 tp_rank=0 cp_rank=2 next_first_mb=1 next_mb=0
[2026-08-27 12:21:37 PP0 ATTN_CP0 TP0 EP0] [PP-OUTPUT-DEBUG] commit begin: pp_rank=0 tp_rank=0 cp_rank=0 next_first_mb=1 next_mb=0 pending_send_work=0 has_pp_outputs=False
[2026-08-27 12:21:37 PP0 ATTN_CP4 TP4 EP4] [PP-OUTPUT-DEBUG] previous send committed: pp_rank=0 tp_rank=0 cp_rank=4 next_first_mb=1 next_mb=0
[2026-08-27 12:21:37 PP0 ATTN_CP5 TP5 EP5] [PP-OUTPUT-DEBUG] previous send committed: pp_rank=0 tp_rank=0 cp_rank=5 next_first_mb=1 next_mb=0
[2026-08-27 12:21:37 PP0 ATTN_CP1 TP1 EP1] [PP-OUTPUT-DEBUG] previous send committed: pp_rank=0 tp_rank=0 cp_rank=1 next_first_mb=1 next_mb=0
[2026-08-27 12:21:37 PP0 ATTN_CP6 TP6 EP6] [PP-OUTPUT-DEBUG] previous send committed: pp_rank=0 tp_rank=0 cp_rank=6 next_first_mb=1 next_mb=0
[2026-08-27 12:21:37 PP0 ATTN_CP2 TP2 EP2] [PP-OUTPUT-DEBUG] send/recv plan: pp_rank=0 tp_rank=0 cp_rank=2 next_first_mb=1 next_mb=0 send_first=True is_last=False has_forward_output=False send_target_exists=False recv_target_exists=False last_queue_len=0
[2026-08-27 12:21:37 PP0 ATTN_CP3 TP3 EP3] [PP-OUTPUT-DEBUG] commit begin: pp_rank=0 tp_rank=0 cp_rank=3 next_first_mb=1 next_mb=0 pending_send_work=0 has_pp_outputs=False
[2026-08-27 12:21:37 PP0 ATTN_CP7 TP7 EP7] [PP-OUTPUT-DEBUG] commit begin: pp_rank=0 tp_rank=0 cp_rank=7 next_first_mb=1 next_mb=0 pending_send_work=0 has_pp_outputs=False
[2026-08-27 12:21:37 PP0 ATTN_CP0 TP0 EP0] [PP-OUTPUT-DEBUG] previous send committed: pp_rank=0 tp_rank=0 cp_rank=0 next_first_mb=1 next_mb=0
[2026-08-27 12:21:37 PP0 ATTN_CP4 TP4 EP4] [PP-OUTPUT-DEBUG] send/recv plan: pp_rank=0 tp_rank=0 cp_rank=4 next_first_mb=1 next_mb=0 send_first=True is_last=False has_forward_output=False send_target_exists=False recv_target_exists=False last_queue_len=0
[2026-08-27 12:21:37 PP0 ATTN_CP5 TP5 EP5] [PP-OUTPUT-DEBUG] send/recv plan: pp_rank=0 tp_rank=0 cp_rank=5 next_first_mb=1 next_mb=0 send_first=True is_last=False has_forward_output=False send_target_exists=False recv_target_exists=False last_queue_len=0
[2026-08-27 12:21:37 PP0 ATTN_CP1 TP1 EP1] [PP-OUTPUT-DEBUG] send/recv plan: pp_rank=0 tp_rank=0 cp_rank=1 next_first_mb=1 next_mb=0 send_first=True is_last=False has_forward_output=False send_target_exists=False recv_target_exists=False last_queue_len=0
[2026-08-27 12:21:37 PP0 ATTN_CP6 TP6 EP6] [PP-OUTPUT-DEBUG] send/recv plan: pp_rank=0 tp_rank=0 cp_rank=6 next_first_mb=1 next_mb=0 send_first=True is_last=False has_forward_output=False send_target_exists=False recv_target_exists=False last_queue_len=0
[2026-08-27 12:21:37 PP0 ATTN_CP2 TP2 EP2] [PP-OUTPUT-DEBUG] commit end: pp_rank=0 tp_rank=0 cp_rank=2 next_first_mb=1 next_mb=0 received_output=False d2h_event=None new_send_work=0
[2026-08-27 12:21:37 PP0 ATTN_CP3 TP3 EP3] [PP-OUTPUT-DEBUG] previous send committed: pp_rank=0 tp_rank=0 cp_rank=3 next_first_mb=1 next_mb=0
[2026-08-27 12:21:37 PP0 ATTN_CP7 TP7 EP7] [PP-OUTPUT-DEBUG] previous send committed: pp_rank=0 tp_rank=0 cp_rank=7 next_first_mb=1 next_mb=0
[2026-08-27 12:21:37 PP0 ATTN_CP0 TP0 EP0] [PP-OUTPUT-DEBUG] send/recv plan: pp_rank=0 tp_rank=0 cp_rank=0 next_first_mb=1 next_mb=0 send_first=True is_last=False has_forward_output=False send_target_exists=False recv_target_exists=False last_queue_len=0
[2026-08-27 12:21:37 PP0 ATTN_CP4 TP4 EP4] [PP-OUTPUT-DEBUG] commit end: pp_rank=0 tp_rank=0 cp_rank=4 next_first_mb=1 next_mb=0 received_output=False d2h_event=None new_send_work=0
[2026-08-27 12:21:37 PP0 ATTN_CP5 TP5 EP5] [PP-OUTPUT-DEBUG] commit end: pp_rank=0 tp_rank=0 cp_rank=5 next_first_mb=1 next_mb=0 received_output=False d2h_event=None new_send_work=0
[2026-08-27 12:21:37 PP0 ATTN_CP1 TP1 EP1] [PP-OUTPUT-DEBUG] commit end: pp_rank=0 tp_rank=0 cp_rank=1 next_first_mb=1 next_mb=0 received_output=False d2h_event=None new_send_work=0
[2026-08-27 12:21:37 PP0 ATTN_CP6 TP6 EP6] [PP-OUTPUT-DEBUG] commit end: pp_rank=0 tp_rank=0 cp_rank=6 next_first_mb=1 next_mb=0 received_output=False d2h_event=None new_send_work=0
[2026-08-27 12:21:37 PP0 ATTN_CP3 TP3 EP3] [PP-OUTPUT-DEBUG] send/recv plan: pp_rank=0 tp_rank=0 cp_rank=3 next_first_mb=1 next_mb=0 send_first=True is_last=False has_forward_output=False send_target_exists=False recv_target_exists=False last_queue_len=0
[2026-08-27 12:21:37 PP0 ATTN_CP7 TP7 EP7] [PP-OUTPUT-DEBUG] send/recv plan: pp_rank=0 tp_rank=0 cp_rank=7 next_first_mb=1 next_mb=0 send_first=True is_last=False has_forward_output=False send_target_exists=False recv_target_exists=False last_queue_len=0
[2026-08-27 12:21:37 PP0 ATTN_CP0 TP0 EP0] [PP-OUTPUT-DEBUG] commit end: pp_rank=0 tp_rank=0 cp_rank=0 next_first_mb=1 next_mb=0 received_output=False d2h_event=None new_send_work=0
[2026-08-27 12:21:37 PP0 ATTN_CP3 TP3 EP3] [PP-OUTPUT-DEBUG] commit end: pp_rank=0 tp_rank=0 cp_rank=3 next_first_mb=1 next_mb=0 received_output=False d2h_event=None new_send_work=0
[2026-08-27 12:21:37 PP0 ATTN_CP7 TP7 EP7] [PP-OUTPUT-DEBUG] commit end: pp_rank=0 tp_rank=0 cp_rank=7 next_first_mb=1 next_mb=0 received_output=False d2h_event=None new_send_work=0
[2026-08-27 12:21:37 PP0 ATTN_CP5 TP5 EP5] [PP-OUTPUT-DEBUG] commit begin: pp_rank=0 tp_rank=0 cp_rank=5 next_first_mb=0 next_mb=1 pending_send_work=0 has_pp_outputs=False
[2026-08-27 12:21:37 PP0 ATTN_CP2 TP2 EP2] [PP-OUTPUT-DEBUG] commit begin: pp_rank=0 tp_rank=0 cp_rank=2 next_first_mb=0 next_mb=1 pending_send_work=0 has_pp_outputs=False
[2026-08-27 12:21:37 PP0 ATTN_CP4 TP4 EP4] [PP-OUTPUT-DEBUG] commit begin: pp_rank=0 tp_rank=0 cp_rank=4 next_first_mb=0 next_mb=1 pending_send_work=0 has_pp_outputs=False
[2026-08-27 12:21:37 PP0 ATTN_CP1 TP1 EP1] [PP-OUTPUT-DEBUG] commit begin: pp_rank=0 tp_rank=0 cp_rank=1 next_first_mb=0 next_mb=1 pending_send_work=0 has_pp_outputs=False
[2026-08-27 12:21:37 PP0 ATTN_CP6 TP6 EP6] [PP-OUTPUT-DEBUG] commit begin: pp_rank=0 tp_rank=0 cp_rank=6 next_first_mb=0 next_mb=1 pending_send_work=0 has_pp_outputs=False
[2026-08-27 12:21:37 PP0 ATTN_CP0 TP0 EP0] [PP-OUTPUT-DEBUG] commit begin: pp_rank=0 tp_rank=0 cp_rank=0 next_first_mb=0 next_mb=1 pending_send_work=0 has_pp_outputs=False
[2026-08-27 12:21:37 PP0 ATTN_CP2 TP2 EP2] [PP-OUTPUT-DEBUG] previous send committed: pp_rank=0 tp_rank=0 cp_rank=2 next_first_mb=0 next_mb=1
[2026-08-27 12:21:37 PP0 ATTN_CP5 TP5 EP5] [PP-OUTPUT-DEBUG] previous send committed: pp_rank=0 tp_rank=0 cp_rank=5 next_first_mb=0 next_mb=1
[2026-08-27 12:21:37 PP0 ATTN_CP4 TP4 EP4] [PP-OUTPUT-DEBUG] previous send committed: pp_rank=0 tp_rank=0 cp_rank=4 next_first_mb=0 next_mb=1
[2026-08-27 12:21:37 PP0 ATTN_CP1 TP1 EP1] [PP-OUTPUT-DEBUG] previous send committed: pp_rank=0 tp_rank=0 cp_rank=1 next_first_mb=0 next_mb=1
[2026-08-27 12:21:37 PP0 ATTN_CP3 TP3 EP3] [PP-OUTPUT-DEBUG] commit begin: pp_rank=0 tp_rank=0 cp_rank=3 next_first_mb=0 next_mb=1 pending_send_work=0 has_pp_outputs=False
[2026-08-27 12:21:37 PP0 ATTN_CP6 TP6 EP6] [PP-OUTPUT-DEBUG] previous send committed: pp_rank=0 tp_rank=0 cp_rank=6 next_first_mb=0 next_mb=1
[2026-08-27 12:21:37 PP0 ATTN_CP2 TP2 EP2] [PP-OUTPUT-DEBUG] send/recv plan: pp_rank=0 tp_rank=0 cp_rank=2 next_first_mb=0 next_mb=1 send_first=True is_last=False has_forward_output=False send_target_exists=False recv_target_exists=False last_queue_len=0
[2026-08-27 12:21:37 PP0 ATTN_CP0 TP0 EP0] [PP-OUTPUT-DEBUG] previous send committed: pp_rank=0 tp_rank=0 cp_rank=0 next_first_mb=0 next_mb=1
[2026-08-27 12:21:37 PP0 ATTN_CP4 TP4 EP4] [PP-OUTPUT-DEBUG] send/recv plan: pp_rank=0 tp_rank=0 cp_rank=4 next_first_mb=0 next_mb=1 send_first=True is_last=False has_forward_output=False send_target_exists=False recv_target_exists=False last_queue_len=0
[2026-08-27 12:21:37 PP0 ATTN_CP7 TP7 EP7] [PP-OUTPUT-DEBUG] commit begin: pp_rank=0 tp_rank=0 cp_rank=7 next_first_mb=0 next_mb=1 pending_send_work=0 has_pp_outputs=False
[2026-08-27 12:21:37 PP0 ATTN_CP5 TP5 EP5] [PP-OUTPUT-DEBUG] send/recv plan: pp_rank=0 tp_rank=0 cp_rank=5 next_first_mb=0 next_mb=1 send_first=True is_last=False has_forward_output=False send_target_exists=False recv_target_exists=False last_queue_len=0
[2026-08-27 12:21:37 PP0 ATTN_CP1 TP1 EP1] [PP-OUTPUT-DEBUG] send/recv plan: pp_rank=0 tp_rank=0 cp_rank=1 next_first_mb=0 next_mb=1 send_first=True is_last=False has_forward_output=False send_target_exists=False recv_target_exists=False last_queue_len=0
[2026-08-27 12:21:37 PP0 ATTN_CP6 TP6 EP6] [PP-OUTPUT-DEBUG] send/recv plan: pp_rank=0 tp_rank=0 cp_rank=6 next_first_mb=0 next_mb=1 send_first=True is_last=False has_forward_output=False send_target_exists=False recv_target_exists=False last_queue_len=0
[2026-08-27 12:21:37 PP0 ATTN_CP3 TP3 EP3] [PP-OUTPUT-DEBUG] previous send committed: pp_rank=0 tp_rank=0 cp_rank=3 next_first_mb=0 next_mb=1
[2026-08-27 12:21:37 PP0 ATTN_CP2 TP2 EP2] [PP-OUTPUT-DEBUG] commit end: pp_rank=0 tp_rank=0 cp_rank=2 next_first_mb=0 next_mb=1 received_output=False d2h_event=None new_send_work=0
[2026-08-27 12:21:37 PP0 ATTN_CP0 TP0 EP0] [PP-OUTPUT-DEBUG] send/recv plan: pp_rank=0 tp_rank=0 cp_rank=0 next_first_mb=0 next_mb=1 send_first=True is_last=False has_forward_output=False send_target_exists=False recv_target_exists=False last_queue_len=0
[2026-08-27 12:21:37 PP0 ATTN_CP4 TP4 EP4] [PP-OUTPUT-DEBUG] commit end: pp_rank=0 tp_rank=0 cp_rank=4 next_first_mb=0 next_mb=1 received_output=False d2h_event=None new_send_work=0
[2026-08-27 12:21:37 PP0 ATTN_CP7 TP7 EP7] [PP-OUTPUT-DEBUG] previous send committed: pp_rank=0 tp_rank=0 cp_rank=7 next_first_mb=0 next_mb=1
[2026-08-27 12:21:37 PP0 ATTN_CP5 TP5 EP5] [PP-OUTPUT-DEBUG] commit end: pp_rank=0 tp_rank=0 cp_rank=5 next_first_mb=0 next_mb=1 received_output=False d2h_event=None new_send_work=0
[2026-08-27 12:21:37 PP0 ATTN_CP1 TP1 EP1] [PP-OUTPUT-DEBUG] commit end: pp_rank=0 tp_rank=0 cp_rank=1 next_first_mb=0 next_mb=1 received_output=False d2h_event=None new_send_work=0
[2026-08-27 12:21:37 PP0 ATTN_CP6 TP6 EP6] [PP-OUTPUT-DEBUG] commit end: pp_rank=0 tp_rank=0 cp_rank=6 next_first_mb=0 next_mb=1 received_output=False d2h_event=None new_send_work=0
[2026-08-27 12:21:37 PP0 ATTN_CP3 TP3 EP3] [PP-OUTPUT-DEBUG] send/recv plan: pp_rank=0 tp_rank=0 cp_rank=3 next_first_mb=0 next_mb=1 send_first=True is_last=False has_forward_output=False send_target_exists=False recv_target_exists=False last_queue_len=0
[2026-08-27 12:21:37 PP0 ATTN_CP0 TP0 EP0] [PP-OUTPUT-DEBUG] commit end: pp_rank=0 tp_rank=0 cp_rank=0 next_first_mb=0 next_mb=1 received_output=False d2h_event=None new_send_work=0
[2026-08-27 12:21:37 PP0 ATTN_CP7 TP7 EP7] [PP-OUTPUT-DEBUG] send/recv plan: pp_rank=0 tp_rank=0 cp_rank=7 next_first_mb=0 next_mb=1 send_first=True is_last=False has_forward_output=False send_target_exists=False recv_target_exists=False last_queue_len=0
[2026-08-27 12:21:37 PP0 ATTN_CP3 TP3 EP3] [PP-OUTPUT-DEBUG] commit end: pp_rank=0 tp_rank=0 cp_rank=3 next_first_mb=0 next_mb=1 received_output=False d2h_event=None new_send_work=0
[2026-08-27 12:21:37 PP0 ATTN_CP7 TP7 EP7] [PP-OUTPUT-DEBUG] commit end: pp_rank=0 tp_rank=0 cp_rank=7 next_first_mb=0 next_mb=1 received_output=False d2h_event=None new_send_work=0
[2026-08-27 12:21:37] INFO:     141.61.94.103:58204 - "POST /generate HTTP/1.1" 200 OK
[2026-08-27 12:21:37 PP0 ATTN_CP2 TP2 EP2] [PP-OUTPUT-DEBUG] commit begin: pp_rank=0 tp_rank=0 cp_rank=2 next_first_mb=1 next_mb=0 pending_send_work=0 has_pp_outputs=False
[2026-08-27 12:21:37 PP0 ATTN_CP4 TP4 EP4] [PP-OUTPUT-DEBUG] commit begin: pp_rank=0 tp_rank=0 cp_rank=4 next_first_mb=1 next_mb=0 pending_send_work=0 has_pp_outputs=False
[2026-08-27 12:21:37 PP0 ATTN_CP6 TP6 EP6] [PP-OUTPUT-DEBUG] commit begin: pp_rank=0 tp_rank=0 cp_rank=6 next_first_mb=1 next_mb=0 pending_send_work=0 has_pp_outputs=False
[2026-08-27 12:21:37 PP0 ATTN_CP5 TP5 EP5] [PP-OUTPUT-DEBUG] commit begin: pp_rank=0 tp_rank=0 cp_rank=5 next_first_mb=1 next_mb=0 pending_send_work=0 has_pp_outputs=False
[2026-08-27 12:21:37 PP0 ATTN_CP0 TP0 EP0] [PP-OUTPUT-DEBUG] commit begin: pp_rank=0 tp_rank=0 cp_rank=0 next_first_mb=1 next_mb=0 pending_send_work=0 has_pp_outputs=False
[2026-08-27 12:21:37 PP0 ATTN_CP1 TP1 EP1] [PP-OUTPUT-DEBUG] commit begin: pp_rank=0 tp_rank=0 cp_rank=1 next_first_mb=1 next_mb=0 pending_send_work=0 has_pp_outputs=False
[2026-08-27 12:21:37 PP0 ATTN_CP2 TP2 EP2] [PP-OUTPUT-DEBUG] previous send committed: pp_rank=0 tp_rank=0 cp_rank=2 next_first_mb=1 next_mb=0
[2026-08-27 12:21:37 PP0 ATTN_CP4 TP4 EP4] [PP-OUTPUT-DEBUG] previous send committed: pp_rank=0 tp_rank=0 cp_rank=4 next_first_mb=1 next_mb=0
[2026-08-27 12:21:37 PP0 ATTN_CP7 TP7 EP7] [PP-OUTPUT-DEBUG] commit begin: pp_rank=0 tp_rank=0 cp_rank=7 next_first_mb=1 next_mb=0 pending_send_work=0 has_pp_outputs=False
[2026-08-27 12:21:37 PP0 ATTN_CP6 TP6 EP6] [PP-OUTPUT-DEBUG] previous send committed: pp_rank=0 tp_rank=0 cp_rank=6 next_first_mb=1 next_mb=0
[2026-08-27 12:21:37 PP0 ATTN_CP5 TP5 EP5] [PP-OUTPUT-DEBUG] previous send committed: pp_rank=0 tp_rank=0 cp_rank=5 next_first_mb=1 next_mb=0
[2026-08-27 12:21:37 PP0 ATTN_CP0 TP0 EP0] [PP-OUTPUT-DEBUG] previous send committed: pp_rank=0 tp_rank=0 cp_rank=0 next_first_mb=1 next_mb=0
[2026-08-27 12:21:37 PP0 ATTN_CP3 TP3 EP3] [PP-OUTPUT-DEBUG] commit begin: pp_rank=0 tp_rank=0 cp_rank=3 next_first_mb=1 next_mb=0 pending_send_work=0 has_pp_outputs=False
[2026-08-27 12:21:37 PP0 ATTN_CP1 TP1 EP1] [PP-OUTPUT-DEBUG] previous send committed: pp_rank=0 tp_rank=0 cp_rank=1 next_first_mb=1 next_mb=0
[2026-08-27 12:21:37 PP0 ATTN_CP2 TP2 EP2] [PP-OUTPUT-DEBUG] send/recv plan: pp_rank=0 tp_rank=0 cp_rank=2 next_first_mb=1 next_mb=0 send_first=True is_last=False has_forward_output=False send_target_exists=False recv_target_exists=False last_queue_len=0
[2026-08-27 12:21:37 PP0 ATTN_CP4 TP4 EP4] [PP-OUTPUT-DEBUG] send/recv plan: pp_rank=0 tp_rank=0 cp_rank=4 next_first_mb=1 next_mb=0 send_first=True is_last=False has_forward_output=False send_target_exists=False recv_target_exists=False last_queue_len=0
[2026-08-27 12:21:37 PP0 ATTN_CP7 TP7 EP7] [PP-OUTPUT-DEBUG] previous send committed: pp_rank=0 tp_rank=0 cp_rank=7 next_first_mb=1 next_mb=0
[2026-08-27 12:21:37 PP0 ATTN_CP6 TP6 EP6] [PP-OUTPUT-DEBUG] send/recv plan: pp_rank=0 tp_rank=0 cp_rank=6 next_first_mb=1 next_mb=0 send_first=True is_last=False has_forward_output=False send_target_exists=False recv_target_exists=False last_queue_len=0
[2026-08-27 12:21:37 PP0 ATTN_CP5 TP5 EP5] [PP-OUTPUT-DEBUG] send/recv plan: pp_rank=0 tp_rank=0 cp_rank=5 next_first_mb=1 next_mb=0 send_first=True is_last=False has_forward_output=False send_target_exists=False recv_target_exists=False last_queue_len=0
[2026-08-27 12:21:37 PP0 ATTN_CP0 TP0 EP0] [PP-OUTPUT-DEBUG] send/recv plan: pp_rank=0 tp_rank=0 cp_rank=0 next_first_mb=1 next_mb=0 send_first=True is_last=False has_forward_output=False send_target_exists=False recv_target_exists=False last_queue_len=0
[2026-08-27 12:21:37 PP0 ATTN_CP1 TP1 EP1] [PP-OUTPUT-DEBUG] send/recv plan: pp_rank=0 tp_rank=0 cp_rank=1 next_first_mb=1 next_mb=0 send_first=True is_last=False has_forward_output=False send_target_exists=False recv_target_exists=False last_queue_len=0
[2026-08-27 12:21:37 PP0 ATTN_CP3 TP3 EP3] [PP-OUTPUT-DEBUG] previous send committed: pp_rank=0 tp_rank=0 cp_rank=3 next_first_mb=1 next_mb=0
[2026-08-27 12:21:37 PP0 ATTN_CP2 TP2 EP2] [PP-OUTPUT-DEBUG] commit end: pp_rank=0 tp_rank=0 cp_rank=2 next_first_mb=1 next_mb=0 received_output=False d2h_event=None new_send_work=0
[2026-08-27 12:21:37 PP0 ATTN_CP4 TP4 EP4] [PP-OUTPUT-DEBUG] commit end: pp_rank=0 tp_rank=0 cp_rank=4 next_first_mb=1 next_mb=0 received_output=False d2h_event=None new_send_work=0
[2026-08-27 12:21:37 PP0 ATTN_CP7 TP7 EP7] [PP-OUTPUT-DEBUG] send/recv plan: pp_rank=0 tp_rank=0 cp_rank=7 next_first_mb=1 next_mb=0 send_first=True is_last=False has_forward_output=False send_target_exists=False recv_target_exists=False last_queue_len=0
[2026-08-27 12:21:37 PP0 ATTN_CP6 TP6 EP6] [PP-OUTPUT-DEBUG] commit end: pp_rank=0 tp_rank=0 cp_rank=6 next_first_mb=1 next_mb=0 received_output=False d2h_event=None new_send_work=0
[2026-08-27 12:21:37 PP0 ATTN_CP5 TP5 EP5] [PP-OUTPUT-DEBUG] commit end: pp_rank=0 tp_rank=0 cp_rank=5 next_first_mb=1 next_mb=0 received_output=False d2h_event=None new_send_work=0
[2026-08-27 12:21:37 PP0 ATTN_CP0 TP0 EP0] [PP-OUTPUT-DEBUG] commit end: pp_rank=0 tp_rank=0 cp_rank=0 next_first_mb=1 next_mb=0 received_output=False d2h_event=None new_send_work=0
[2026-08-27 12:21:37 PP0 ATTN_CP1 TP1 EP1] [PP-OUTPUT-DEBUG] commit end: pp_rank=0 tp_rank=0 cp_rank=1 next_first_mb=1 next_mb=0 received_output=False d2h_event=None new_send_work=0
[2026-08-27 12:21:37 PP0 ATTN_CP3 TP3 EP3] [PP-OUTPUT-DEBUG] send/recv plan: pp_rank=0 tp_rank=0 cp_rank=3 next_first_mb=1 next_mb=0 send_first=True is_last=False has_forward_output=False send_target_exists=False recv_target_exists=False last_queue_len=0
[2026-08-27 12:21:37 PP0 ATTN_CP7 TP7 EP7] [PP-OUTPUT-DEBUG] commit end: pp_rank=0 tp_rank=0 cp_rank=7 next_first_mb=1 next_mb=0 received_output=False d2h_event=None new_send_work=0
[2026-08-27 12:21:37 PP0 ATTN_CP3 TP3 EP3] [PP-OUTPUT-DEBUG] commit end: pp_rank=0 tp_rank=0 cp_rank=3 next_first_mb=1 next_mb=0 received_output=False d2h_event=None new_send_work=0
[2026-08-27 12:21:37 PP0 ATTN_CP0 TP0 EP0] get env HOSTNAME = 133_C01_B04_CPU7
[2026-08-27 12:21:37 PP0 ATTN_CP4 TP4 EP4] get env HOSTNAME = 133_C01_B04_CPU7
[2026-08-27 12:21:37 PP0 ATTN_CP5 TP5 EP5] get env HOSTNAME = 133_C01_B04_CPU7
[2026-08-27 12:21:37 PP0 ATTN_CP2 TP2 EP2] get env HOSTNAME = 133_C01_B04_CPU7
[2026-08-27 12:21:37 PP0 ATTN_CP3 TP3 EP3] get env HOSTNAME = 133_C01_B04_CPU7
[2026-08-27 12:21:37 PP0 ATTN_CP7 TP7 EP7] get env HOSTNAME = 133_C01_B04_CPU7
[2026-08-27 12:21:37 PP0 ATTN_CP1 TP1 EP1] get env HOSTNAME = 133_C01_B04_CPU7
[2026-08-27 12:21:37 PP0 ATTN_CP6 TP6 EP6] get env HOSTNAME = 133_C01_B04_CPU7
[2026-08-27 12:21:38] INFO:     141.61.94.103:58214 - "POST /generate HTTP/1.1" 200 OK
[rank4]:[W827 12:21:38.690458860 TensorFactories.cpp:423] Warning: Cannot create tensor with interal format while allow_internel_format=False, tensor will be created with base format. (function operator())
[2026-08-27 12:21:38 PP0 ATTN_CP4 TP4 EP4] Disable CP decode attention TP
[2026-08-27 12:21:38 PP0 ATTN_CP4 TP4 EP4] get env SGLANG_NPU_USE_MLAPO = 1
[rank2]:[W827 12:21:38.693476320 TensorFactories.cpp:423] Warning: Cannot create tensor with interal format while allow_internel_format=False, tensor will be created with base format. (function operator())
[2026-08-27 12:21:38 PP0 ATTN_CP2 TP2 EP2] Disable CP decode attention TP
[2026-08-27 12:21:38 PP0 ATTN_CP2 TP2 EP2] get env SGLANG_NPU_USE_MLAPO = 1
[rank7]:[W827 12:21:38.707571580 TensorFactories.cpp:423] Warning: Cannot create tensor with interal format while allow_internel_format=False, tensor will be created with base format. (function operator())
[2026-08-27 12:21:38 PP0 ATTN_CP7 TP7 EP7] Disable CP decode attention TP
[2026-08-27 12:21:38 PP0 ATTN_CP7 TP7 EP7] get env SGLANG_NPU_USE_MLAPO = 1
[rank5]:[W827 12:21:38.710860740 TensorFactories.cpp:423] Warning: Cannot create tensor with interal format while allow_internel_format=False, tensor will be created with base format. (function operator())
[2026-08-27 12:21:38 PP0 ATTN_CP5 TP5 EP5] Disable CP decode attention TP
[2026-08-27 12:21:38 PP0 ATTN_CP5 TP5 EP5] get env SGLANG_NPU_USE_MLAPO = 1
[rank0]:[W827 12:21:38.712996030 TensorFactories.cpp:423] Warning: Cannot create tensor with interal format while allow_internel_format=False, tensor will be created with base format. (function operator())
[2026-08-27 12:21:38 PP0 ATTN_CP0 TP0 EP0] Disable CP decode attention TP
[2026-08-27 12:21:38 PP0 ATTN_CP0 TP0 EP0] get env SGLANG_NPU_USE_MLAPO = 1
[rank3]:[W827 12:21:38.715684250 TensorFactories.cpp:423] Warning: Cannot create tensor with interal format while allow_internel_format=False, tensor will be created with base format. (function operator())
[2026-08-27 12:21:38 PP0 ATTN_CP3 TP3 EP3] Disable CP decode attention TP
[2026-08-27 12:21:38 PP0 ATTN_CP3 TP3 EP3] get env SGLANG_NPU_USE_MLAPO = 1
[rank1]:[W827 12:21:38.753817480 TensorFactories.cpp:423] Warning: Cannot create tensor with interal format while allow_internel_format=False, tensor will be created with base format. (function operator())
[2026-08-27 12:21:38 PP0 ATTN_CP1 TP1 EP1] Disable CP decode attention TP
[2026-08-27 12:21:38 PP0 ATTN_CP1 TP1 EP1] get env SGLANG_NPU_USE_MLAPO = 1
[rank6]:[W827 12:21:38.794361920 TensorFactories.cpp:423] Warning: Cannot create tensor with interal format while allow_internel_format=False, tensor will be created with base format. (function operator())
[2026-08-27 12:21:38 PP0 ATTN_CP6 TP6 EP6] Disable CP decode attention TP
[2026-08-27 12:21:38 PP0 ATTN_CP6 TP6 EP6] get env SGLANG_NPU_USE_MLAPO = 1
[2026-08-27 12:21:38 PP0 ATTN_CP6 TP6 EP6] get env DEEP_USE_MODE = allgather
[2026-08-27 12:21:38 PP0 ATTN_CP3 TP3 EP3] get env DEEP_USE_MODE = allgather
[2026-08-27 12:21:38 PP0 ATTN_CP7 TP7 EP7] get env DEEP_USE_MODE = allgather
[2026-08-27 12:21:38 PP0 ATTN_CP1 TP1 EP1] get env DEEP_USE_MODE = allgather
[2026-08-27 12:21:38 PP0 ATTN_CP2 TP2 EP2] get env DEEP_USE_MODE = allgather
[2026-08-27 12:21:38 PP0 ATTN_CP5 TP5 EP5] get env DEEP_USE_MODE = allgather
[2026-08-27 12:21:38 PP0 ATTN_CP4 TP4 EP4] get env DEEP_USE_MODE = allgather
[2026-08-27 12:21:38 PP0 ATTN_CP0 TP0 EP0] get env DEEP_USE_MODE = allgather
[2026-08-27 12:21:38] INFO:     141.61.94.103:58230 - "POST /generate HTTP/1.1" 200 OK
/usr/local/python3.12.13/lib/python3.12/site-packages/torch_npu/contrib/transfer_to_npu.py:191: UserWarning: To copy construct from a tensor, it is recommended to use sourceTensor.detach().clone() or sourceTensor.detach().clone().requires_grad_(True), rather than torch.tensor(sourceTensor).
  return fn(*args, **kwargs)
/usr/local/python3.12.13/lib/python3.12/site-packages/torch_npu/contrib/transfer_to_npu.py:191: UserWarning: To copy construct from a tensor, it is recommended to use sourceTensor.detach().clone() or sourceTensor.detach().clone().requires_grad_(True), rather than torch.tensor(sourceTensor).
  return fn(*args, **kwargs)
/usr/local/python3.12.13/lib/python3.12/site-packages/torch_npu/contrib/transfer_to_npu.py:191: UserWarning: To copy construct from a tensor, it is recommended to use sourceTensor.detach().clone() or sourceTensor.detach().clone().requires_grad_(True), rather than torch.tensor(sourceTensor).
  return fn(*args, **kwargs)
/usr/local/python3.12.13/lib/python3.12/site-packages/torch_npu/contrib/transfer_to_npu.py:191: UserWarning: To copy construct from a tensor, it is recommended to use sourceTensor.detach().clone() or sourceTensor.detach().clone().requires_grad_(True), rather than torch.tensor(sourceTensor).
  return fn(*args, **kwargs)
/usr/local/python3.12.13/lib/python3.12/site-packages/torch_npu/contrib/transfer_to_npu.py:191: UserWarning: To copy construct from a tensor, it is recommended to use sourceTensor.detach().clone() or sourceTensor.detach().clone().requires_grad_(True), rather than torch.tensor(sourceTensor).
  return fn(*args, **kwargs)
/usr/local/python3.12.13/lib/python3.12/site-packages/torch_npu/contrib/transfer_to_npu.py:191: UserWarning: To copy construct from a tensor, it is recommended to use sourceTensor.detach().clone() or sourceTensor.detach().clone().requires_grad_(True), rather than torch.tensor(sourceTensor).
  return fn(*args, **kwargs)
/usr/local/python3.12.13/lib/python3.12/site-packages/torch_npu/contrib/transfer_to_npu.py:191: UserWarning: To copy construct from a tensor, it is recommended to use sourceTensor.detach().clone() or sourceTensor.detach().clone().requires_grad_(True), rather than torch.tensor(sourceTensor).
  return fn(*args, **kwargs)
/usr/local/python3.12.13/lib/python3.12/site-packages/torch_npu/contrib/transfer_to_npu.py:191: UserWarning: To copy construct from a tensor, it is recommended to use sourceTensor.detach().clone() or sourceTensor.detach().clone().requires_grad_(True), rather than torch.tensor(sourceTensor).
  return fn(*args, **kwargs)
[2026-08-27 12:21:38 PP0 ATTN_CP3 TP3 EP3] [PP-OUTPUT-DEBUG] commit begin: pp_rank=0 tp_rank=0 cp_rank=3 next_first_mb=0 next_mb=1 pending_send_work=0 has_pp_outputs=False
[2026-08-27 12:21:38 PP0 ATTN_CP3 TP3 EP3] [PP-OUTPUT-DEBUG] previous send committed: pp_rank=0 tp_rank=0 cp_rank=3 next_first_mb=0 next_mb=1
[2026-08-27 12:21:38 PP0 ATTN_CP3 TP3 EP3] [PP-OUTPUT-DEBUG] send/recv plan: pp_rank=0 tp_rank=0 cp_rank=3 next_first_mb=0 next_mb=1 send_first=True is_last=False has_forward_output=False send_target_exists=True recv_target_exists=False last_queue_len=0
[2026-08-27 12:21:38 PP0 ATTN_CP3 TP3 EP3] [PP-OUTPUT-DEBUG] commit end: pp_rank=0 tp_rank=0 cp_rank=3 next_first_mb=0 next_mb=1 received_output=False d2h_event=None new_send_work=0
/usr/local/python3.12.13/lib/python3.12/site-packages/torch_npu/contrib/transfer_to_npu.py:191: UserWarning: The given buffer is not writable, and PyTorch does not support non-writable tensors. This means you can write to the underlying (supposedly non-writable) buffer using the tensor. You may want to copy the buffer to protect its data or make it writable before converting it to a tensor. This type of warning will be suppressed for the rest of this program. (Triggered internally at /pytorch/torch/csrc/utils/tensor_new.cpp:1581.)
  return fn(*args, **kwargs)
[2026-08-27 12:21:38 PP0 ATTN_CP2 TP2 EP2] [PP-OUTPUT-DEBUG] commit begin: pp_rank=0 tp_rank=0 cp_rank=2 next_first_mb=0 next_mb=1 pending_send_work=0 has_pp_outputs=False
[2026-08-27 12:21:38 PP0 ATTN_CP2 TP2 EP2] [PP-OUTPUT-DEBUG] previous send committed: pp_rank=0 tp_rank=0 cp_rank=2 next_first_mb=0 next_mb=1
[2026-08-27 12:21:38 PP0 ATTN_CP2 TP2 EP2] [PP-OUTPUT-DEBUG] send/recv plan: pp_rank=0 tp_rank=0 cp_rank=2 next_first_mb=0 next_mb=1 send_first=True is_last=False has_forward_output=False send_target_exists=True recv_target_exists=False last_queue_len=0
[2026-08-27 12:21:38 PP0 ATTN_CP2 TP2 EP2] [PP-OUTPUT-DEBUG] commit end: pp_rank=0 tp_rank=0 cp_rank=2 next_first_mb=0 next_mb=1 received_output=False d2h_event=None new_send_work=0
/usr/local/python3.12.13/lib/python3.12/site-packages/torch_npu/contrib/transfer_to_npu.py:191: UserWarning: The given buffer is not writable, and PyTorch does not support non-writable tensors. This means you can write to the underlying (supposedly non-writable) buffer using the tensor. You may want to copy the buffer to protect its data or make it writable before converting it to a tensor. This type of warning will be suppressed for the rest of this program. (Triggered internally at /pytorch/torch/csrc/utils/tensor_new.cpp:1581.)
  return fn(*args, **kwargs)
[2026-08-27 12:21:38 PP0 ATTN_CP4 TP4 EP4] [PP-OUTPUT-DEBUG] commit begin: pp_rank=0 tp_rank=0 cp_rank=4 next_first_mb=0 next_mb=1 pending_send_work=0 has_pp_outputs=False
[2026-08-27 12:21:38 PP0 ATTN_CP4 TP4 EP4] [PP-OUTPUT-DEBUG] previous send committed: pp_rank=0 tp_rank=0 cp_rank=4 next_first_mb=0 next_mb=1
[2026-08-27 12:21:38 PP0 ATTN_CP4 TP4 EP4] [PP-OUTPUT-DEBUG] send/recv plan: pp_rank=0 tp_rank=0 cp_rank=4 next_first_mb=0 next_mb=1 send_first=True is_last=False has_forward_output=False send_target_exists=True recv_target_exists=False last_queue_len=0
[2026-08-27 12:21:38 PP0 ATTN_CP4 TP4 EP4] [PP-OUTPUT-DEBUG] commit end: pp_rank=0 tp_rank=0 cp_rank=4 next_first_mb=0 next_mb=1 received_output=False d2h_event=None new_send_work=0
/usr/local/python3.12.13/lib/python3.12/site-packages/torch_npu/contrib/transfer_to_npu.py:191: UserWarning: The given buffer is not writable, and PyTorch does not support non-writable tensors. This means you can write to the underlying (supposedly non-writable) buffer using the tensor. You may want to copy the buffer to protect its data or make it writable before converting it to a tensor. This type of warning will be suppressed for the rest of this program. (Triggered internally at /pytorch/torch/csrc/utils/tensor_new.cpp:1581.)
  return fn(*args, **kwargs)
[2026-08-27 12:21:38 PP0 ATTN_CP5 TP5 EP5] [PP-OUTPUT-DEBUG] commit begin: pp_rank=0 tp_rank=0 cp_rank=5 next_first_mb=0 next_mb=1 pending_send_work=0 has_pp_outputs=False
[2026-08-27 12:21:38 PP0 ATTN_CP5 TP5 EP5] [PP-OUTPUT-DEBUG] previous send committed: pp_rank=0 tp_rank=0 cp_rank=5 next_first_mb=0 next_mb=1
[2026-08-27 12:21:38 PP0 ATTN_CP5 TP5 EP5] [PP-OUTPUT-DEBUG] send/recv plan: pp_rank=0 tp_rank=0 cp_rank=5 next_first_mb=0 next_mb=1 send_first=True is_last=False has_forward_output=False send_target_exists=True recv_target_exists=False last_queue_len=0
[2026-08-27 12:21:38 PP0 ATTN_CP5 TP5 EP5] [PP-OUTPUT-DEBUG] commit end: pp_rank=0 tp_rank=0 cp_rank=5 next_first_mb=0 next_mb=1 received_output=False d2h_event=None new_send_work=0
/usr/local/python3.12.13/lib/python3.12/site-packages/torch_npu/contrib/transfer_to_npu.py:191: UserWarning: The given buffer is not writable, and PyTorch does not support non-writable tensors. This means you can write to the underlying (supposedly non-writable) buffer using the tensor. You may want to copy the buffer to protect its data or make it writable before converting it to a tensor. This type of warning will be suppressed for the rest of this program. (Triggered internally at /pytorch/torch/csrc/utils/tensor_new.cpp:1581.)
  return fn(*args, **kwargs)
[2026-08-27 12:21:38 PP0 ATTN_CP1 TP1 EP1] [PP-OUTPUT-DEBUG] commit begin: pp_rank=0 tp_rank=0 cp_rank=1 next_first_mb=0 next_mb=1 pending_send_work=0 has_pp_outputs=False
[2026-08-27 12:21:38 PP0 ATTN_CP1 TP1 EP1] [PP-OUTPUT-DEBUG] previous send committed: pp_rank=0 tp_rank=0 cp_rank=1 next_first_mb=0 next_mb=1
[2026-08-27 12:21:38 PP0 ATTN_CP1 TP1 EP1] [PP-OUTPUT-DEBUG] send/recv plan: pp_rank=0 tp_rank=0 cp_rank=1 next_first_mb=0 next_mb=1 send_first=True is_last=False has_forward_output=False send_target_exists=True recv_target_exists=False last_queue_len=0
[2026-08-27 12:21:38 PP0 ATTN_CP1 TP1 EP1] [PP-OUTPUT-DEBUG] commit end: pp_rank=0 tp_rank=0 cp_rank=1 next_first_mb=0 next_mb=1 received_output=False d2h_event=None new_send_work=0
/usr/local/python3.12.13/lib/python3.12/site-packages/torch_npu/contrib/transfer_to_npu.py:191: UserWarning: The given buffer is not writable, and PyTorch does not support non-writable tensors. This means you can write to the underlying (supposedly non-writable) buffer using the tensor. You may want to copy the buffer to protect its data or make it writable before converting it to a tensor. This type of warning will be suppressed for the rest of this program. (Triggered internally at /pytorch/torch/csrc/utils/tensor_new.cpp:1581.)
  return fn(*args, **kwargs)
[2026-08-27 12:21:38 PP0 ATTN_CP6 TP6 EP6] [PP-OUTPUT-DEBUG] commit begin: pp_rank=0 tp_rank=0 cp_rank=6 next_first_mb=0 next_mb=1 pending_send_work=0 has_pp_outputs=False
[2026-08-27 12:21:38 PP0 ATTN_CP6 TP6 EP6] [PP-OUTPUT-DEBUG] previous send committed: pp_rank=0 tp_rank=0 cp_rank=6 next_first_mb=0 next_mb=1
[2026-08-27 12:21:38 PP0 ATTN_CP6 TP6 EP6] [PP-OUTPUT-DEBUG] send/recv plan: pp_rank=0 tp_rank=0 cp_rank=6 next_first_mb=0 next_mb=1 send_first=True is_last=False has_forward_output=False send_target_exists=True recv_target_exists=False last_queue_len=0
[2026-08-27 12:21:38 PP0 ATTN_CP6 TP6 EP6] [PP-OUTPUT-DEBUG] commit end: pp_rank=0 tp_rank=0 cp_rank=6 next_first_mb=0 next_mb=1 received_output=False d2h_event=None new_send_work=0
/usr/local/python3.12.13/lib/python3.12/site-packages/torch_npu/contrib/transfer_to_npu.py:191: UserWarning: The given buffer is not writable, and PyTorch does not support non-writable tensors. This means you can write to the underlying (supposedly non-writable) buffer using the tensor. You may want to copy the buffer to protect its data or make it writable before converting it to a tensor. This type of warning will be suppressed for the rest of this program. (Triggered internally at /pytorch/torch/csrc/utils/tensor_new.cpp:1581.)
  return fn(*args, **kwargs)
[2026-08-27 12:21:38 PP0 ATTN_CP7 TP7 EP7] [PP-OUTPUT-DEBUG] commit begin: pp_rank=0 tp_rank=0 cp_rank=7 next_first_mb=0 next_mb=1 pending_send_work=0 has_pp_outputs=False
[2026-08-27 12:21:38 PP0 ATTN_CP7 TP7 EP7] [PP-OUTPUT-DEBUG] previous send committed: pp_rank=0 tp_rank=0 cp_rank=7 next_first_mb=0 next_mb=1
[2026-08-27 12:21:38 PP0 ATTN_CP7 TP7 EP7] [PP-OUTPUT-DEBUG] send/recv plan: pp_rank=0 tp_rank=0 cp_rank=7 next_first_mb=0 next_mb=1 send_first=True is_last=False has_forward_output=False send_target_exists=True recv_target_exists=False last_queue_len=0
[2026-08-27 12:21:38 PP0 ATTN_CP7 TP7 EP7] [PP-OUTPUT-DEBUG] commit end: pp_rank=0 tp_rank=0 cp_rank=7 next_first_mb=0 next_mb=1 received_output=False d2h_event=None new_send_work=0
/usr/local/python3.12.13/lib/python3.12/site-packages/torch_npu/contrib/transfer_to_npu.py:191: UserWarning: The given buffer is not writable, and PyTorch does not support non-writable tensors. This means you can write to the underlying (supposedly non-writable) buffer using the tensor. You may want to copy the buffer to protect its data or make it writable before converting it to a tensor. This type of warning will be suppressed for the rest of this program. (Triggered internally at /pytorch/torch/csrc/utils/tensor_new.cpp:1581.)
  return fn(*args, **kwargs)
[2026-08-27 12:21:38 PP0 ATTN_CP0 TP0 EP0] [PP-OUTPUT-DEBUG] commit begin: pp_rank=0 tp_rank=0 cp_rank=0 next_first_mb=0 next_mb=1 pending_send_work=0 has_pp_outputs=False
[2026-08-27 12:21:38 PP0 ATTN_CP0 TP0 EP0] [PP-OUTPUT-DEBUG] previous send committed: pp_rank=0 tp_rank=0 cp_rank=0 next_first_mb=0 next_mb=1
[2026-08-27 12:21:38 PP0 ATTN_CP0 TP0 EP0] [PP-OUTPUT-DEBUG] send/recv plan: pp_rank=0 tp_rank=0 cp_rank=0 next_first_mb=0 next_mb=1 send_first=True is_last=False has_forward_output=False send_target_exists=True recv_target_exists=False last_queue_len=0
[2026-08-27 12:21:38 PP0 ATTN_CP0 TP0 EP0] [PP-OUTPUT-DEBUG] commit end: pp_rank=0 tp_rank=0 cp_rank=0 next_first_mb=0 next_mb=1 received_output=False d2h_event=None new_send_work=0
/usr/local/python3.12.13/lib/python3.12/site-packages/torch_npu/contrib/transfer_to_npu.py:191: UserWarning: The given buffer is not writable, and PyTorch does not support non-writable tensors. This means you can write to the underlying (supposedly non-writable) buffer using the tensor. You may want to copy the buffer to protect its data or make it writable before converting it to a tensor. This type of warning will be suppressed for the rest of this program. (Triggered internally at /pytorch/torch/csrc/utils/tensor_new.cpp:1581.)
  return fn(*args, **kwargs)
[2026-08-27 12:21:39] INFO:     141.61.94.103:58232 - "POST /generate HTTP/1.1" 200 OK
[2026-08-27 12:21:39 PP0 ATTN_CP2 TP2 EP2] [PP-OUTPUT-DEBUG] commit begin: pp_rank=0 tp_rank=0 cp_rank=2 next_first_mb=1 next_mb=0 pending_send_work=0 has_pp_outputs=False
[2026-08-27 12:21:39 PP0 ATTN_CP2 TP2 EP2] [PP-OUTPUT-DEBUG] previous send committed: pp_rank=0 tp_rank=0 cp_rank=2 next_first_mb=1 next_mb=0
[2026-08-27 12:21:39 PP0 ATTN_CP2 TP2 EP2] [PP-OUTPUT-DEBUG] send/recv plan: pp_rank=0 tp_rank=0 cp_rank=2 next_first_mb=1 next_mb=0 send_first=True is_last=False has_forward_output=False send_target_exists=True recv_target_exists=True last_queue_len=0
[2026-08-27 12:21:39 PP0 ATTN_CP2 TP2 EP2] get env SGLANG_PP_SKIP_PURE_CHUNKED_OUTPUT_COMM = 0
[2026-08-27 12:21:39 PP0 ATTN_CP2 TP2 EP2] [PP-OUTPUT-DEBUG] recv begin: pp_rank=0 tp_rank=0 cp_rank=2 next_mb=0
[2026-08-27 12:21:39 PP0 ATTN_CP3 TP3 EP3] [PP-OUTPUT-DEBUG] commit begin: pp_rank=0 tp_rank=0 cp_rank=3 next_first_mb=1 next_mb=0 pending_send_work=0 has_pp_outputs=False
[2026-08-27 12:21:39 PP0 ATTN_CP3 TP3 EP3] [PP-OUTPUT-DEBUG] previous send committed: pp_rank=0 tp_rank=0 cp_rank=3 next_first_mb=1 next_mb=0
[2026-08-27 12:21:39 PP0 ATTN_CP3 TP3 EP3] [PP-OUTPUT-DEBUG] send/recv plan: pp_rank=0 tp_rank=0 cp_rank=3 next_first_mb=1 next_mb=0 send_first=True is_last=False has_forward_output=False send_target_exists=True recv_target_exists=True last_queue_len=0
[2026-08-27 12:21:39 PP0 ATTN_CP3 TP3 EP3] get env SGLANG_PP_SKIP_PURE_CHUNKED_OUTPUT_COMM = 0
[2026-08-27 12:21:39 PP0 ATTN_CP3 TP3 EP3] [PP-OUTPUT-DEBUG] recv begin: pp_rank=0 tp_rank=0 cp_rank=3 next_mb=0
[2026-08-27 12:21:39 PP0 ATTN_CP5 TP5 EP5] [PP-OUTPUT-DEBUG] commit begin: pp_rank=0 tp_rank=0 cp_rank=5 next_first_mb=1 next_mb=0 pending_send_work=0 has_pp_outputs=False
[2026-08-27 12:21:39 PP0 ATTN_CP5 TP5 EP5] [PP-OUTPUT-DEBUG] previous send committed: pp_rank=0 tp_rank=0 cp_rank=5 next_first_mb=1 next_mb=0
[2026-08-27 12:21:39 PP0 ATTN_CP5 TP5 EP5] [PP-OUTPUT-DEBUG] send/recv plan: pp_rank=0 tp_rank=0 cp_rank=5 next_first_mb=1 next_mb=0 send_first=True is_last=False has_forward_output=False send_target_exists=True recv_target_exists=True last_queue_len=0
[2026-08-27 12:21:39 PP0 ATTN_CP5 TP5 EP5] get env SGLANG_PP_SKIP_PURE_CHUNKED_OUTPUT_COMM = 0
[2026-08-27 12:21:39 PP0 ATTN_CP5 TP5 EP5] [PP-OUTPUT-DEBUG] recv begin: pp_rank=0 tp_rank=0 cp_rank=5 next_mb=0
[2026-08-27 12:21:39 PP0 ATTN_CP0 TP0 EP0] [PP-OUTPUT-DEBUG] commit begin: pp_rank=0 tp_rank=0 cp_rank=0 next_first_mb=1 next_mb=0 pending_send_work=0 has_pp_outputs=False
[2026-08-27 12:21:39 PP0 ATTN_CP0 TP0 EP0] [PP-OUTPUT-DEBUG] previous send committed: pp_rank=0 tp_rank=0 cp_rank=0 next_first_mb=1 next_mb=0
[2026-08-27 12:21:39 PP0 ATTN_CP0 TP0 EP0] [PP-OUTPUT-DEBUG] send/recv plan: pp_rank=0 tp_rank=0 cp_rank=0 next_first_mb=1 next_mb=0 send_first=True is_last=False has_forward_output=False send_target_exists=True recv_target_exists=True last_queue_len=0
[2026-08-27 12:21:39 PP0 ATTN_CP0 TP0 EP0] get env SGLANG_PP_SKIP_PURE_CHUNKED_OUTPUT_COMM = 0
[2026-08-27 12:21:39 PP0 ATTN_CP0 TP0 EP0] [PP-OUTPUT-DEBUG] recv begin: pp_rank=0 tp_rank=0 cp_rank=0 next_mb=0
[2026-08-27 12:21:39 PP0 ATTN_CP7 TP7 EP7] [PP-OUTPUT-DEBUG] commit begin: pp_rank=0 tp_rank=0 cp_rank=7 next_first_mb=1 next_mb=0 pending_send_work=0 has_pp_outputs=False
[2026-08-27 12:21:39 PP0 ATTN_CP7 TP7 EP7] [PP-OUTPUT-DEBUG] previous send committed: pp_rank=0 tp_rank=0 cp_rank=7 next_first_mb=1 next_mb=0
[2026-08-27 12:21:39 PP0 ATTN_CP7 TP7 EP7] [PP-OUTPUT-DEBUG] send/recv plan: pp_rank=0 tp_rank=0 cp_rank=7 next_first_mb=1 next_mb=0 send_first=True is_last=False has_forward_output=False send_target_exists=True recv_target_exists=True last_queue_len=0
[2026-08-27 12:21:39 PP0 ATTN_CP7 TP7 EP7] get env SGLANG_PP_SKIP_PURE_CHUNKED_OUTPUT_COMM = 0
[2026-08-27 12:21:39 PP0 ATTN_CP7 TP7 EP7] [PP-OUTPUT-DEBUG] recv begin: pp_rank=0 tp_rank=0 cp_rank=7 next_mb=0
[2026-08-27 12:21:39 PP0 ATTN_CP4 TP4 EP4] [PP-OUTPUT-DEBUG] commit begin: pp_rank=0 tp_rank=0 cp_rank=4 next_first_mb=1 next_mb=0 pending_send_work=0 has_pp_outputs=False
[2026-08-27 12:21:39 PP0 ATTN_CP4 TP4 EP4] [PP-OUTPUT-DEBUG] previous send committed: pp_rank=0 tp_rank=0 cp_rank=4 next_first_mb=1 next_mb=0
[2026-08-27 12:21:39 PP0 ATTN_CP4 TP4 EP4] [PP-OUTPUT-DEBUG] send/recv plan: pp_rank=0 tp_rank=0 cp_rank=4 next_first_mb=1 next_mb=0 send_first=True is_last=False has_forward_output=False send_target_exists=True recv_target_exists=True last_queue_len=0
[2026-08-27 12:21:39 PP0 ATTN_CP4 TP4 EP4] get env SGLANG_PP_SKIP_PURE_CHUNKED_OUTPUT_COMM = 0
[2026-08-27 12:21:39 PP0 ATTN_CP4 TP4 EP4] [PP-OUTPUT-DEBUG] recv begin: pp_rank=0 tp_rank=0 cp_rank=4 next_mb=0
[2026-08-27 12:21:39 PP0 ATTN_CP1 TP1 EP1] [PP-OUTPUT-DEBUG] commit begin: pp_rank=0 tp_rank=0 cp_rank=1 next_first_mb=1 next_mb=0 pending_send_work=0 has_pp_outputs=False
[2026-08-27 12:21:39 PP0 ATTN_CP1 TP1 EP1] [PP-OUTPUT-DEBUG] previous send committed: pp_rank=0 tp_rank=0 cp_rank=1 next_first_mb=1 next_mb=0
[2026-08-27 12:21:39 PP0 ATTN_CP1 TP1 EP1] [PP-OUTPUT-DEBUG] send/recv plan: pp_rank=0 tp_rank=0 cp_rank=1 next_first_mb=1 next_mb=0 send_first=True is_last=False has_forward_output=False send_target_exists=True recv_target_exists=True last_queue_len=0
[2026-08-27 12:21:39 PP0 ATTN_CP1 TP1 EP1] get env SGLANG_PP_SKIP_PURE_CHUNKED_OUTPUT_COMM = 0
[2026-08-27 12:21:39 PP0 ATTN_CP1 TP1 EP1] [PP-OUTPUT-DEBUG] recv begin: pp_rank=0 tp_rank=0 cp_rank=1 next_mb=0
[2026-08-27 12:21:39 PP0 ATTN_CP6 TP6 EP6] [PP-OUTPUT-DEBUG] commit begin: pp_rank=0 tp_rank=0 cp_rank=6 next_first_mb=1 next_mb=0 pending_send_work=0 has_pp_outputs=False
[2026-08-27 12:21:39 PP0 ATTN_CP6 TP6 EP6] [PP-OUTPUT-DEBUG] previous send committed: pp_rank=0 tp_rank=0 cp_rank=6 next_first_mb=1 next_mb=0
[2026-08-27 12:21:39 PP0 ATTN_CP6 TP6 EP6] [PP-OUTPUT-DEBUG] send/recv plan: pp_rank=0 tp_rank=0 cp_rank=6 next_first_mb=1 next_mb=0 send_first=True is_last=False has_forward_output=False send_target_exists=True recv_target_exists=True last_queue_len=0
[2026-08-27 12:21:39 PP0 ATTN_CP6 TP6 EP6] get env SGLANG_PP_SKIP_PURE_CHUNKED_OUTPUT_COMM = 0
[2026-08-27 12:21:39 PP0 ATTN_CP6 TP6 EP6] [PP-OUTPUT-DEBUG] recv begin: pp_rank=0 tp_rank=0 cp_rank=6 next_mb=0
[2026-08-27 12:21:39] INFO:     141.61.94.103:58246 - "POST /generate HTTP/1.1" 200 OK
[2026-08-27 12:21:39] INFO:     141.61.94.103:58260 - "POST /generate HTTP/1.1" 200 OK
[2026-08-27 12:21:40 PP0 ATTN_CP3 TP3 EP3] [PP-OUTPUT-DEBUG] recv returned: pp_rank=0 tp_rank=0 cp_rank=3 next_mb=0 keys=['__msg_type__', 'next_token_ids']
[2026-08-27 12:21:40 PP0 ATTN_CP3 TP3 EP3] [PP-OUTPUT-DEBUG] prep begin on copy stream: pp_rank=0 tp_rank=0 cp_rank=3 next_mb=0
[2026-08-27 12:21:40 PP0 ATTN_CP2 TP2 EP2] [PP-OUTPUT-DEBUG] recv returned: pp_rank=0 tp_rank=0 cp_rank=2 next_mb=0 keys=['__msg_type__', 'next_token_ids']
[2026-08-27 12:21:40 PP0 ATTN_CP2 TP2 EP2] [PP-OUTPUT-DEBUG] prep begin on copy stream: pp_rank=0 tp_rank=0 cp_rank=2 next_mb=0
[2026-08-27 12:21:40 PP0 ATTN_CP3 TP3 EP3] [PP-OUTPUT-DEBUG] prep queued and event recorded: pp_rank=0 tp_rank=0 cp_rank=3 next_mb=0 event=<torch_npu.npu.Event 0xaaab42e1ed58>
[2026-08-27 12:21:40 PP0 ATTN_CP3 TP3 EP3] [PP-OUTPUT-DEBUG] commit end: pp_rank=0 tp_rank=0 cp_rank=3 next_first_mb=1 next_mb=0 received_output=True d2h_event=<torch_npu.npu.Event 0xaaab42e1ed58> new_send_work=0
[2026-08-27 12:21:40 PP0 ATTN_CP3 TP3 EP3] [PP-OUTPUT-DEBUG] d2h sync begin: pp_rank=0 tp_rank=0 cp_rank=3 mb_id=1 next_mb_id=0 event=<torch_npu.npu.Event 0xaaab42e1ed58>
[2026-08-27 12:21:40 PP0 ATTN_CP2 TP2 EP2] [PP-OUTPUT-DEBUG] prep queued and event recorded: pp_rank=0 tp_rank=0 cp_rank=2 next_mb=0 event=<torch_npu.npu.Event 0xaaab07293e78>
[2026-08-27 12:21:40 PP0 ATTN_CP2 TP2 EP2] [PP-OUTPUT-DEBUG] commit end: pp_rank=0 tp_rank=0 cp_rank=2 next_first_mb=1 next_mb=0 received_output=True d2h_event=<torch_npu.npu.Event 0xaaab07293e78> new_send_work=0
[2026-08-27 12:21:40 PP0 ATTN_CP2 TP2 EP2] [PP-OUTPUT-DEBUG] d2h sync begin: pp_rank=0 tp_rank=0 cp_rank=2 mb_id=1 next_mb_id=0 event=<torch_npu.npu.Event 0xaaab07293e78>
[2026-08-27 12:21:40 PP0 ATTN_CP5 TP5 EP5] [PP-OUTPUT-DEBUG] recv returned: pp_rank=0 tp_rank=0 cp_rank=5 next_mb=0 keys=['__msg_type__', 'next_token_ids']
[2026-08-27 12:21:40 PP0 ATTN_CP5 TP5 EP5] [PP-OUTPUT-DEBUG] prep begin on copy stream: pp_rank=0 tp_rank=0 cp_rank=5 next_mb=0
[2026-08-27 12:21:40 PP0 ATTN_CP4 TP4 EP4] [PP-OUTPUT-DEBUG] recv returned: pp_rank=0 tp_rank=0 cp_rank=4 next_mb=0 keys=['__msg_type__', 'next_token_ids']
[2026-08-27 12:21:40 PP0 ATTN_CP4 TP4 EP4] [PP-OUTPUT-DEBUG] prep begin on copy stream: pp_rank=0 tp_rank=0 cp_rank=4 next_mb=0
[2026-08-27 12:21:40 PP0 ATTN_CP5 TP5 EP5] [PP-OUTPUT-DEBUG] prep queued and event recorded: pp_rank=0 tp_rank=0 cp_rank=5 next_mb=0 event=<torch_npu.npu.Event 0xaaab45466478>
[2026-08-27 12:21:40 PP0 ATTN_CP5 TP5 EP5] [PP-OUTPUT-DEBUG] commit end: pp_rank=0 tp_rank=0 cp_rank=5 next_first_mb=1 next_mb=0 received_output=True d2h_event=<torch_npu.npu.Event 0xaaab45466478> new_send_work=0
[2026-08-27 12:21:40 PP0 ATTN_CP5 TP5 EP5] [PP-OUTPUT-DEBUG] d2h sync begin: pp_rank=0 tp_rank=0 cp_rank=5 mb_id=1 next_mb_id=0 event=<torch_npu.npu.Event 0xaaab45466478>
[2026-08-27 12:21:40 PP0 ATTN_CP4 TP4 EP4] [PP-OUTPUT-DEBUG] prep queued and event recorded: pp_rank=0 tp_rank=0 cp_rank=4 next_mb=0 event=<torch_npu.npu.Event 0xaaab50391a78>
[2026-08-27 12:21:40 PP0 ATTN_CP4 TP4 EP4] [PP-OUTPUT-DEBUG] commit end: pp_rank=0 tp_rank=0 cp_rank=4 next_first_mb=1 next_mb=0 received_output=True d2h_event=<torch_npu.npu.Event 0xaaab50391a78> new_send_work=0
[2026-08-27 12:21:40 PP0 ATTN_CP4 TP4 EP4] [PP-OUTPUT-DEBUG] d2h sync begin: pp_rank=0 tp_rank=0 cp_rank=4 mb_id=1 next_mb_id=0 event=<torch_npu.npu.Event 0xaaab50391a78>
[2026-08-27 12:21:40 PP0 ATTN_CP6 TP6 EP6] [PP-OUTPUT-DEBUG] recv returned: pp_rank=0 tp_rank=0 cp_rank=6 next_mb=0 keys=['__msg_type__', 'next_token_ids']
[2026-08-27 12:21:40 PP0 ATTN_CP6 TP6 EP6] [PP-OUTPUT-DEBUG] prep begin on copy stream: pp_rank=0 tp_rank=0 cp_rank=6 next_mb=0
[2026-08-27 12:21:40 PP0 ATTN_CP6 TP6 EP6] [PP-OUTPUT-DEBUG] prep queued and event recorded: pp_rank=0 tp_rank=0 cp_rank=6 next_mb=0 event=<torch_npu.npu.Event 0xaaab2eb12958>
[2026-08-27 12:21:40 PP0 ATTN_CP6 TP6 EP6] [PP-OUTPUT-DEBUG] commit end: pp_rank=0 tp_rank=0 cp_rank=6 next_first_mb=1 next_mb=0 received_output=True d2h_event=<torch_npu.npu.Event 0xaaab2eb12958> new_send_work=0
[2026-08-27 12:21:40 PP0 ATTN_CP6 TP6 EP6] [PP-OUTPUT-DEBUG] d2h sync begin: pp_rank=0 tp_rank=0 cp_rank=6 mb_id=1 next_mb_id=0 event=<torch_npu.npu.Event 0xaaab2eb12958>
[2026-08-27 12:21:40 PP0 ATTN_CP0 TP0 EP0] [PP-OUTPUT-DEBUG] recv returned: pp_rank=0 tp_rank=0 cp_rank=0 next_mb=0 keys=['__msg_type__', 'next_token_ids']
[2026-08-27 12:21:40 PP0 ATTN_CP0 TP0 EP0] [PP-OUTPUT-DEBUG] prep begin on copy stream: pp_rank=0 tp_rank=0 cp_rank=0 next_mb=0
[2026-08-27 12:21:40 PP0 ATTN_CP0 TP0 EP0] [PP-OUTPUT-DEBUG] prep queued and event recorded: pp_rank=0 tp_rank=0 cp_rank=0 next_mb=0 event=<torch_npu.npu.Event 0xaaab2cae6f38>
[2026-08-27 12:21:40 PP0 ATTN_CP0 TP0 EP0] [PP-OUTPUT-DEBUG] commit end: pp_rank=0 tp_rank=0 cp_rank=0 next_first_mb=1 next_mb=0 received_output=True d2h_event=<torch_npu.npu.Event 0xaaab2cae6f38> new_send_work=0
[2026-08-27 12:21:40 PP0 ATTN_CP0 TP0 EP0] [PP-OUTPUT-DEBUG] d2h sync begin: pp_rank=0 tp_rank=0 cp_rank=0 mb_id=1 next_mb_id=0 event=<torch_npu.npu.Event 0xaaab2cae6f38>
[2026-08-27 12:21:40 PP0 ATTN_CP7 TP7 EP7] [PP-OUTPUT-DEBUG] recv returned: pp_rank=0 tp_rank=0 cp_rank=7 next_mb=0 keys=['__msg_type__', 'next_token_ids']
[2026-08-27 12:21:40 PP0 ATTN_CP7 TP7 EP7] [PP-OUTPUT-DEBUG] prep begin on copy stream: pp_rank=0 tp_rank=0 cp_rank=7 next_mb=0
[2026-08-27 12:21:40 PP0 ATTN_CP7 TP7 EP7] [PP-OUTPUT-DEBUG] prep queued and event recorded: pp_rank=0 tp_rank=0 cp_rank=7 next_mb=0 event=<torch_npu.npu.Event 0xaaab4a742ef8>
[2026-08-27 12:21:40 PP0 ATTN_CP7 TP7 EP7] [PP-OUTPUT-DEBUG] commit end: pp_rank=0 tp_rank=0 cp_rank=7 next_first_mb=1 next_mb=0 received_output=True d2h_event=<torch_npu.npu.Event 0xaaab4a742ef8> new_send_work=0
[2026-08-27 12:21:40 PP0 ATTN_CP7 TP7 EP7] [PP-OUTPUT-DEBUG] d2h sync begin: pp_rank=0 tp_rank=0 cp_rank=7 mb_id=1 next_mb_id=0 event=<torch_npu.npu.Event 0xaaab4a742ef8>
[2026-08-27 12:21:40 PP0 ATTN_CP1 TP1 EP1] [PP-OUTPUT-DEBUG] recv returned: pp_rank=0 tp_rank=0 cp_rank=1 next_mb=0 keys=['__msg_type__', 'next_token_ids']
[2026-08-27 12:21:40 PP0 ATTN_CP1 TP1 EP1] [PP-OUTPUT-DEBUG] prep begin on copy stream: pp_rank=0 tp_rank=0 cp_rank=1 next_mb=0
[2026-08-27 12:21:40 PP0 ATTN_CP1 TP1 EP1] [PP-OUTPUT-DEBUG] prep queued and event recorded: pp_rank=0 tp_rank=0 cp_rank=1 next_mb=0 event=<torch_npu.npu.Event 0xaaab37fec798>
[2026-08-27 12:21:40 PP0 ATTN_CP1 TP1 EP1] [PP-OUTPUT-DEBUG] commit end: pp_rank=0 tp_rank=0 cp_rank=1 next_first_mb=1 next_mb=0 received_output=True d2h_event=<torch_npu.npu.Event 0xaaab37fec798> new_send_work=0
[2026-08-27 12:21:40 PP0 ATTN_CP1 TP1 EP1] [PP-OUTPUT-DEBUG] d2h sync begin: pp_rank=0 tp_rank=0 cp_rank=1 mb_id=1 next_mb_id=0 event=<torch_npu.npu.Event 0xaaab37fec798>
[2026-08-27 12:21:40] INFO:     141.61.94.103:58274 - "POST /generate HTTP/1.1" 200 OK
[2026-08-27 12:21:40 PP0 ATTN_CP5 TP5 EP5] [PP-OUTPUT-DEBUG] d2h sync end: pp_rank=0 tp_rank=0 cp_rank=5 mb_id=1 next_mb_id=0
[2026-08-27 12:21:40 PP0 ATTN_CP2 TP2 EP2] [PP-OUTPUT-DEBUG] d2h sync end: pp_rank=0 tp_rank=0 cp_rank=2 mb_id=1 next_mb_id=0
[2026-08-27 12:21:40 PP0 ATTN_CP4 TP4 EP4] [PP-OUTPUT-DEBUG] d2h sync end: pp_rank=0 tp_rank=0 cp_rank=4 mb_id=1 next_mb_id=0
[2026-08-27 12:21:40 PP0 ATTN_CP3 TP3 EP3] [PP-OUTPUT-DEBUG] d2h sync end: pp_rank=0 tp_rank=0 cp_rank=3 mb_id=1 next_mb_id=0
[2026-08-27 12:21:40 PP0 ATTN_CP7 TP7 EP7] [PP-OUTPUT-DEBUG] d2h sync end: pp_rank=0 tp_rank=0 cp_rank=7 mb_id=1 next_mb_id=0
[2026-08-27 12:21:40 PP0 ATTN_CP1 TP1 EP1] [PP-OUTPUT-DEBUG] d2h sync end: pp_rank=0 tp_rank=0 cp_rank=1 mb_id=1 next_mb_id=0
[2026-08-27 12:21:40 PP0 ATTN_CP0 TP0 EP0] [PP-OUTPUT-DEBUG] d2h sync end: pp_rank=0 tp_rank=0 cp_rank=0 mb_id=1 next_mb_id=0
[2026-08-27 12:21:40 PP0 ATTN_CP6 TP6 EP6] [PP-OUTPUT-DEBUG] d2h sync end: pp_rank=0 tp_rank=0 cp_rank=6 mb_id=1 next_mb_id=0
[2026-08-27 12:21:40 PP0 ATTN_CP3 TP3 EP3] Prefill batch, #new-seq: 1, #new-token: 16384, #cached-token: 0, token usage: 0.10, #running-req: 0, #queue-req: 2, #pending-token: 129407, npu graph: False, input throughput (token/s): 271.77
[2026-08-27 12:21:40 PP0 ATTN_CP5 TP5 EP5] Prefill batch, #new-seq: 1, #new-token: 16384, #cached-token: 0, token usage: 0.10, #running-req: 0, #queue-req: 2, #pending-token: 129407, npu graph: False, input throughput (token/s): 270.96
[2026-08-27 12:21:40 PP0 ATTN_CP2 TP2 EP2] Prefill batch, #new-seq: 1, #new-token: 16384, #cached-token: 0, token usage: 0.10, #running-req: 0, #queue-req: 2, #pending-token: 129407, npu graph: False, input throughput (token/s): 271.00
[2026-08-27 12:21:40 PP0 ATTN_CP4 TP4 EP4] Prefill batch, #new-seq: 1, #new-token: 16384, #cached-token: 0, token usage: 0.10, #running-req: 0, #queue-req: 2, #pending-token: 129407, npu graph: False, input throughput (token/s): 272.32
[2026-08-27 12:21:40 PP0 ATTN_CP7 TP7 EP7] Prefill batch, #new-seq: 1, #new-token: 16384, #cached-token: 0, token usage: 0.10, #running-req: 0, #queue-req: 2, #pending-token: 129407, npu graph: False, input throughput (token/s): 272.25
[2026-08-27 12:21:40 PP0 ATTN_CP6 TP6 EP6] Prefill batch, #new-seq: 1, #new-token: 16384, #cached-token: 0, token usage: 0.10, #running-req: 0, #queue-req: 2, #pending-token: 129407, npu graph: False, input throughput (token/s): 275.27
[2026-08-27 12:21:40 PP0 ATTN_CP0 TP0 EP0] Prefill batch, #new-seq: 1, #new-token: 16384, #cached-token: 0, token usage: 0.10, #running-req: 0, #queue-req: 2, #pending-token: 129407, npu graph: False, input throughput (token/s): 268.77
[2026-08-27 12:21:40 PP0 ATTN_CP1 TP1 EP1] Prefill batch, #new-seq: 1, #new-token: 16384, #cached-token: 0, token usage: 0.10, #running-req: 0, #queue-req: 2, #pending-token: 129407, npu graph: False, input throughput (token/s): 269.50
[2026-08-27 12:21:40 PP0 ATTN_CP3 TP3 EP3] [PP-OUTPUT-DEBUG] commit begin: pp_rank=0 tp_rank=0 cp_rank=3 next_first_mb=0 next_mb=1 pending_send_work=0 has_pp_outputs=True
[2026-08-27 12:21:40 PP0 ATTN_CP3 TP3 EP3] [PP-OUTPUT-DEBUG] previous send committed: pp_rank=0 tp_rank=0 cp_rank=3 next_first_mb=0 next_mb=1
[2026-08-27 12:21:40 PP0 ATTN_CP3 TP3 EP3] [PP-OUTPUT-DEBUG] send/recv plan: pp_rank=0 tp_rank=0 cp_rank=3 next_first_mb=0 next_mb=1 send_first=True is_last=False has_forward_output=True send_target_exists=True recv_target_exists=True last_queue_len=0
[2026-08-27 12:21:40 PP0 ATTN_CP3 TP3 EP3] [PP-OUTPUT-DEBUG] send begin: role=forward-old-output pp_rank=0 tp_rank=0 cp_rank=3 target_mb=0 keys=['__msg_type__', 'next_token_ids']
[2026-08-27 12:21:40 PP0 ATTN_CP0 TP0 EP0] [PP-OUTPUT-DEBUG] commit begin: pp_rank=0 tp_rank=0 cp_rank=0 next_first_mb=0 next_mb=1 pending_send_work=0 has_pp_outputs=True
[2026-08-27 12:21:40 PP0 ATTN_CP0 TP0 EP0] [PP-OUTPUT-DEBUG] previous send committed: pp_rank=0 tp_rank=0 cp_rank=0 next_first_mb=0 next_mb=1
[2026-08-27 12:21:40 PP0 ATTN_CP0 TP0 EP0] [PP-OUTPUT-DEBUG] send/recv plan: pp_rank=0 tp_rank=0 cp_rank=0 next_first_mb=0 next_mb=1 send_first=True is_last=False has_forward_output=True send_target_exists=True recv_target_exists=True last_queue_len=0
[2026-08-27 12:21:40 PP0 ATTN_CP0 TP0 EP0] [PP-OUTPUT-DEBUG] send begin: role=forward-old-output pp_rank=0 tp_rank=0 cp_rank=0 target_mb=0 keys=['__msg_type__', 'next_token_ids']
[2026-08-27 12:21:40 PP0 ATTN_CP3 TP3 EP3] [PP-OUTPUT-DEBUG] send queued: role=forward-old-output pp_rank=0 tp_rank=0 cp_rank=3 target_mb=0 work_count=3
[2026-08-27 12:21:40 PP0 ATTN_CP3 TP3 EP3] [PP-OUTPUT-DEBUG] recv begin: pp_rank=0 tp_rank=0 cp_rank=3 next_mb=1
[2026-08-27 12:21:40 PP0 ATTN_CP0 TP0 EP0] [PP-OUTPUT-DEBUG] send queued: role=forward-old-output pp_rank=0 tp_rank=0 cp_rank=0 target_mb=0 work_count=3
[2026-08-27 12:21:40 PP0 ATTN_CP0 TP0 EP0] [PP-OUTPUT-DEBUG] recv begin: pp_rank=0 tp_rank=0 cp_rank=0 next_mb=1
[2026-08-27 12:21:40 PP0 ATTN_CP7 TP7 EP7] [PP-OUTPUT-DEBUG] commit begin: pp_rank=0 tp_rank=0 cp_rank=7 next_first_mb=0 next_mb=1 pending_send_work=0 has_pp_outputs=True
[2026-08-27 12:21:40 PP0 ATTN_CP7 TP7 EP7] [PP-OUTPUT-DEBUG] previous send committed: pp_rank=0 tp_rank=0 cp_rank=7 next_first_mb=0 next_mb=1
[2026-08-27 12:21:40 PP0 ATTN_CP7 TP7 EP7] [PP-OUTPUT-DEBUG] send/recv plan: pp_rank=0 tp_rank=0 cp_rank=7 next_first_mb=0 next_mb=1 send_first=True is_last=False has_forward_output=True send_target_exists=True recv_target_exists=True last_queue_len=0
[2026-08-27 12:21:40 PP0 ATTN_CP7 TP7 EP7] [PP-OUTPUT-DEBUG] send begin: role=forward-old-output pp_rank=0 tp_rank=0 cp_rank=7 target_mb=0 keys=['__msg_type__', 'next_token_ids']
[2026-08-27 12:21:40 PP0 ATTN_CP7 TP7 EP7] [PP-OUTPUT-DEBUG] send queued: role=forward-old-output pp_rank=0 tp_rank=0 cp_rank=7 target_mb=0 work_count=3
[2026-08-27 12:21:40 PP0 ATTN_CP7 TP7 EP7] [PP-OUTPUT-DEBUG] recv begin: pp_rank=0 tp_rank=0 cp_rank=7 next_mb=1
[2026-08-27 12:21:40 PP0 ATTN_CP3 TP3 EP3] [PP-OUTPUT-DEBUG] recv returned: pp_rank=0 tp_rank=0 cp_rank=3 next_mb=1 keys=['__msg_type__', 'next_token_ids']
[2026-08-27 12:21:40 PP0 ATTN_CP3 TP3 EP3] [PP-OUTPUT-DEBUG] prep begin on copy stream: pp_rank=0 tp_rank=0 cp_rank=3 next_mb=1
[2026-08-27 12:21:40 PP0 ATTN_CP0 TP0 EP0] [PP-OUTPUT-DEBUG] recv returned: pp_rank=0 tp_rank=0 cp_rank=0 next_mb=1 keys=['__msg_type__', 'next_token_ids']
[2026-08-27 12:21:40 PP0 ATTN_CP0 TP0 EP0] [PP-OUTPUT-DEBUG] prep begin on copy stream: pp_rank=0 tp_rank=0 cp_rank=0 next_mb=1
[2026-08-27 12:21:40 PP0 ATTN_CP3 TP3 EP3] [PP-OUTPUT-DEBUG] prep queued and event recorded: pp_rank=0 tp_rank=0 cp_rank=3 next_mb=1 event=<torch_npu.npu.Event 0xaaab42d24118>
[2026-08-27 12:21:40 PP0 ATTN_CP3 TP3 EP3] [PP-OUTPUT-DEBUG] commit end: pp_rank=0 tp_rank=0 cp_rank=3 next_first_mb=0 next_mb=1 received_output=True d2h_event=<torch_npu.npu.Event 0xaaab42d24118> new_send_work=3
[2026-08-27 12:21:40 PP0 ATTN_CP3 TP3 EP3] [PP-OUTPUT-DEBUG] d2h sync begin: pp_rank=0 tp_rank=0 cp_rank=3 mb_id=0 next_mb_id=1 event=<torch_npu.npu.Event 0xaaab42d24118>
[2026-08-27 12:21:40 PP0 ATTN_CP0 TP0 EP0] [PP-OUTPUT-DEBUG] prep queued and event recorded: pp_rank=0 tp_rank=0 cp_rank=0 next_mb=1 event=<torch_npu.npu.Event 0xaaab28350ee8>
[2026-08-27 12:21:40 PP0 ATTN_CP0 TP0 EP0] [PP-OUTPUT-DEBUG] commit end: pp_rank=0 tp_rank=0 cp_rank=0 next_first_mb=0 next_mb=1 received_output=True d2h_event=<torch_npu.npu.Event 0xaaab28350ee8> new_send_work=3
[2026-08-27 12:21:40 PP0 ATTN_CP0 TP0 EP0] [PP-OUTPUT-DEBUG] d2h sync begin: pp_rank=0 tp_rank=0 cp_rank=0 mb_id=0 next_mb_id=1 event=<torch_npu.npu.Event 0xaaab28350ee8>
[2026-08-27 12:21:40 PP0 ATTN_CP5 TP5 EP5] [PP-OUTPUT-DEBUG] commit begin: pp_rank=0 tp_rank=0 cp_rank=5 next_first_mb=0 next_mb=1 pending_send_work=0 has_pp_outputs=True
[2026-08-27 12:21:40 PP0 ATTN_CP5 TP5 EP5] [PP-OUTPUT-DEBUG] previous send committed: pp_rank=0 tp_rank=0 cp_rank=5 next_first_mb=0 next_mb=1
[2026-08-27 12:21:40 PP0 ATTN_CP5 TP5 EP5] [PP-OUTPUT-DEBUG] send/recv plan: pp_rank=0 tp_rank=0 cp_rank=5 next_first_mb=0 next_mb=1 send_first=True is_last=False has_forward_output=True send_target_exists=True recv_target_exists=True last_queue_len=0
[2026-08-27 12:21:40 PP0 ATTN_CP5 TP5 EP5] [PP-OUTPUT-DEBUG] send begin: role=forward-old-output pp_rank=0 tp_rank=0 cp_rank=5 target_mb=0 keys=['__msg_type__', 'next_token_ids']
[2026-08-27 12:21:40 PP0 ATTN_CP5 TP5 EP5] [PP-OUTPUT-DEBUG] send queued: role=forward-old-output pp_rank=0 tp_rank=0 cp_rank=5 target_mb=0 work_count=3
[2026-08-27 12:21:40 PP0 ATTN_CP5 TP5 EP5] [PP-OUTPUT-DEBUG] recv begin: pp_rank=0 tp_rank=0 cp_rank=5 next_mb=1
[2026-08-27 12:21:40 PP0 ATTN_CP7 TP7 EP7] [PP-OUTPUT-DEBUG] recv returned: pp_rank=0 tp_rank=0 cp_rank=7 next_mb=1 keys=['__msg_type__', 'next_token_ids']
[2026-08-27 12:21:40 PP0 ATTN_CP7 TP7 EP7] [PP-OUTPUT-DEBUG] prep begin on copy stream: pp_rank=0 tp_rank=0 cp_rank=7 next_mb=1
[2026-08-27 12:21:40 PP0 ATTN_CP7 TP7 EP7] [PP-OUTPUT-DEBUG] prep queued and event recorded: pp_rank=0 tp_rank=0 cp_rank=7 next_mb=1 event=<torch_npu.npu.Event 0xaaab4a7431b8>
[2026-08-27 12:21:40 PP0 ATTN_CP7 TP7 EP7] [PP-OUTPUT-DEBUG] commit end: pp_rank=0 tp_rank=0 cp_rank=7 next_first_mb=0 next_mb=1 received_output=True d2h_event=<torch_npu.npu.Event 0xaaab4a7431b8> new_send_work=3
[2026-08-27 12:21:40 PP0 ATTN_CP7 TP7 EP7] [PP-OUTPUT-DEBUG] d2h sync begin: pp_rank=0 tp_rank=0 cp_rank=7 mb_id=0 next_mb_id=1 event=<torch_npu.npu.Event 0xaaab4a7431b8>
[2026-08-27 12:21:40 PP0 ATTN_CP5 TP5 EP5] [PP-OUTPUT-DEBUG] recv returned: pp_rank=0 tp_rank=0 cp_rank=5 next_mb=1 keys=['__msg_type__', 'next_token_ids']
[2026-08-27 12:21:40 PP0 ATTN_CP5 TP5 EP5] [PP-OUTPUT-DEBUG] prep begin on copy stream: pp_rank=0 tp_rank=0 cp_rank=5 next_mb=1
[2026-08-27 12:21:40 PP0 ATTN_CP5 TP5 EP5] [PP-OUTPUT-DEBUG] prep queued and event recorded: pp_rank=0 tp_rank=0 cp_rank=5 next_mb=1 event=<torch_npu.npu.Event 0xaaab4ef9ad78>
[2026-08-27 12:21:40 PP0 ATTN_CP5 TP5 EP5] [PP-OUTPUT-DEBUG] commit end: pp_rank=0 tp_rank=0 cp_rank=5 next_first_mb=0 next_mb=1 received_output=True d2h_event=<torch_npu.npu.Event 0xaaab4ef9ad78> new_send_work=3
[2026-08-27 12:21:40 PP0 ATTN_CP5 TP5 EP5] [PP-OUTPUT-DEBUG] d2h sync begin: pp_rank=0 tp_rank=0 cp_rank=5 mb_id=0 next_mb_id=1 event=<torch_npu.npu.Event 0xaaab4ef9ad78>
[2026-08-27 12:21:40] INFO:     141.61.94.103:58288 - "POST /generate HTTP/1.1" 200 OK
[2026-08-27 12:21:40 PP0 ATTN_CP1 TP1 EP1] [PP-OUTPUT-DEBUG] commit begin: pp_rank=0 tp_rank=0 cp_rank=1 next_first_mb=0 next_mb=1 pending_send_work=0 has_pp_outputs=True
[2026-08-27 12:21:40 PP0 ATTN_CP1 TP1 EP1] [PP-OUTPUT-DEBUG] previous send committed: pp_rank=0 tp_rank=0 cp_rank=1 next_first_mb=0 next_mb=1
[2026-08-27 12:21:40 PP0 ATTN_CP1 TP1 EP1] [PP-OUTPUT-DEBUG] send/recv plan: pp_rank=0 tp_rank=0 cp_rank=1 next_first_mb=0 next_mb=1 send_first=True is_last=False has_forward_output=True send_target_exists=True recv_target_exists=True last_queue_len=0
[2026-08-27 12:21:40 PP0 ATTN_CP1 TP1 EP1] [PP-OUTPUT-DEBUG] send begin: role=forward-old-output pp_rank=0 tp_rank=0 cp_rank=1 target_mb=0 keys=['__msg_type__', 'next_token_ids']
[2026-08-27 12:21:40 PP0 ATTN_CP1 TP1 EP1] [PP-OUTPUT-DEBUG] send queued: role=forward-old-output pp_rank=0 tp_rank=0 cp_rank=1 target_mb=0 work_count=3
[2026-08-27 12:21:40 PP0 ATTN_CP1 TP1 EP1] [PP-OUTPUT-DEBUG] recv begin: pp_rank=0 tp_rank=0 cp_rank=1 next_mb=1
[2026-08-27 12:21:40 PP0 ATTN_CP6 TP6 EP6] [PP-OUTPUT-DEBUG] commit begin: pp_rank=0 tp_rank=0 cp_rank=6 next_first_mb=0 next_mb=1 pending_send_work=0 has_pp_outputs=True
[2026-08-27 12:21:40 PP0 ATTN_CP6 TP6 EP6] [PP-OUTPUT-DEBUG] previous send committed: pp_rank=0 tp_rank=0 cp_rank=6 next_first_mb=0 next_mb=1
[2026-08-27 12:21:40 PP0 ATTN_CP6 TP6 EP6] [PP-OUTPUT-DEBUG] send/recv plan: pp_rank=0 tp_rank=0 cp_rank=6 next_first_mb=0 next_mb=1 send_first=True is_last=False has_forward_output=True send_target_exists=True recv_target_exists=True last_queue_len=0
[2026-08-27 12:21:40 PP0 ATTN_CP6 TP6 EP6] [PP-OUTPUT-DEBUG] send begin: role=forward-old-output pp_rank=0 tp_rank=0 cp_rank=6 target_mb=0 keys=['__msg_type__', 'next_token_ids']
[2026-08-27 12:21:40 PP0 ATTN_CP6 TP6 EP6] [PP-OUTPUT-DEBUG] send queued: role=forward-old-output pp_rank=0 tp_rank=0 cp_rank=6 target_mb=0 work_count=3
[2026-08-27 12:21:40 PP0 ATTN_CP6 TP6 EP6] [PP-OUTPUT-DEBUG] recv begin: pp_rank=0 tp_rank=0 cp_rank=6 next_mb=1
[2026-08-27 12:21:40 PP0 ATTN_CP6 TP6 EP6] [PP-OUTPUT-DEBUG] recv returned: pp_rank=0 tp_rank=0 cp_rank=6 next_mb=1 keys=['__msg_type__', 'next_token_ids']
[2026-08-27 12:21:40 PP0 ATTN_CP6 TP6 EP6] [PP-OUTPUT-DEBUG] prep begin on copy stream: pp_rank=0 tp_rank=0 cp_rank=6 next_mb=1
[2026-08-27 12:21:40 PP0 ATTN_CP6 TP6 EP6] [PP-OUTPUT-DEBUG] prep queued and event recorded: pp_rank=0 tp_rank=0 cp_rank=6 next_mb=1 event=<torch_npu.npu.Event 0xaaab2dc811b8>
[2026-08-27 12:21:40 PP0 ATTN_CP6 TP6 EP6] [PP-OUTPUT-DEBUG] commit end: pp_rank=0 tp_rank=0 cp_rank=6 next_first_mb=0 next_mb=1 received_output=True d2h_event=<torch_npu.npu.Event 0xaaab2dc811b8> new_send_work=3
[2026-08-27 12:21:40 PP0 ATTN_CP6 TP6 EP6] [PP-OUTPUT-DEBUG] d2h sync begin: pp_rank=0 tp_rank=0 cp_rank=6 mb_id=0 next_mb_id=1 event=<torch_npu.npu.Event 0xaaab2dc811b8>
[2026-08-27 12:21:40 PP0 ATTN_CP2 TP2 EP2] [PP-OUTPUT-DEBUG] commit begin: pp_rank=0 tp_rank=0 cp_rank=2 next_first_mb=0 next_mb=1 pending_send_work=0 has_pp_outputs=True
[2026-08-27 12:21:40 PP0 ATTN_CP2 TP2 EP2] [PP-OUTPUT-DEBUG] previous send committed: pp_rank=0 tp_rank=0 cp_rank=2 next_first_mb=0 next_mb=1
[2026-08-27 12:21:40 PP0 ATTN_CP2 TP2 EP2] [PP-OUTPUT-DEBUG] send/recv plan: pp_rank=0 tp_rank=0 cp_rank=2 next_first_mb=0 next_mb=1 send_first=True is_last=False has_forward_output=True send_target_exists=True recv_target_exists=True last_queue_len=0
[2026-08-27 12:21:40 PP0 ATTN_CP2 TP2 EP2] [PP-OUTPUT-DEBUG] send begin: role=forward-old-output pp_rank=0 tp_rank=0 cp_rank=2 target_mb=0 keys=['__msg_type__', 'next_token_ids']
[2026-08-27 12:21:40 PP0 ATTN_CP2 TP2 EP2] [PP-OUTPUT-DEBUG] send queued: role=forward-old-output pp_rank=0 tp_rank=0 cp_rank=2 target_mb=0 work_count=3
[2026-08-27 12:21:40 PP0 ATTN_CP2 TP2 EP2] [PP-OUTPUT-DEBUG] recv begin: pp_rank=0 tp_rank=0 cp_rank=2 next_mb=1
[2026-08-27 12:21:40 PP0 ATTN_CP2 TP2 EP2] [PP-OUTPUT-DEBUG] recv returned: pp_rank=0 tp_rank=0 cp_rank=2 next_mb=1 keys=['__msg_type__', 'next_token_ids']
[2026-08-27 12:21:40 PP0 ATTN_CP2 TP2 EP2] [PP-OUTPUT-DEBUG] prep begin on copy stream: pp_rank=0 tp_rank=0 cp_rank=2 next_mb=1
[2026-08-27 12:21:40 PP0 ATTN_CP2 TP2 EP2] [PP-OUTPUT-DEBUG] prep queued and event recorded: pp_rank=0 tp_rank=0 cp_rank=2 next_mb=1 event=<torch_npu.npu.Event 0xaaaafdc9cb88>
[2026-08-27 12:21:40 PP0 ATTN_CP2 TP2 EP2] [PP-OUTPUT-DEBUG] commit end: pp_rank=0 tp_rank=0 cp_rank=2 next_first_mb=0 next_mb=1 received_output=True d2h_event=<torch_npu.npu.Event 0xaaaafdc9cb88> new_send_work=3
[2026-08-27 12:21:40 PP0 ATTN_CP2 TP2 EP2] [PP-OUTPUT-DEBUG] d2h sync begin: pp_rank=0 tp_rank=0 cp_rank=2 mb_id=0 next_mb_id=1 event=<torch_npu.npu.Event 0xaaaafdc9cb88>
[2026-08-27 12:21:40 PP0 ATTN_CP4 TP4 EP4] [PP-OUTPUT-DEBUG] commit begin: pp_rank=0 tp_rank=0 cp_rank=4 next_first_mb=0 next_mb=1 pending_send_work=0 has_pp_outputs=True
[2026-08-27 12:21:40 PP0 ATTN_CP4 TP4 EP4] [PP-OUTPUT-DEBUG] previous send committed: pp_rank=0 tp_rank=0 cp_rank=4 next_first_mb=0 next_mb=1
[2026-08-27 12:21:40 PP0 ATTN_CP4 TP4 EP4] [PP-OUTPUT-DEBUG] send/recv plan: pp_rank=0 tp_rank=0 cp_rank=4 next_first_mb=0 next_mb=1 send_first=True is_last=False has_forward_output=True send_target_exists=True recv_target_exists=True last_queue_len=0
[2026-08-27 12:21:40 PP0 ATTN_CP4 TP4 EP4] [PP-OUTPUT-DEBUG] send begin: role=forward-old-output pp_rank=0 tp_rank=0 cp_rank=4 target_mb=0 keys=['__msg_type__', 'next_token_ids']
[2026-08-27 12:21:40 PP0 ATTN_CP4 TP4 EP4] [PP-OUTPUT-DEBUG] send queued: role=forward-old-output pp_rank=0 tp_rank=0 cp_rank=4 target_mb=0 work_count=3
[2026-08-27 12:21:40 PP0 ATTN_CP4 TP4 EP4] [PP-OUTPUT-DEBUG] recv begin: pp_rank=0 tp_rank=0 cp_rank=4 next_mb=1
[2026-08-27 12:21:40 PP0 ATTN_CP4 TP4 EP4] [PP-OUTPUT-DEBUG] recv returned: pp_rank=0 tp_rank=0 cp_rank=4 next_mb=1 keys=['__msg_type__', 'next_token_ids']
[2026-08-27 12:21:40 PP0 ATTN_CP4 TP4 EP4] [PP-OUTPUT-DEBUG] prep begin on copy stream: pp_rank=0 tp_rank=0 cp_rank=4 next_mb=1
[2026-08-27 12:21:40 PP0 ATTN_CP4 TP4 EP4] [PP-OUTPUT-DEBUG] prep queued and event recorded: pp_rank=0 tp_rank=0 cp_rank=4 next_mb=1 event=<torch_npu.npu.Event 0xaaab442b9a08>
[2026-08-27 12:21:40 PP0 ATTN_CP4 TP4 EP4] [PP-OUTPUT-DEBUG] commit end: pp_rank=0 tp_rank=0 cp_rank=4 next_first_mb=0 next_mb=1 received_output=True d2h_event=<torch_npu.npu.Event 0xaaab442b9a08> new_send_work=3
[2026-08-27 12:21:40 PP0 ATTN_CP4 TP4 EP4] [PP-OUTPUT-DEBUG] d2h sync begin: pp_rank=0 tp_rank=0 cp_rank=4 mb_id=0 next_mb_id=1 event=<torch_npu.npu.Event 0xaaab442b9a08>
[2026-08-27 12:21:40 PP0 ATTN_CP1 TP1 EP1] [PP-OUTPUT-DEBUG] recv returned: pp_rank=0 tp_rank=0 cp_rank=1 next_mb=1 keys=['__msg_type__', 'next_token_ids']
[2026-08-27 12:21:40 PP0 ATTN_CP1 TP1 EP1] [PP-OUTPUT-DEBUG] prep begin on copy stream: pp_rank=0 tp_rank=0 cp_rank=1 next_mb=1
[2026-08-27 12:21:40 PP0 ATTN_CP1 TP1 EP1] [PP-OUTPUT-DEBUG] prep queued and event recorded: pp_rank=0 tp_rank=0 cp_rank=1 next_mb=1 event=<torch_npu.npu.Event 0xaaab37feca58>
[2026-08-27 12:21:40 PP0 ATTN_CP1 TP1 EP1] [PP-OUTPUT-DEBUG] commit end: pp_rank=0 tp_rank=0 cp_rank=1 next_first_mb=0 next_mb=1 received_output=True d2h_event=<torch_npu.npu.Event 0xaaab37feca58> new_send_work=3
[2026-08-27 12:21:40 PP0 ATTN_CP1 TP1 EP1] [PP-OUTPUT-DEBUG] d2h sync begin: pp_rank=0 tp_rank=0 cp_rank=1 mb_id=0 next_mb_id=1 event=<torch_npu.npu.Event 0xaaab37feca58>
[2026-08-27 12:21:41] INFO:     141.61.94.103:58292 - "POST /generate HTTP/1.1" 200 OK
[2026-08-27 12:21:41] INFO:     141.61.94.103:58300 - "POST /generate HTTP/1.1" 200 OK
[2026-08-27 12:21:42] INFO:     141.61.94.103:58308 - "POST /generate HTTP/1.1" 200 OK
[2026-08-27 12:21:42] INFO:     141.61.94.103:58314 - "POST /generate HTTP/1.1" 200 OK
[2026-08-27 12:21:42] INFO:     141.61.94.103:58330 - "POST /generate HTTP/1.1" 200 OK
[2026-08-27 12:21:43] INFO:     141.61.94.103:58346 - "POST /generate HTTP/1.1" 200 OK
[2026-08-27 12:21:43] INFO:     141.61.94.103:58354 - "POST /generate HTTP/1.1" 200 OK
[2026-08-27 12:21:44] INFO:     141.61.94.103:58358 - "POST /generate HTTP/1.1" 200 OK
[2026-08-27 12:21:44] INFO:     141.61.94.103:58368 - "POST /generate HTTP/1.1" 200 OK
[2026-08-27 12:21:45] INFO:     141.61.94.103:58378 - "POST /generate HTTP/1.1" 200 OK
[2026-08-27 12:21:45] INFO:     141.61.94.103:58382 - "POST /generate HTTP/1.1" 200 OK
[2026-08-27 12:21:45] INFO:     141.61.94.103:58386 - "POST /generate HTTP/1.1" 200 OK
[2026-08-27 12:21:46] INFO:     141.61.94.103:58400 - "POST /generate HTTP/1.1" 200 OK
[2026-08-27 12:21:46] INFO:     141.61.94.103:58408 - "POST /generate HTTP/1.1" 200 OK

